Archive member included to satisfy reference by file (symbol)

c:/siliconlabs/simplicitystudio/v5/developer/toolchains/gnu_arm/10.2_2020q4/bin/../lib/gcc/arm-none-eabi/10.2.1/thumb/v7e-m+fp/softfp\libgcc.a(_aeabi_ldivmod.o)
                              ./gecko_sdk_4.0.0/platform/emlib/src/em_usart.o (__aeabi_ldivmod)
c:/siliconlabs/simplicitystudio/v5/developer/toolchains/gnu_arm/10.2_2020q4/bin/../lib/gcc/arm-none-eabi/10.2.1/thumb/v7e-m+fp/softfp\libgcc.a(_aeabi_uldivmod.o)
                              ./gecko_sdk_4.0.0/platform/emlib/src/em_usart.o (__aeabi_uldivmod)
c:/siliconlabs/simplicitystudio/v5/developer/toolchains/gnu_arm/10.2_2020q4/bin/../lib/gcc/arm-none-eabi/10.2.1/thumb/v7e-m+fp/softfp\libgcc.a(_udivmoddi4.o)
                              c:/siliconlabs/simplicitystudio/v5/developer/toolchains/gnu_arm/10.2_2020q4/bin/../lib/gcc/arm-none-eabi/10.2.1/thumb/v7e-m+fp/softfp\libgcc.a(_aeabi_ldivmod.o) (__udivmoddi4)
c:/siliconlabs/simplicitystudio/v5/developer/toolchains/gnu_arm/10.2_2020q4/bin/../lib/gcc/arm-none-eabi/10.2.1/thumb/v7e-m+fp/softfp\libgcc.a(_dvmd_tls.o)
                              c:/siliconlabs/simplicitystudio/v5/developer/toolchains/gnu_arm/10.2_2020q4/bin/../lib/gcc/arm-none-eabi/10.2.1/thumb/v7e-m+fp/softfp\libgcc.a(_aeabi_ldivmod.o) (__aeabi_ldiv0)
c:/siliconlabs/simplicitystudio/v5/developer/toolchains/gnu_arm/10.2_2020q4/bin/../lib/gcc/arm-none-eabi/10.2.1/../../../../arm-none-eabi/lib/thumb/v7e-m+fp/softfp\libc_nano.a(lib_a-exit.o)
                              c:/siliconlabs/simplicitystudio/v5/developer/toolchains/gnu_arm/10.2_2020q4/bin/../lib/gcc/arm-none-eabi/10.2.1/../../../../arm-none-eabi/lib/thumb/v7e-m+fp/softfp/crt0.o (exit)
c:/siliconlabs/simplicitystudio/v5/developer/toolchains/gnu_arm/10.2_2020q4/bin/../lib/gcc/arm-none-eabi/10.2.1/../../../../arm-none-eabi/lib/thumb/v7e-m+fp/softfp\libc_nano.a(lib_a-impure.o)
                              c:/siliconlabs/simplicitystudio/v5/developer/toolchains/gnu_arm/10.2_2020q4/bin/../lib/gcc/arm-none-eabi/10.2.1/../../../../arm-none-eabi/lib/thumb/v7e-m+fp/softfp\libc_nano.a(lib_a-exit.o) (_global_impure_ptr)
c:/siliconlabs/simplicitystudio/v5/developer/toolchains/gnu_arm/10.2_2020q4/bin/../lib/gcc/arm-none-eabi/10.2.1/../../../../arm-none-eabi/lib/thumb/v7e-m+fp/softfp\libc_nano.a(lib_a-init.o)
                              c:/siliconlabs/simplicitystudio/v5/developer/toolchains/gnu_arm/10.2_2020q4/bin/../lib/gcc/arm-none-eabi/10.2.1/../../../../arm-none-eabi/lib/thumb/v7e-m+fp/softfp/crt0.o (__libc_init_array)
c:/siliconlabs/simplicitystudio/v5/developer/toolchains/gnu_arm/10.2_2020q4/bin/../lib/gcc/arm-none-eabi/10.2.1/../../../../arm-none-eabi/lib/thumb/v7e-m+fp/softfp\libc_nano.a(lib_a-memset.o)
                              c:/siliconlabs/simplicitystudio/v5/developer/toolchains/gnu_arm/10.2_2020q4/bin/../lib/gcc/arm-none-eabi/10.2.1/../../../../arm-none-eabi/lib/thumb/v7e-m+fp/softfp/crt0.o (memset)
c:/siliconlabs/simplicitystudio/v5/developer/toolchains/gnu_arm/10.2_2020q4/bin/../lib/gcc/arm-none-eabi/10.2.1/../../../../arm-none-eabi/lib/thumb/v7e-m+fp/softfp\libnosys.a(_exit.o)
                              c:/siliconlabs/simplicitystudio/v5/developer/toolchains/gnu_arm/10.2_2020q4/bin/../lib/gcc/arm-none-eabi/10.2.1/../../../../arm-none-eabi/lib/thumb/v7e-m+fp/softfp\libc_nano.a(lib_a-exit.o) (_exit)

Discarded input sections

 .text          0x00000000        0x0 c:/siliconlabs/simplicitystudio/v5/developer/toolchains/gnu_arm/10.2_2020q4/bin/../lib/gcc/arm-none-eabi/10.2.1/thumb/v7e-m+fp/softfp/crti.o
 .data          0x00000000        0x0 c:/siliconlabs/simplicitystudio/v5/developer/toolchains/gnu_arm/10.2_2020q4/bin/../lib/gcc/arm-none-eabi/10.2.1/thumb/v7e-m+fp/softfp/crti.o
 .bss           0x00000000        0x0 c:/siliconlabs/simplicitystudio/v5/developer/toolchains/gnu_arm/10.2_2020q4/bin/../lib/gcc/arm-none-eabi/10.2.1/thumb/v7e-m+fp/softfp/crti.o
 .data          0x00000000        0x4 c:/siliconlabs/simplicitystudio/v5/developer/toolchains/gnu_arm/10.2_2020q4/bin/../lib/gcc/arm-none-eabi/10.2.1/thumb/v7e-m+fp/softfp/crtbegin.o
 .rodata        0x00000000       0x24 c:/siliconlabs/simplicitystudio/v5/developer/toolchains/gnu_arm/10.2_2020q4/bin/../lib/gcc/arm-none-eabi/10.2.1/thumb/v7e-m+fp/softfp/crtbegin.o
 .data          0x00000000        0x0 c:/siliconlabs/simplicitystudio/v5/developer/toolchains/gnu_arm/10.2_2020q4/bin/../lib/gcc/arm-none-eabi/10.2.1/../../../../arm-none-eabi/lib/thumb/v7e-m+fp/softfp/crt0.o
 .bss           0x00000000        0x0 c:/siliconlabs/simplicitystudio/v5/developer/toolchains/gnu_arm/10.2_2020q4/bin/../lib/gcc/arm-none-eabi/10.2.1/../../../../arm-none-eabi/lib/thumb/v7e-m+fp/softfp/crt0.o
 .ARM.extab     0x00000000        0x0 c:/siliconlabs/simplicitystudio/v5/developer/toolchains/gnu_arm/10.2_2020q4/bin/../lib/gcc/arm-none-eabi/10.2.1/../../../../arm-none-eabi/lib/thumb/v7e-m+fp/softfp/crt0.o
 .group         0x00000000        0xc ./app.o
[...]
Memory Configuration

Name             Origin             Length             Attributes
FLASH            0x00000000         0x00040000         xr
RAM              0x20000000         0x00008000         xrw
*default*        0x00000000         0xffffffff

Linker script and memory map

LOAD c:/siliconlabs/simplicitystudio/v5/developer/toolchains/gnu_arm/10.2_2020q4/bin/../lib/gcc/arm-none-eabi/10.2.1/thumb/v7e-m+fp/softfp/crti.o
LOAD c:/siliconlabs/simplicitystudio/v5/developer/toolchains/gnu_arm/10.2_2020q4/bin/../lib/gcc/arm-none-eabi/10.2.1/thumb/v7e-m+fp/softfp/crtbegin.o
LOAD c:/siliconlabs/simplicitystudio/v5/developer/toolchains/gnu_arm/10.2_2020q4/bin/../lib/gcc/arm-none-eabi/10.2.1/../../../../arm-none-eabi/lib/thumb/v7e-m+fp/softfp/crt0.o
START GROUP
LOAD ./app.o
LOAD ./main.o
LOAD ./simple_button_baremetal.o
LOAD ./autogen/sl_board_default_init.o
LOAD ./autogen/sl_device_init_clocks.o
LOAD ./autogen/sl_event_handler.o
LOAD ./autogen/sl_power_manager_handler.o
LOAD ./autogen/sl_simple_button_instances.o
LOAD ./autogen/sl_simple_led_instances.o
LOAD ./gecko_sdk_4.0.0/hardware/board/src/sl_board_control_gpio.o
LOAD ./gecko_sdk_4.0.0/hardware/board/src/sl_board_init.o
LOAD ./gecko_sdk_4.0.0/hardware/driver/mx25_flash_shutdown/src/sl_mx25_flash_shutdown_usart/sl_mx25_flash_shutdown.o
LOAD ./gecko_sdk_4.0.0/platform/Device/SiliconLabs/EFR32FG14P/Source/GCC/startup_efr32fg14p.o
LOAD ./gecko_sdk_4.0.0/platform/Device/SiliconLabs/EFR32FG14P/Source/system_efr32fg14p.o
LOAD ./gecko_sdk_4.0.0/platform/common/src/sl_slist.o
LOAD ./gecko_sdk_4.0.0/platform/common/toolchain/src/sl_memory.o
LOAD ./gecko_sdk_4.0.0/platform/driver/button/src/sl_button.o
LOAD ./gecko_sdk_4.0.0/platform/driver/button/src/sl_simple_button.o
LOAD ./gecko_sdk_4.0.0/platform/driver/leddrv/src/sl_led.o
LOAD ./gecko_sdk_4.0.0/platform/driver/leddrv/src/sl_simple_led.o
LOAD ./gecko_sdk_4.0.0/platform/emdrv/gpiointerrupt/src/gpiointerrupt.o
LOAD ./gecko_sdk_4.0.0/platform/emlib/src/em_assert.o
LOAD ./gecko_sdk_4.0.0/platform/emlib/src/em_cmu.o
LOAD ./gecko_sdk_4.0.0/platform/emlib/src/em_core.o
LOAD ./gecko_sdk_4.0.0/platform/emlib/src/em_emu.o
LOAD ./gecko_sdk_4.0.0/platform/emlib/src/em_gpio.o
LOAD ./gecko_sdk_4.0.0/platform/emlib/src/em_rtcc.o
LOAD ./gecko_sdk_4.0.0/platform/emlib/src/em_system.o
LOAD ./gecko_sdk_4.0.0/platform/emlib/src/em_usart.o
LOAD ./gecko_sdk_4.0.0/platform/service/device_init/src/sl_device_init_dcdc_s1.o
LOAD ./gecko_sdk_4.0.0/platform/service/device_init/src/sl_device_init_emu_s1.o
LOAD ./gecko_sdk_4.0.0/platform/service/device_init/src/sl_device_init_hfxo_s1.o
LOAD ./gecko_sdk_4.0.0/platform/service/device_init/src/sl_device_init_lfxo_s1.o
LOAD ./gecko_sdk_4.0.0/platform/service/device_init/src/sl_device_init_nvic.o
LOAD ./gecko_sdk_4.0.0/platform/service/power_manager/src/sl_power_manager.o
LOAD ./gecko_sdk_4.0.0/platform/service/power_manager/src/sl_power_manager_debug.o
LOAD ./gecko_sdk_4.0.0/platform/service/power_manager/src/sl_power_manager_hal_s0_s1.o
LOAD ./gecko_sdk_4.0.0/platform/service/sleeptimer/src/sl_sleeptimer.o
LOAD ./gecko_sdk_4.0.0/platform/service/sleeptimer/src/sl_sleeptimer_hal_prortc.o
LOAD ./gecko_sdk_4.0.0/platform/service/sleeptimer/src/sl_sleeptimer_hal_rtcc.o
LOAD ./gecko_sdk_4.0.0/platform/service/system/src/sl_system_init.o
LOAD ./gecko_sdk_4.0.0/platform/service/system/src/sl_system_process_action.o
LOAD ./gecko_sdk_4.0.0/platform/service/udelay/src/sl_udelay.o
LOAD ./gecko_sdk_4.0.0/platform/service/udelay/src/sl_udelay_armv6m_gcc.o
LOAD c:/siliconlabs/simplicitystudio/v5/developer/toolchains/gnu_arm/10.2_2020q4/bin/../lib/gcc/arm-none-eabi/10.2.1/thumb/v7e-m+fp/softfp\libgcc.a
LOAD c:/siliconlabs/simplicitystudio/v5/developer/toolchains/gnu_arm/10.2_2020q4/bin/../lib/gcc/arm-none-eabi/10.2.1/../../../../arm-none-eabi/lib/thumb/v7e-m+fp/softfp\libc_nano.a
LOAD c:/siliconlabs/simplicitystudio/v5/developer/toolchains/gnu_arm/10.2_2020q4/bin/../lib/gcc/arm-none-eabi/10.2.1/../../../../arm-none-eabi/lib/thumb/v7e-m+fp/softfp\libm.a
LOAD c:/siliconlabs/simplicitystudio/v5/developer/toolchains/gnu_arm/10.2_2020q4/bin/../lib/gcc/arm-none-eabi/10.2.1/../../../../arm-none-eabi/lib/thumb/v7e-m+fp/softfp\libnosys.a
END GROUP
START GROUP
LOAD c:/siliconlabs/simplicitystudio/v5/developer/toolchains/gnu_arm/10.2_2020q4/bin/../lib/gcc/arm-none-eabi/10.2.1/thumb/v7e-m+fp/softfp\libgcc.a
LOAD c:/siliconlabs/simplicitystudio/v5/developer/toolchains/gnu_arm/10.2_2020q4/bin/../lib/gcc/arm-none-eabi/10.2.1/../../../../arm-none-eabi/lib/thumb/v7e-m+fp/softfp\libc_nano.a
LOAD c:/siliconlabs/simplicitystudio/v5/developer/toolchains/gnu_arm/10.2_2020q4/bin/../lib/gcc/arm-none-eabi/10.2.1/../../../../arm-none-eabi/lib/thumb/v7e-m+fp/softfp\libnosys.a
END GROUP
START GROUP
LOAD c:/siliconlabs/simplicitystudio/v5/developer/toolchains/gnu_arm/10.2_2020q4/bin/../lib/gcc/arm-none-eabi/10.2.1/thumb/v7e-m+fp/softfp\libgcc.a
LOAD c:/siliconlabs/simplicitystudio/v5/developer/toolchains/gnu_arm/10.2_2020q4/bin/../lib/gcc/arm-none-eabi/10.2.1/../../../../arm-none-eabi/lib/thumb/v7e-m+fp/softfp\libg_nano.a
LOAD c:/siliconlabs/simplicitystudio/v5/developer/toolchains/gnu_arm/10.2_2020q4/bin/../lib/gcc/arm-none-eabi/10.2.1/../../../../arm-none-eabi/lib/thumb/v7e-m+fp/softfp\libc_nano.a
END GROUP
START GROUP
LOAD c:/siliconlabs/simplicitystudio/v5/developer/toolchains/gnu_arm/10.2_2020q4/bin/../lib/gcc/arm-none-eabi/10.2.1/thumb/v7e-m+fp/softfp\libgcc.a
LOAD c:/siliconlabs/simplicitystudio/v5/developer/toolchains/gnu_arm/10.2_2020q4/bin/../lib/gcc/arm-none-eabi/10.2.1/../../../../arm-none-eabi/lib/thumb/v7e-m+fp/softfp\libc_nano.a
END GROUP
LOAD c:/siliconlabs/simplicitystudio/v5/developer/toolchains/gnu_arm/10.2_2020q4/bin/../lib/gcc/arm-none-eabi/10.2.1/thumb/v7e-m+fp/softfp/crtend.o
LOAD c:/siliconlabs/simplicitystudio/v5/developer/toolchains/gnu_arm/10.2_2020q4/bin/../lib/gcc/arm-none-eabi/10.2.1/thumb/v7e-m+fp/softfp/crtn.o

.text           0x00000000     0x3c90
                0x00000000                linker_vectors_begin = .
 *(.vectors)
 .vectors       0x00000000       0xe8 ./gecko_sdk_4.0.0/platform/Device/SiliconLabs/EFR32FG14P/Source/GCC/startup_efr32fg14p.o
                0x00000000                __Vectors
                0x000000e8                linker_vectors_end = .
                0x000000e8                __Vectors_End = .
                0x000000e8                __Vectors_Size = (__Vectors_End - __Vectors)
                0x000000e8                linker_code_begin = .
 *(.text*)
 .text          0x000000e8       0x40 c:/siliconlabs/simplicitystudio/v5/developer/toolchains/gnu_arm/10.2_2020q4/bin/../lib/gcc/arm-none-eabi/10.2.1/thumb/v7e-m+fp/softfp/crtbegin.o
 .text          0x00000128       0x7c c:/siliconlabs/simplicitystudio/v5/developer/toolchains/gnu_arm/10.2_2020q4/bin/../lib/gcc/arm-none-eabi/10.2.1/../../../../arm-none-eabi/lib/thumb/v7e-m+fp/softfp/crt0.o
                0x00000128                _stack_init
                0x00000130                _start
                0x00000130                _mainCRTStartup
 .text.app_init
                0x000001a4        0x4 ./app.o
                0x000001a4                app_init
 .text.app_process_action
                0x000001a8        0x4 ./app.o
                0x000001a8                app_process_action
 .text.startup.main
                0x000001ac       0x18 ./main.o
                0x000001ac                main
 .text.simple_button_init
                0x000001c4        0x2 ./simple_button_baremetal.o
                0x000001c4                simple_button_init
 .text.simple_button_process_action
                0x000001c6        0x2 ./simple_button_baremetal.o
                0x000001c6                simple_button_process_action
 .text.sl_button_on_change
                0x000001c8       0x28 ./simple_button_baremetal.o
                0x000001c8                sl_button_on_change
 .text.sl_board_default_init
                0x000001f0        0x4 ./autogen/sl_board_default_init.o
                0x000001f0                sl_board_default_init
 .text.sl_device_init_clocks
                0x000001f4       0x40 ./autogen/sl_device_init_clocks.o
                0x000001f4                sl_device_init_clocks
 .text.sl_platform_init
                0x00000234       0x50 ./autogen/sl_event_handler.o
                0x00000234                sl_platform_init
 .text.sl_driver_init
                0x00000284       0x12 ./autogen/sl_event_handler.o
                0x00000284                sl_driver_init
 .text.sl_service_init
                0x00000296        0xe ./autogen/sl_event_handler.o
                0x00000296                sl_service_init
 .text.sl_stack_init
                0x000002a4        0x2 ./autogen/sl_event_handler.o
                0x000002a4                sl_stack_init
 .text.sl_internal_app_init
                0x000002a6        0x2 ./autogen/sl_event_handler.o
                0x000002a6                sl_internal_app_init
 .text.sl_platform_process_action
                0x000002a8        0x2 ./autogen/sl_event_handler.o
                0x000002a8                sl_platform_process_action
 .text.sl_service_process_action
                0x000002aa        0x2 ./autogen/sl_event_handler.o
                0x000002aa                sl_service_process_action
 .text.sl_stack_process_action
                0x000002ac        0x2 ./autogen/sl_event_handler.o
                0x000002ac                sl_stack_process_action
 .text.sl_internal_app_process_action
                0x000002ae        0x2 ./autogen/sl_event_handler.o
                0x000002ae                sl_internal_app_process_action
 .text.app_is_ok_to_sleep
                0x000002b0        0x4 ./autogen/sl_power_manager_handler.o
                0x000002b0                app_is_ok_to_sleep
 .text.app_sleep_on_isr_exit
                0x000002b4        0x4 ./autogen/sl_power_manager_handler.o
                0x000002b4                app_sleep_on_isr_exit
 .text.sl_power_manager_is_ok_to_sleep
                0x000002b8        0x8 ./autogen/sl_power_manager_handler.o
                0x000002b8                sl_power_manager_is_ok_to_sleep
 .text.sl_power_manager_sleep_on_isr_exit
                0x000002c0       0x1e ./autogen/sl_power_manager_handler.o
                0x000002c0                sl_power_manager_sleep_on_isr_exit
 *fill*         0x000002de        0x2 
 .text.sl_simple_button_init_instances
                0x000002e0        0xc ./autogen/sl_simple_button_instances.o
                0x000002e0                sl_simple_button_init_instances
 .text.sl_simple_led_init_instances
                0x000002ec        0xc ./autogen/sl_simple_led_instances.o
                0x000002ec                sl_simple_led_init_instances
 .text.sl_board_configure_vcom
                0x000002f8        0x4 ./gecko_sdk_4.0.0/hardware/board/src/sl_board_control_gpio.o
                0x000002f8                sl_board_configure_vcom
 .text.sl_board_disable_vcom
                0x000002fc       0x12 ./gecko_sdk_4.0.0/hardware/board/src/sl_board_control_gpio.o
                0x000002fc                sl_board_disable_vcom
 *fill*         0x0000030e        0x2 
 .text.sl_board_init
                0x00000310       0x1c ./gecko_sdk_4.0.0/hardware/board/src/sl_board_init.o
                0x00000310                sl_board_init
 .text.sl_board_preinit
                0x0000032c        0xc ./gecko_sdk_4.0.0/hardware/board/src/sl_board_init.o
                0x0000032c                sl_board_preinit
 .text.cs_high  0x00000338        0xc ./gecko_sdk_4.0.0/hardware/driver/mx25_flash_shutdown/src/sl_mx25_flash_shutdown_usart/sl_mx25_flash_shutdown.o
 .text.cs_low   0x00000344        0xc ./gecko_sdk_4.0.0/hardware/driver/mx25_flash_shutdown/src/sl_mx25_flash_shutdown_usart/sl_mx25_flash_shutdown.o
 .text.sl_mx25_flash_shutdown
                0x00000350       0xfc ./gecko_sdk_4.0.0/hardware/driver/mx25_flash_shutdown/src/sl_mx25_flash_shutdown_usart/sl_mx25_flash_shutdown.o
                0x00000350                sl_mx25_flash_shutdown
 .text.Default_Handler
                0x0000044c        0x2 ./gecko_sdk_4.0.0/platform/Device/SiliconLabs/EFR32FG14P/Source/GCC/startup_efr32fg14p.o
                0x0000044c                DebugMon_Handler
                0x0000044c                USART0_TX_IRQHandler
                0x0000044c                PRORTC_IRQHandler
                0x0000044c                I2C0_IRQHandler
                0x0000044c                HardFault_Handler
                0x0000044c                SysTick_Handler
                0x0000044c                USART1_RX_IRQHandler
                0x0000044c                PendSV_Handler
                0x0000044c                NMI_Handler
                0x0000044c                SYNTH_IRQHandler
                0x0000044c                WTIMER0_IRQHandler
                0x0000044c                CRYPTO0_IRQHandler
                0x0000044c                WDOG0_IRQHandler
                0x0000044c                USART1_TX_IRQHandler
                0x0000044c                SMU_IRQHandler
                0x0000044c                MSC_IRQHandler
                0x0000044c                ADC0_IRQHandler
                0x0000044c                UsageFault_Handler
                0x0000044c                WDOG1_IRQHandler
                0x0000044c                LEUART0_IRQHandler
                0x0000044c                FPUEH_IRQHandler
                0x0000044c                VDAC0_IRQHandler
                0x0000044c                LDMA_IRQHandler
                0x0000044c                TIMER0_IRQHandler
                0x0000044c                LETIMER0_IRQHandler
                0x0000044c                TIMER1_IRQHandler
                0x0000044c                TRNG0_IRQHandler
                0x0000044c                RFSENSE_IRQHandler
                0x0000044c                BUFC_IRQHandler
                0x0000044c                MODEM_IRQHandler
                0x0000044c                Default_Handler
                0x0000044c                RAC_SEQ_IRQHandler
                0x0000044c                FRC_PRI_IRQHandler
                0x0000044c                EMU_IRQHandler
                0x0000044c                FRC_IRQHandler
                0x0000044c                CRYOTIMER_IRQHandler
                0x0000044c                PCNT0_IRQHandler
                0x0000044c                AGC_IRQHandler
                0x0000044c                sl_app_properties
                0x0000044c                ACMP0_IRQHandler
                0x0000044c                USART0_RX_IRQHandler
                0x0000044c                MemManage_Handler
                0x0000044c                SVC_Handler
                0x0000044c                CMU_IRQHandler
                0x0000044c                RAC_RSM_IRQHandler
                0x0000044c                LESENSE_IRQHandler
                0x0000044c                PROTIMER_IRQHandler
                0x0000044c                BusFault_Handler
                0x0000044c                IDAC0_IRQHandler
 *fill*         0x0000044e        0x2 
 .text.Reset_Handler
                0x00000450       0x2c ./gecko_sdk_4.0.0/platform/Device/SiliconLabs/EFR32FG14P/Source/GCC/startup_efr32fg14p.o
                0x00000450                Reset_Handler
 .text.SystemMaxCoreClockGet
                0x0000047c        0x8 ./gecko_sdk_4.0.0/platform/Device/SiliconLabs/EFR32FG14P/Source/system_efr32fg14p.o
                0x0000047c                SystemMaxCoreClockGet
 .text.SystemHFClockGet
                0x00000484       0x54 ./gecko_sdk_4.0.0/platform/Device/SiliconLabs/EFR32FG14P/Source/system_efr32fg14p.o
                0x00000484                SystemHFClockGet
 .text.SystemCoreClockGet
                0x000004d8       0x24 ./gecko_sdk_4.0.0/platform/Device/SiliconLabs/EFR32FG14P/Source/system_efr32fg14p.o
                0x000004d8                SystemCoreClockGet
 .text.SystemHFXOClockGet
                0x000004fc        0xc ./gecko_sdk_4.0.0/platform/Device/SiliconLabs/EFR32FG14P/Source/system_efr32fg14p.o
                0x000004fc                SystemHFXOClockGet
 .text.SystemHFXOClockSet
                0x00000508       0x20 ./gecko_sdk_4.0.0/platform/Device/SiliconLabs/EFR32FG14P/Source/system_efr32fg14p.o
                0x00000508                SystemHFXOClockSet
 .text.SystemInit
                0x00000528       0x1c ./gecko_sdk_4.0.0/platform/Device/SiliconLabs/EFR32FG14P/Source/system_efr32fg14p.o
                0x00000528                SystemInit
 .text.SystemLFRCOClockGet
                0x00000544        0x6 ./gecko_sdk_4.0.0/platform/Device/SiliconLabs/EFR32FG14P/Source/system_efr32fg14p.o
                0x00000544                SystemLFRCOClockGet
 .text.SystemULFRCOClockGet
                0x0000054a        0x6 ./gecko_sdk_4.0.0/platform/Device/SiliconLabs/EFR32FG14P/Source/system_efr32fg14p.o
                0x0000054a                SystemULFRCOClockGet
 .text.SystemLFXOClockGet
                0x00000550        0xc ./gecko_sdk_4.0.0/platform/Device/SiliconLabs/EFR32FG14P/Source/system_efr32fg14p.o
                0x00000550                SystemLFXOClockGet
 .text.sl_slist_init
                0x0000055c        0x6 ./gecko_sdk_4.0.0/platform/common/src/sl_slist.o
                0x0000055c                sl_slist_init
 .text.sl_button_init
                0x00000562        0xa ./gecko_sdk_4.0.0/platform/driver/button/src/sl_button.o
                0x00000562                sl_button_init
 .text.sl_button_get_state
                0x0000056c        0xa ./gecko_sdk_4.0.0/platform/driver/button/src/sl_button.o
                0x0000056c                sl_button_get_state
 *fill*         0x00000576        0x2 
 .text.GPIO_PinInGet
                0x00000578       0x5c ./gecko_sdk_4.0.0/platform/driver/button/src/sl_simple_button.o
 .text.sli_simple_button_on_change
                0x000005d4       0x28 ./gecko_sdk_4.0.0/platform/driver/button/src/sl_simple_button.o
 .text.sl_simple_button_init
                0x000005fc       0x70 ./gecko_sdk_4.0.0/platform/driver/button/src/sl_simple_button.o
                0x000005fc                sl_simple_button_init
 .text.sl_simple_button_get_state
                0x0000066c        0x6 ./gecko_sdk_4.0.0/platform/driver/button/src/sl_simple_button.o
                0x0000066c                sl_simple_button_get_state
 .text.sl_simple_button_poll_step
                0x00000672       0x52 ./gecko_sdk_4.0.0/platform/driver/button/src/sl_simple_button.o
                0x00000672                sl_simple_button_poll_step
 .text.sl_simple_button_enable
                0x000006c4       0x12 ./gecko_sdk_4.0.0/platform/driver/button/src/sl_simple_button.o
                0x000006c4                sl_simple_button_enable
 .text.sl_simple_button_disable
                0x000006d6       0x30 ./gecko_sdk_4.0.0/platform/driver/button/src/sl_simple_button.o
                0x000006d6                sl_simple_button_disable
 .text.sl_led_init
                0x00000706        0x6 ./gecko_sdk_4.0.0/platform/driver/leddrv/src/sl_led.o
                0x00000706                sl_led_init
 .text.sl_led_toggle
                0x0000070c        0x6 ./gecko_sdk_4.0.0/platform/driver/leddrv/src/sl_led.o
                0x0000070c                sl_led_toggle
 *fill*         0x00000712        0x2 
 .text.GPIO_PinOutClear
                0x00000714       0x58 ./gecko_sdk_4.0.0/platform/driver/leddrv/src/sl_simple_led.o
 .text.GPIO_PinOutSet
                0x0000076c       0x58 ./gecko_sdk_4.0.0/platform/driver/leddrv/src/sl_simple_led.o
 .text.sl_simple_led_init
                0x000007c4       0x34 ./gecko_sdk_4.0.0/platform/driver/leddrv/src/sl_simple_led.o
                0x000007c4                sl_simple_led_init
 .text.sl_simple_led_turn_on
                0x000007f8       0x12 ./gecko_sdk_4.0.0/platform/driver/leddrv/src/sl_simple_led.o
                0x000007f8                sl_simple_led_turn_on
 .text.sl_simple_led_turn_off
                0x0000080a       0x12 ./gecko_sdk_4.0.0/platform/driver/leddrv/src/sl_simple_led.o
                0x0000080a                sl_simple_led_turn_off
 .text.sl_simple_led_toggle
                0x0000081c       0x58 ./gecko_sdk_4.0.0/platform/driver/leddrv/src/sl_simple_led.o
                0x0000081c                sl_simple_led_toggle
 .text.sl_simple_led_get_state
                0x00000874       0x68 ./gecko_sdk_4.0.0/platform/driver/leddrv/src/sl_simple_led.o
                0x00000874                sl_simple_led_get_state
 .text.GPIOINT_IRQDispatcher
                0x000008dc       0x3c ./gecko_sdk_4.0.0/platform/emdrv/gpiointerrupt/src/gpiointerrupt.o
 .text.GPIOINT_Init
                0x00000918       0x30 ./gecko_sdk_4.0.0/platform/emdrv/gpiointerrupt/src/gpiointerrupt.o
                0x00000918                GPIOINT_Init
 .text.GPIOINT_CallbackRegister
                0x00000948       0x24 ./gecko_sdk_4.0.0/platform/emdrv/gpiointerrupt/src/gpiointerrupt.o
                0x00000948                GPIOINT_CallbackRegister
 .text.GPIOINT_CallbackRegisterExt
                0x0000096c       0x58 ./gecko_sdk_4.0.0/platform/emdrv/gpiointerrupt/src/gpiointerrupt.o
                0x0000096c                GPIOINT_CallbackRegisterExt
 .text.GPIO_EVEN_IRQHandler
                0x000009c4       0x1c ./gecko_sdk_4.0.0/platform/emdrv/gpiointerrupt/src/gpiointerrupt.o
                0x000009c4                GPIO_EVEN_IRQHandler
 .text.GPIO_ODD_IRQHandler
                0x000009e0       0x1c ./gecko_sdk_4.0.0/platform/emdrv/gpiointerrupt/src/gpiointerrupt.o
                0x000009e0                GPIO_ODD_IRQHandler
 .text.assertEFM
                0x000009fc        0x2 ./gecko_sdk_4.0.0/platform/emlib/src/em_assert.o
                0x000009fc                assertEFM
 *fill*         0x000009fe        0x2 
 .text.setHfLeConfig
                0x00000a00       0x44 ./gecko_sdk_4.0.0/platform/emlib/src/em_cmu.o
 .text.flashWaitStateControl
                0x00000a44       0x54 ./gecko_sdk_4.0.0/platform/emlib/src/em_cmu.o
 .text.SL_Log2ToDiv
                0x00000a98       0x1c ./gecko_sdk_4.0.0/platform/emlib/src/em_cmu.o
 .text.flashWaitStateMax
                0x00000ab4       0x24 ./gecko_sdk_4.0.0/platform/emlib/src/em_cmu.o
 .text.EMU_VScaleWait
                0x00000ad8       0x1c ./gecko_sdk_4.0.0/platform/emlib/src/em_cmu.o
 .text.EMU_VScaleGet
                0x00000af4       0x14 ./gecko_sdk_4.0.0/platform/emlib/src/em_cmu.o
 .text.syncReg  0x00000b08       0x18 ./gecko_sdk_4.0.0/platform/emlib/src/em_cmu.o
 .text.CMU_UpdateWaitStates
                0x00000b20       0x1c ./gecko_sdk_4.0.0/platform/emlib/src/em_cmu.o
                0x00000b20                CMU_UpdateWaitStates
 .text.CMU_ClockEnable
                0x00000b3c       0x90 ./gecko_sdk_4.0.0/platform/emlib/src/em_cmu.o
                0x00000b3c                CMU_ClockEnable
 .text.CMU_ClockPrescGet
                0x00000bcc       0xd4 ./gecko_sdk_4.0.0/platform/emlib/src/em_cmu.o
                0x00000bcc                CMU_ClockPrescGet
 .text.CMU_ClockDivGet
                0x00000ca0        0xa ./gecko_sdk_4.0.0/platform/emlib/src/em_cmu.o
                0x00000ca0                CMU_ClockDivGet
 *fill*         0x00000caa        0x2 
 .text.CMU_ClockSelectGet
                0x00000cac       0xcc ./gecko_sdk_4.0.0/platform/emlib/src/em_cmu.o
                0x00000cac                CMU_ClockSelectGet
 .text.lfClkGet
                0x00000d78       0xc8 ./gecko_sdk_4.0.0/platform/emlib/src/em_cmu.o
 .text.CMU_ClockFreqGet
                0x00000e40      0x1c0 ./gecko_sdk_4.0.0/platform/emlib/src/em_cmu.o
                0x00000e40                CMU_ClockFreqGet
 .text.CMU_LFXOPrecisionSet
                0x00001000        0xc ./gecko_sdk_4.0.0/platform/emlib/src/em_cmu.o
                0x00001000                CMU_LFXOPrecisionSet
 .text.CMU_OscillatorTuningSet
                0x0000100c       0xf4 ./gecko_sdk_4.0.0/platform/emlib/src/em_cmu.o
                0x0000100c                CMU_OscillatorTuningSet
 .text.CMU_OscillatorTuningWait
                0x00001100       0x68 ./gecko_sdk_4.0.0/platform/emlib/src/em_cmu.o
                0x00001100                CMU_OscillatorTuningWait
 .text.CMU_OscillatorTuningOptimize
                0x00001168       0x38 ./gecko_sdk_4.0.0/platform/emlib/src/em_cmu.o
                0x00001168                CMU_OscillatorTuningOptimize
 .text.CMU_OscillatorEnable
                0x000011a0      0x124 ./gecko_sdk_4.0.0/platform/emlib/src/em_cmu.o
                0x000011a0                CMU_OscillatorEnable
 .text.CMU_ClockSelectSet
                0x000012c4      0x214 ./gecko_sdk_4.0.0/platform/emlib/src/em_cmu.o
                0x000012c4                CMU_ClockSelectSet
 .text.CMU_HFXOInit
                0x000014d8       0xb8 ./gecko_sdk_4.0.0/platform/emlib/src/em_cmu.o
                0x000014d8                CMU_HFXOInit
 .text.CMU_LFXOInit
                0x00001590       0x58 ./gecko_sdk_4.0.0/platform/emlib/src/em_cmu.o
                0x00001590                CMU_LFXOInit
 .text.CORE_EnterCritical
                0x000015e8        0x8 ./gecko_sdk_4.0.0/platform/emlib/src/em_core.o
                0x000015e8                CORE_EnterCritical
 .text.CORE_ExitCritical
                0x000015f0        0x6 ./gecko_sdk_4.0.0/platform/emlib/src/em_core.o
                0x000015f0                CORE_ExitCritical
 .text.CORE_EnterAtomic
                0x000015f6        0xc ./gecko_sdk_4.0.0/platform/emlib/src/em_core.o
                0x000015f6                CORE_EnterAtomic
 .text.CORE_ExitAtomic
                0x00001602        0x6 ./gecko_sdk_4.0.0/platform/emlib/src/em_core.o
                0x00001602                CORE_ExitAtomic
 .text.CORE_NvicIRQDisabled
                0x00001608       0x34 ./gecko_sdk_4.0.0/platform/emlib/src/em_core.o
                0x00001608                CORE_NvicIRQDisabled
 .text.EMU_LDOStatusGet
                0x0000163c       0x14 ./gecko_sdk_4.0.0/platform/emlib/src/em_emu.o
 .text.lpGetDevinfoVrefLowHigh
                0x00001650       0xa8 ./gecko_sdk_4.0.0/platform/emlib/src/em_emu.o
 .text.EMU_VScaleWait
                0x000016f8       0x18 ./gecko_sdk_4.0.0/platform/emlib/src/em_emu.o
 .text.vScaleDownEM23Setup
                0x00001710       0x30 ./gecko_sdk_4.0.0/platform/emlib/src/em_emu.o
 .text.vScaleAfterWakeup
                0x00001740       0x2c ./gecko_sdk_4.0.0/platform/emlib/src/em_emu.o
 .text.emState.part.0
                0x0000176c       0xb8 ./gecko_sdk_4.0.0/platform/emlib/src/em_emu.o
 .text.lpCmpHystCalibrationLoad.constprop.0
                0x00001824       0x78 ./gecko_sdk_4.0.0/platform/emlib/src/em_emu.o
 .text.emState.constprop.0
                0x0000189c       0x48 ./gecko_sdk_4.0.0/platform/emlib/src/em_emu.o
 .text.EMU_EM23Init
                0x000018e4       0x34 ./gecko_sdk_4.0.0/platform/emlib/src/em_emu.o
                0x000018e4                EMU_EM23Init
 .text.EMU_EM23PresleepHook
                0x00001918        0x2 ./gecko_sdk_4.0.0/platform/emlib/src/em_emu.o
                0x00001918                EMU_EM23PresleepHook
 .text.EMU_EFPEM23PresleepHook
                0x0000191a        0x2 ./gecko_sdk_4.0.0/platform/emlib/src/em_emu.o
                0x0000191a                EMU_EFPEM23PresleepHook
 .text.EMU_EFPEM23PostsleepHook
                0x0000191c        0x2 ./gecko_sdk_4.0.0/platform/emlib/src/em_emu.o
                0x0000191c                EMU_EFPEM23PostsleepHook
 *fill*         0x0000191e        0x2 
 .text.EMU_EnterEM2
                0x00001920       0x70 ./gecko_sdk_4.0.0/platform/emlib/src/em_emu.o
                0x00001920                EMU_EnterEM2
 .text.EMU_EnterEM3
                0x00001990       0x88 ./gecko_sdk_4.0.0/platform/emlib/src/em_emu.o
                0x00001990                EMU_EnterEM3
 .text.EMU_Save
                0x00001a18        0x4 ./gecko_sdk_4.0.0/platform/emlib/src/em_emu.o
                0x00001a18                EMU_Save
 .text.EMU_Restore
                0x00001a1c        0x4 ./gecko_sdk_4.0.0/platform/emlib/src/em_emu.o
                0x00001a1c                EMU_Restore
 .text.EMU_EM4Init
                0x00001a20       0x54 ./gecko_sdk_4.0.0/platform/emlib/src/em_emu.o
                0x00001a20                EMU_EM4Init
 .text.EMU_VScaleEM01
                0x00001a74       0x80 ./gecko_sdk_4.0.0/platform/emlib/src/em_emu.o
                0x00001a74                EMU_VScaleEM01
 .text.EMU_VScaleEM01ByClock
                0x00001af4       0x50 ./gecko_sdk_4.0.0/platform/emlib/src/em_emu.o
                0x00001af4                EMU_VScaleEM01ByClock
 .text.EMU_EM01Init
                0x00001b44       0x14 ./gecko_sdk_4.0.0/platform/emlib/src/em_emu.o
                0x00001b44                EMU_EM01Init
 .text.EMU_DCDCModeSet
                0x00001b58       0x94 ./gecko_sdk_4.0.0/platform/emlib/src/em_emu.o
                0x00001b58                EMU_DCDCModeSet
 .text.EMU_DCDCOutputVoltageSet
                0x00001bec      0x18c ./gecko_sdk_4.0.0/platform/emlib/src/em_emu.o
                0x00001bec                EMU_DCDCOutputVoltageSet
 .text.EMU_DCDCOptimizeSlice
                0x00001d78       0xe0 ./gecko_sdk_4.0.0/platform/emlib/src/em_emu.o
                0x00001d78                EMU_DCDCOptimizeSlice
 .text.EMU_DCDCLnRcoBandSet
                0x00001e58       0x44 ./gecko_sdk_4.0.0/platform/emlib/src/em_emu.o
                0x00001e58                EMU_DCDCLnRcoBandSet
 .text.EMU_DCDCInit
                0x00001e9c      0x170 ./gecko_sdk_4.0.0/platform/emlib/src/em_emu.o
                0x00001e9c                EMU_DCDCInit
 .text.BUS_RegBitWrite
                0x0000200c       0x2c ./gecko_sdk_4.0.0/platform/emlib/src/em_gpio.o
 .text.GPIO_PinOutSet
                0x00002038       0x58 ./gecko_sdk_4.0.0/platform/emlib/src/em_gpio.o
 .text.GPIO_PinOutClear
                0x00002090       0x58 ./gecko_sdk_4.0.0/platform/emlib/src/em_gpio.o
 .text.BUS_RegMaskedWrite
                0x000020e8       0x22 ./gecko_sdk_4.0.0/platform/emlib/src/em_gpio.o
 *fill*         0x0000210a        0x2 
 .text.GPIO_ExtIntConfig
                0x0000210c       0xf8 ./gecko_sdk_4.0.0/platform/emlib/src/em_gpio.o
                0x0000210c                GPIO_ExtIntConfig
 .text.GPIO_PinModeSet
                0x00002204       0xac ./gecko_sdk_4.0.0/platform/emlib/src/em_gpio.o
                0x00002204                GPIO_PinModeSet
 .text.RTCC_ChannelInit
                0x000022b0       0x58 ./gecko_sdk_4.0.0/platform/emlib/src/em_rtcc.o
                0x000022b0                RTCC_ChannelInit
 .text.RTCC_Enable
                0x00002308        0xc ./gecko_sdk_4.0.0/platform/emlib/src/em_rtcc.o
                0x00002308                RTCC_Enable
 .text.RTCC_Init
                0x00002314       0x68 ./gecko_sdk_4.0.0/platform/emlib/src/em_rtcc.o
                0x00002314                RTCC_Init
 .text.USART_BaudrateSyncSet
                0x0000237c       0x4c ./gecko_sdk_4.0.0/platform/emlib/src/em_usart.o
                0x0000237c                USART_BaudrateSyncSet
 .text.USART_Reset
                0x000023c8       0x64 ./gecko_sdk_4.0.0/platform/emlib/src/em_usart.o
                0x000023c8                USART_Reset
 .text.USART_InitSync
                0x0000242c       0xb0 ./gecko_sdk_4.0.0/platform/emlib/src/em_usart.o
                0x0000242c                USART_InitSync
 .text.USART_SpiTransfer
                0x000024dc       0x14 ./gecko_sdk_4.0.0/platform/emlib/src/em_usart.o
                0x000024dc                USART_SpiTransfer
 .text.sl_device_init_dcdc
                0x000024f0       0x2c ./gecko_sdk_4.0.0/platform/service/device_init/src/sl_device_init_dcdc_s1.o
                0x000024f0                sl_device_init_dcdc
 .text.sl_device_init_emu
                0x0000251c       0x1c ./gecko_sdk_4.0.0/platform/service/device_init/src/sl_device_init_emu_s1.o
                0x0000251c                sl_device_init_emu
 .text.sl_device_init_hfxo
                0x00002538       0x6c ./gecko_sdk_4.0.0/platform/service/device_init/src/sl_device_init_hfxo_s1.o
                0x00002538                sl_device_init_hfxo
 .text.sl_device_init_lfxo
                0x000025a4       0x28 ./gecko_sdk_4.0.0/platform/service/device_init/src/sl_device_init_lfxo_s1.o
                0x000025a4                sl_device_init_lfxo
 .text.sl_device_init_nvic
                0x000025cc       0x3c ./gecko_sdk_4.0.0/platform/service/device_init/src/sl_device_init_nvic.o
                0x000025cc                sl_device_init_nvic
 .text.get_lowest_em
                0x00002608       0x14 ./gecko_sdk_4.0.0/platform/service/power_manager/src/sl_power_manager.o
 .text.power_manager_notify_em_transition
                0x0000261c       0x74 ./gecko_sdk_4.0.0/platform/service/power_manager/src/sl_power_manager.o
 .text.clock_restore
                0x00002690       0x58 ./gecko_sdk_4.0.0/platform/service/power_manager/src/sl_power_manager.o
 .text.on_clock_wakeup_timeout
                0x000026e8       0x24 ./gecko_sdk_4.0.0/platform/service/power_manager/src/sl_power_manager.o
 .text.update_em1_requirement
                0x0000270c       0x60 ./gecko_sdk_4.0.0/platform/service/power_manager/src/sl_power_manager.o
 .text.sl_power_manager_init
                0x0000276c       0x60 ./gecko_sdk_4.0.0/platform/service/power_manager/src/sl_power_manager.o
                0x0000276c                sl_power_manager_init
 .text.sli_power_manager_get_restore_delay
                0x000027cc       0x34 ./gecko_sdk_4.0.0/platform/service/power_manager/src/sl_power_manager.o
                0x000027cc                sli_power_manager_get_restore_delay
 .text.sli_power_manager_initiate_restore
                0x00002800       0x18 ./gecko_sdk_4.0.0/platform/service/power_manager/src/sl_power_manager.o
                0x00002800                sli_power_manager_initiate_restore
 .text.sli_power_manager_convert_delay_us_to_tick
                0x00002818       0x20 ./gecko_sdk_4.0.0/platform/service/power_manager/src/sl_power_manager.o
                0x00002818                sli_power_manager_convert_delay_us_to_tick
 .text.sl_power_manager_sleep
                0x00002838      0x1d0 ./gecko_sdk_4.0.0/platform/service/power_manager/src/sl_power_manager.o
                0x00002838                sl_power_manager_sleep
 .text.sl_power_manager_is_latest_wakeup_internal
                0x00002a08       0x20 ./gecko_sdk_4.0.0/platform/service/power_manager/src/sl_power_manager.o
                0x00002a08                sl_power_manager_is_latest_wakeup_internal
 .text.sli_power_manager_em23_voltage_scaling_enable_fast_wakeup
                0x00002a28       0x4c ./gecko_sdk_4.0.0/platform/service/power_manager/src/sl_power_manager_hal_s0_s1.o
                0x00002a28                sli_power_manager_em23_voltage_scaling_enable_fast_wakeup
 .text.sli_power_manager_init_hardware
                0x00002a74       0xe0 ./gecko_sdk_4.0.0/platform/service/power_manager/src/sl_power_manager_hal_s0_s1.o
                0x00002a74                sli_power_manager_init_hardware
 .text.sli_power_manager_save_states
                0x00002b54        0x4 ./gecko_sdk_4.0.0/platform/service/power_manager/src/sl_power_manager_hal_s0_s1.o
                0x00002b54                sli_power_manager_save_states
 .text.EMU_EM23PostsleepHook
                0x00002b58       0x3c ./gecko_sdk_4.0.0/platform/service/power_manager/src/sl_power_manager_hal_s0_s1.o
                0x00002b58                EMU_EM23PostsleepHook
 .text.sli_power_manager_handle_pre_deepsleep_operations
                0x00002b94        0x2 ./gecko_sdk_4.0.0/platform/service/power_manager/src/sl_power_manager_hal_s0_s1.o
                0x00002b94                sli_power_manager_handle_pre_deepsleep_operations
 .text.sli_power_manager_restore_high_freq_accuracy_clk
                0x00002b96        0x2 ./gecko_sdk_4.0.0/platform/service/power_manager/src/sl_power_manager_hal_s0_s1.o
                0x00002b96                sli_power_manager_restore_high_freq_accuracy_clk
 .text.sli_power_manager_is_high_freq_accuracy_clk_ready
                0x00002b98        0x4 ./gecko_sdk_4.0.0/platform/service/power_manager/src/sl_power_manager_hal_s0_s1.o
                0x00002b98                sli_power_manager_is_high_freq_accuracy_clk_ready
 .text.sli_power_manager_restore_states
                0x00002b9c       0x50 ./gecko_sdk_4.0.0/platform/service/power_manager/src/sl_power_manager_hal_s0_s1.o
                0x00002b9c                sli_power_manager_restore_states
 .text.sli_power_manager_apply_em
                0x00002bec       0x38 ./gecko_sdk_4.0.0/platform/service/power_manager/src/sl_power_manager_hal_s0_s1.o
                0x00002bec                sli_power_manager_apply_em
 .text.sli_power_manager_get_default_high_frequency_minimum_offtime
                0x00002c24        0x8 ./gecko_sdk_4.0.0/platform/service/power_manager/src/sl_power_manager_hal_s0_s1.o
                0x00002c24                sli_power_manager_get_default_high_frequency_minimum_offtime
 .text.sli_power_manager_get_wakeup_process_time_overhead
                0x00002c2c       0x1c ./gecko_sdk_4.0.0/platform/service/power_manager/src/sl_power_manager_hal_s0_s1.o
                0x00002c2c                sli_power_manager_get_wakeup_process_time_overhead
 .text.update_delta_list
                0x00002c48       0x38 ./gecko_sdk_4.0.0/platform/service/sleeptimer/src/sl_sleeptimer.o
 .text.delta_list_insert_timer
                0x00002c80       0x5c ./gecko_sdk_4.0.0/platform/service/sleeptimer/src/sl_sleeptimer.o
 .text.set_comparator_for_next_timer
                0x00002cdc       0x4c ./gecko_sdk_4.0.0/platform/service/sleeptimer/src/sl_sleeptimer.o
 .text.create_timer
                0x00002d28       0x68 ./gecko_sdk_4.0.0/platform/service/sleeptimer/src/sl_sleeptimer.o
 .text.delta_list_remove_timer
                0x00002d90       0x38 ./gecko_sdk_4.0.0/platform/service/sleeptimer/src/sl_sleeptimer.o
 .text.sl_sleeptimer_init
                0x00002dc8       0x74 ./gecko_sdk_4.0.0/platform/service/sleeptimer/src/sl_sleeptimer.o
                0x00002dc8                sl_sleeptimer_init
 .text.sl_sleeptimer_stop_timer
                0x00002e3c       0x50 ./gecko_sdk_4.0.0/platform/service/sleeptimer/src/sl_sleeptimer.o
                0x00002e3c                sl_sleeptimer_stop_timer
 .text.sl_sleeptimer_restart_timer
                0x00002e8c       0x34 ./gecko_sdk_4.0.0/platform/service/sleeptimer/src/sl_sleeptimer.o
                0x00002e8c                sl_sleeptimer_restart_timer
 .text.sl_sleeptimer_get_remaining_time_of_first_timer
                0x00002ec0       0x64 ./gecko_sdk_4.0.0/platform/service/sleeptimer/src/sl_sleeptimer.o
                0x00002ec0                sl_sleeptimer_get_remaining_time_of_first_timer
 .text.sli_sleeptimer_is_power_manager_timer_next_to_expire
                0x00002f24        0xc ./gecko_sdk_4.0.0/platform/service/sleeptimer/src/sl_sleeptimer.o
                0x00002f24                sli_sleeptimer_is_power_manager_timer_next_to_expire
 .text.sl_sleeptimer_get_tick_count
                0x00002f30       0x18 ./gecko_sdk_4.0.0/platform/service/sleeptimer/src/sl_sleeptimer.o
                0x00002f30                sl_sleeptimer_get_tick_count
 .text.sl_sleeptimer_get_timer_frequency
                0x00002f48        0xc ./gecko_sdk_4.0.0/platform/service/sleeptimer/src/sl_sleeptimer.o
                0x00002f48                sl_sleeptimer_get_timer_frequency
 .text.process_timer_irq
                0x00002f54      0x134 ./gecko_sdk_4.0.0/platform/service/sleeptimer/src/sl_sleeptimer.o
                0x00002f54                process_timer_irq
 .text.sl_sleeptimer_is_power_manager_early_restore_timer_latest_to_expire
                0x00003088       0x18 ./gecko_sdk_4.0.0/platform/service/sleeptimer/src/sl_sleeptimer.o
                0x00003088                sl_sleeptimer_is_power_manager_early_restore_timer_latest_to_expire
 .text.CMU_PrescToLog2.constprop.0
                0x000030a0        0x4 ./gecko_sdk_4.0.0/platform/service/sleeptimer/src/sl_sleeptimer_hal_rtcc.o
 .text.sleeptimer_hal_init_timer
                0x000030a4       0x8c ./gecko_sdk_4.0.0/platform/service/sleeptimer/src/sl_sleeptimer_hal_rtcc.o
                0x000030a4                sleeptimer_hal_init_timer
 .text.sleeptimer_hal_get_counter
                0x00003130        0xc ./gecko_sdk_4.0.0/platform/service/sleeptimer/src/sl_sleeptimer_hal_rtcc.o
                0x00003130                sleeptimer_hal_get_counter
 .text.sleeptimer_hal_set_compare
                0x0000313c       0x50 ./gecko_sdk_4.0.0/platform/service/sleeptimer/src/sl_sleeptimer_hal_rtcc.o
                0x0000313c                sleeptimer_hal_set_compare
 .text.sleeptimer_hal_enable_int
                0x0000318c       0x1c ./gecko_sdk_4.0.0/platform/service/sleeptimer/src/sl_sleeptimer_hal_rtcc.o
                0x0000318c                sleeptimer_hal_enable_int
 .text.sleeptimer_hal_disable_int
                0x000031a8       0x30 ./gecko_sdk_4.0.0/platform/service/sleeptimer/src/sl_sleeptimer_hal_rtcc.o
                0x000031a8                sleeptimer_hal_disable_int
 .text.sli_sleeptimer_hal_is_int_status_set
                0x000031d8       0x20 ./gecko_sdk_4.0.0/platform/service/sleeptimer/src/sl_sleeptimer_hal_rtcc.o
                0x000031d8                sli_sleeptimer_hal_is_int_status_set
 .text.RTCC_IRQHandler
                0x000031f8       0x30 ./gecko_sdk_4.0.0/platform/service/sleeptimer/src/sl_sleeptimer_hal_rtcc.o
                0x000031f8                RTCC_IRQHandler
 .text.sleeptimer_hal_get_timer_frequency
                0x00003228       0x18 ./gecko_sdk_4.0.0/platform/service/sleeptimer/src/sl_sleeptimer_hal_rtcc.o
                0x00003228                sleeptimer_hal_get_timer_frequency
 .text.sl_system_init
                0x00003240       0x1a ./gecko_sdk_4.0.0/platform/service/system/src/sl_system_init.o
                0x00003240                sl_system_init
 .text.sl_system_process_action
                0x0000325a       0x16 ./gecko_sdk_4.0.0/platform/service/system/src/sl_system_process_action.o
                0x0000325a                sl_system_process_action
 .text.sl_udelay_wait
                0x00003270       0x54 ./gecko_sdk_4.0.0/platform/service/udelay/src/sl_udelay.o
                0x00003270                sl_udelay_wait
 *fill*         0x000032c4        0xc 
 .text          0x000032d0        0x8 ./gecko_sdk_4.0.0/platform/service/udelay/src/sl_udelay_armv6m_gcc.o
                0x000032d0                sli_delay_loop
 .text          0x000032d8       0x30 c:/siliconlabs/simplicitystudio/v5/developer/toolchains/gnu_arm/10.2_2020q4/bin/../lib/gcc/arm-none-eabi/10.2.1/thumb/v7e-m+fp/softfp\libgcc.a(_aeabi_uldivmod.o)
                0x000032d8                __aeabi_uldivmod
 .text          0x00003308      0x2d0 c:/siliconlabs/simplicitystudio/v5/developer/toolchains/gnu_arm/10.2_2020q4/bin/../lib/gcc/arm-none-eabi/10.2.1/thumb/v7e-m+fp/softfp\libgcc.a(_udivmoddi4.o)
                0x00003308                __udivmoddi4
 .text          0x000035d8        0x4 c:/siliconlabs/simplicitystudio/v5/developer/toolchains/gnu_arm/10.2_2020q4/bin/../lib/gcc/arm-none-eabi/10.2.1/thumb/v7e-m+fp/softfp\libgcc.a(_dvmd_tls.o)
                0x000035d8                __aeabi_idiv0
                0x000035d8                __aeabi_ldiv0
 .text.exit     0x000035dc       0x28 c:/siliconlabs/simplicitystudio/v5/developer/toolchains/gnu_arm/10.2_2020q4/bin/../lib/gcc/arm-none-eabi/10.2.1/../../../../arm-none-eabi/lib/thumb/v7e-m+fp/softfp\libc_nano.a(lib_a-exit.o)
                0x000035dc                exit
 .text.__libc_init_array
                0x00003604       0x48 c:/siliconlabs/simplicitystudio/v5/developer/toolchains/gnu_arm/10.2_2020q4/bin/../lib/gcc/arm-none-eabi/10.2.1/../../../../arm-none-eabi/lib/thumb/v7e-m+fp/softfp\libc_nano.a(lib_a-init.o)
                0x00003604                __libc_init_array
 .text.memset   0x0000364c       0x10 c:/siliconlabs/simplicitystudio/v5/developer/toolchains/gnu_arm/10.2_2020q4/bin/../lib/gcc/arm-none-eabi/10.2.1/../../../../arm-none-eabi/lib/thumb/v7e-m+fp/softfp\libc_nano.a(lib_a-memset.o)
                0x0000364c                memset
 .text._exit    0x0000365c        0x4 c:/siliconlabs/simplicitystudio/v5/developer/toolchains/gnu_arm/10.2_2020q4/bin/../lib/gcc/arm-none-eabi/10.2.1/../../../../arm-none-eabi/lib/thumb/v7e-m+fp/softfp\libnosys.a(_exit.o)
                0x0000365c                _exit
                0x00003660                linker_code_end = .
 *(.init)
 .init          0x00003660        0x4 c:/siliconlabs/simplicitystudio/v5/developer/toolchains/gnu_arm/10.2_2020q4/bin/../lib/gcc/arm-none-eabi/10.2.1/thumb/v7e-m+fp/softfp/crti.o
                0x00003660                _init
 .init          0x00003664        0x8 c:/siliconlabs/simplicitystudio/v5/developer/toolchains/gnu_arm/10.2_2020q4/bin/../lib/gcc/arm-none-eabi/10.2.1/thumb/v7e-m+fp/softfp/crtn.o
 *(.fini)
 .fini          0x0000366c        0x4 c:/siliconlabs/simplicitystudio/v5/developer/toolchains/gnu_arm/10.2_2020q4/bin/../lib/gcc/arm-none-eabi/10.2.1/thumb/v7e-m+fp/softfp/crti.o
                0x0000366c                _fini
 .fini          0x00003670        0x8 c:/siliconlabs/simplicitystudio/v5/developer/toolchains/gnu_arm/10.2_2020q4/bin/../lib/gcc/arm-none-eabi/10.2.1/thumb/v7e-m+fp/softfp/crtn.o
 .fini.__stub   0x00003678        0x8 linker stubs
 *crtbegin.o(.ctors)
 *crtbegin?.o(.ctors)
 *(EXCLUDE_FILE(*crtend.o *crtend?.o) .ctors)
 *(SORT_BY_NAME(.ctors.*))
 *(.ctors)
 *crtbegin.o(.dtors)
 *crtbegin?.o(.dtors)
 *(EXCLUDE_FILE(*crtend.o *crtend?.o) .dtors)
 *(SORT_BY_NAME(.dtors.*))
 *(.dtors)
 *(.rodata*)
 .rodata.sl_button_btn0
                0x00003680       0x18 ./autogen/sl_simple_button_instances.o
                0x00003680                sl_button_btn0
 .rodata.sl_led_led0
                0x00003698       0x18 ./autogen/sl_simple_led_instances.o
                0x00003698                sl_led_led0
 .rodata        0x000036b0       0x1c ./gecko_sdk_4.0.0/hardware/driver/mx25_flash_shutdown/src/sl_mx25_flash_shutdown_usart/sl_mx25_flash_shutdown.o
 .rodata.GPIO_PinInGet.str1.1
                0x000036cc       0x57 ./gecko_sdk_4.0.0/platform/driver/button/src/sl_simple_button.o
 .rodata.sl_simple_button_init.str1.1
                0x00003723       0x68 ./gecko_sdk_4.0.0/platform/driver/button/src/sl_simple_button.o
 .rodata.GPIO_PinOutClear.str1.1
                0x0000378b       0x57 ./gecko_sdk_4.0.0/platform/driver/leddrv/src/sl_simple_led.o
 .rodata.flashWaitStateControl.str1.1
                0x0000378b       0x56 ./gecko_sdk_4.0.0/platform/emlib/src/em_cmu.o
 .rodata.SL_Log2ToDiv.str1.1
                0x000037e1       0x59 ./gecko_sdk_4.0.0/platform/emlib/src/em_cmu.o
 .rodata.CSWTCH.46
                0x0000383a        0x6 ./gecko_sdk_4.0.0/platform/emlib/src/em_cmu.o
 .rodata.CSWTCH.47
                0x00003840        0x4 ./gecko_sdk_4.0.0/platform/emlib/src/em_cmu.o
 .rodata.CSWTCH.48
                0x00003844        0x4 ./gecko_sdk_4.0.0/platform/emlib/src/em_cmu.o
 .rodata.CSWTCH.67
                0x00003848        0x5 ./gecko_sdk_4.0.0/platform/emlib/src/em_cmu.o
 .rodata.CSWTCH.68
                0x0000384d        0x5 ./gecko_sdk_4.0.0/platform/emlib/src/em_cmu.o
 .rodata.CSWTCH.69
                0x00003852        0xa ./gecko_sdk_4.0.0/platform/emlib/src/em_cmu.o
 .rodata.CSWTCH.70
                0x0000385c        0xa ./gecko_sdk_4.0.0/platform/emlib/src/em_cmu.o
 *fill*         0x00003866        0x2 
 .rodata.flashWsTable
                0x00003868       0x28 ./gecko_sdk_4.0.0/platform/emlib/src/em_cmu.o
 .rodata.CORE_NvicMaskSetIRQ.str1.1
                0x00003890       0x57 ./gecko_sdk_4.0.0/platform/emlib/src/em_core.o
 .rodata.lpGetDevinfoVrefLowHigh.str1.1
                0x000038e7       0x56 ./gecko_sdk_4.0.0/platform/emlib/src/em_emu.o
 .rodata.BUS_RegBitWrite.str1.1
                0x0000393d       0x56 ./gecko_sdk_4.0.0/platform/emlib/src/em_gpio.o
 .rodata.GPIO_PinOutSet.str1.1
                0x00003993       0x57 ./gecko_sdk_4.0.0/platform/emlib/src/em_gpio.o
 .rodata.GPIO_DbgLocationSet.str1.1
                0x00003993       0x57 ./gecko_sdk_4.0.0/platform/emlib/src/em_gpio.o
 .rodata.RTCC_ChannelInit.str1.1
                0x000039ea       0x57 ./gecko_sdk_4.0.0/platform/emlib/src/em_rtcc.o
 .rodata.USART_BaudrateAsyncSet.str1.1
                0x00003a41       0x58 ./gecko_sdk_4.0.0/platform/emlib/src/em_usart.o
 *fill*         0x00003a99        0x1 
 .rodata        0x00003a9a       0x10 ./gecko_sdk_4.0.0/platform/service/device_init/src/sl_device_init_dcdc_s1.o
 .rodata        0x00003aaa       0x12 ./gecko_sdk_4.0.0/platform/service/device_init/src/sl_device_init_hfxo_s1.o
 .rodata        0x00003abc        0x4 ./gecko_sdk_4.0.0/platform/service/device_init/src/sl_device_init_lfxo_s1.o
 .rodata.power_manager_notify_em_transition.str1.1
                0x00003ac0       0x70 ./gecko_sdk_4.0.0/platform/service/power_manager/src/sl_power_manager.o
 .rodata.CSWTCH.47
                0x00003b30        0x4 ./gecko_sdk_4.0.0/platform/service/power_manager/src/sl_power_manager.o
 .rodata.sli_power_manager_init_hardware.str1.1
                0x00003b34       0x7a ./gecko_sdk_4.0.0/platform/service/power_manager/src/sl_power_manager_hal_s0_s1.o
 .rodata.process_timer_irq.str1.1
                0x00003bae       0x6a ./gecko_sdk_4.0.0/platform/service/sleeptimer/src/sl_sleeptimer.o
 .rodata        0x00003c18       0x10 ./gecko_sdk_4.0.0/platform/service/sleeptimer/src/sl_sleeptimer_hal_rtcc.o
 .rodata.sl_udelay_wait.str1.1
                0x00003c28       0x62 ./gecko_sdk_4.0.0/platform/service/udelay/src/sl_udelay.o
 *fill*         0x00003c8a        0x2 
 .rodata._global_impure_ptr
                0x00003c8c        0x4 c:/siliconlabs/simplicitystudio/v5/developer/toolchains/gnu_arm/10.2_2020q4/bin/../lib/gcc/arm-none-eabi/10.2.1/../../../../arm-none-eabi/lib/thumb/v7e-m+fp/softfp\libc_nano.a(lib_a-impure.o)
                0x00003c8c                _global_impure_ptr
 *(.eh_frame*)
 .eh_frame      0x00003c90        0x0 c:/siliconlabs/simplicitystudio/v5/developer/toolchains/gnu_arm/10.2_2020q4/bin/../lib/gcc/arm-none-eabi/10.2.1/thumb/v7e-m+fp/softfp/crtbegin.o

.glue_7         0x00003c90        0x0
 .glue_7        0x00003c90        0x0 linker stubs

.glue_7t        0x00003c90        0x0
 .glue_7t       0x00003c90        0x0 linker stubs

.vfp11_veneer   0x00003c90        0x0
 .vfp11_veneer  0x00003c90        0x0 linker stubs

.v4_bx          0x00003c90        0x0
 .v4_bx         0x00003c90        0x0 linker stubs

.iplt           0x00003c90        0x0
 .iplt          0x00003c90        0x0 c:/siliconlabs/simplicitystudio/v5/developer/toolchains/gnu_arm/10.2_2020q4/bin/../lib/gcc/arm-none-eabi/10.2.1/thumb/v7e-m+fp/softfp/crtbegin.o

.ARM.extab
 *(.ARM.extab* .gnu.linkonce.armextab.*)
                0x00003c90                __exidx_start = .

.ARM.exidx      0x00003c90        0x8
 *(.ARM.exidx* .gnu.linkonce.armexidx.*)
 .ARM.exidx     0x00003c90        0x8 c:/siliconlabs/simplicitystudio/v5/developer/toolchains/gnu_arm/10.2_2020q4/bin/../lib/gcc/arm-none-eabi/10.2.1/../../../../arm-none-eabi/lib/thumb/v7e-m+fp/softfp/crt0.o
                                 0x10 (size before relaxing)
 .ARM.exidx     0x00003c98        0x0 c:/siliconlabs/simplicitystudio/v5/developer/toolchains/gnu_arm/10.2_2020q4/bin/../lib/gcc/arm-none-eabi/10.2.1/thumb/v7e-m+fp/softfp\libgcc.a(_udivmoddi4.o)
                                  0x8 (size before relaxing)
                0x00003c98                __exidx_end = .
                0x00003c98                __etext = .

.rel.dyn        0x00003c98        0x0
 .rel.iplt      0x00003c98        0x0 c:/siliconlabs/simplicitystudio/v5/developer/toolchains/gnu_arm/10.2_2020q4/bin/../lib/gcc/arm-none-eabi/10.2.1/thumb/v7e-m+fp/softfp/crtbegin.o
                0x20000000                . = ORIGIN (RAM)

.stack          0x20000000     0x1000
                0x20000000                __StackLimit = .
 *(.stack*)
 .stack         0x20000000        0x0 ./gecko_sdk_4.0.0/platform/Device/SiliconLabs/EFR32FG14P/Source/GCC/startup_efr32fg14p.o
 .stack         0x20000000     0x1000 ./gecko_sdk_4.0.0/platform/common/toolchain/src/sl_memory.o
                0x20001000                . = ALIGN (0x4)
                0x20001000                __StackTop = .
                0x20001000                PROVIDE (__stack = __StackTop)

.noinit
 *(.noinit*)

.data           0x20001000       0xa4 load address 0x00003c98
                0x20001000                . = ALIGN (0x4)
                0x20001000                __data_start__ = .
 *(vtable)
 *(.data*)
 .data.simple_btn0_context
                0x20001000        0x8 ./autogen/sl_simple_button_instances.o
                0x20001000                simple_btn0_context
 .data.simple_led0_context
                0x20001008        0x3 ./autogen/sl_simple_led_instances.o
                0x20001008                simple_led0_context
 *fill*         0x2000100b        0x1 
 .data.SystemCoreClock
                0x2000100c        0x4 ./gecko_sdk_4.0.0/platform/Device/SiliconLabs/EFR32FG14P/Source/system_efr32fg14p.o
                0x2000100c                SystemCoreClock
 .data.SystemHFXOClock
                0x20001010        0x4 ./gecko_sdk_4.0.0/platform/Device/SiliconLabs/EFR32FG14P/Source/system_efr32fg14p.o
 .data.SystemHfrcoFreq
                0x20001014        0x4 ./gecko_sdk_4.0.0/platform/Device/SiliconLabs/EFR32FG14P/Source/system_efr32fg14p.o
                0x20001014                SystemHfrcoFreq
 .data.SystemLFXOClock
                0x20001018        0x4 ./gecko_sdk_4.0.0/platform/Device/SiliconLabs/EFR32FG14P/Source/system_efr32fg14p.o
 .data.auxHfrcoFreq
                0x2000101c        0x4 ./gecko_sdk_4.0.0/platform/emlib/src/em_cmu.o
 .data.lfxo_precision
                0x20001020        0x2 ./gecko_sdk_4.0.0/platform/emlib/src/em_cmu.o
 .data.is_fast_wakeup_enabled
                0x20001022        0x1 ./gecko_sdk_4.0.0/platform/service/power_manager/src/sl_power_manager_hal_s0_s1.o
 .data.cc_disabled
                0x20001023        0x1 ./gecko_sdk_4.0.0/platform/service/sleeptimer/src/sl_sleeptimer_hal_rtcc.o
 .data.impure_data
                0x20001024       0x60 c:/siliconlabs/simplicitystudio/v5/developer/toolchains/gnu_arm/10.2_2020q4/bin/../lib/gcc/arm-none-eabi/10.2.1/../../../../arm-none-eabi/lib/thumb/v7e-m+fp/softfp\libc_nano.a(lib_a-impure.o)
                0x20001084                . = ALIGN (0x4)
                [!provide]                PROVIDE (__ram_func_section_start = .)
 *(.ram)
 .ram           0x20001084       0x18 ./gecko_sdk_4.0.0/platform/emlib/src/em_emu.o
                [!provide]                PROVIDE (__ram_func_section_end = .)
                0x2000109c                . = ALIGN (0x4)
                0x2000109c                PROVIDE (__preinit_array_start = .)
 *(.preinit_array)
                0x2000109c                PROVIDE (__preinit_array_end = .)
                0x2000109c                . = ALIGN (0x4)
                0x2000109c                PROVIDE (__init_array_start = .)
 *(SORT_BY_NAME(.init_array.*))
 *(.init_array)
 .init_array    0x2000109c        0x4 c:/siliconlabs/simplicitystudio/v5/developer/toolchains/gnu_arm/10.2_2020q4/bin/../lib/gcc/arm-none-eabi/10.2.1/thumb/v7e-m+fp/softfp/crtbegin.o
                0x200010a0                PROVIDE (__init_array_end = .)
                0x200010a0                . = ALIGN (0x4)
                [!provide]                PROVIDE (__fini_array_start = .)
 *(SORT_BY_NAME(.fini_array.*))
 *(.fini_array)
 .fini_array    0x200010a0        0x4 c:/siliconlabs/simplicitystudio/v5/developer/toolchains/gnu_arm/10.2_2020q4/bin/../lib/gcc/arm-none-eabi/10.2.1/thumb/v7e-m+fp/softfp/crtbegin.o
                [!provide]                PROVIDE (__fini_array_end = .)
                0x200010a4                . = ALIGN (0x4)
                0x200010a4                __data_end__ = .

.igot.plt       0x200010a4        0x0 load address 0x00003d3c
 .igot.plt      0x200010a4        0x0 c:/siliconlabs/simplicitystudio/v5/developer/toolchains/gnu_arm/10.2_2020q4/bin/../lib/gcc/arm-none-eabi/10.2.1/thumb/v7e-m+fp/softfp/crtbegin.o

.bss            0x200010a4      0x2a0 load address 0x00003d3c
                0x200010a4                . = ALIGN (0x4)
                0x200010a4                __bss_start__ = .
 *(.bss*)
 .bss           0x200010a4       0x1c c:/siliconlabs/simplicitystudio/v5/developer/toolchains/gnu_arm/10.2_2020q4/bin/../lib/gcc/arm-none-eabi/10.2.1/thumb/v7e-m+fp/softfp/crtbegin.o
 .bss.gpioCallbacks
                0x200010c0      0x200 ./gecko_sdk_4.0.0/platform/emdrv/gpiointerrupt/src/gpiointerrupt.o
 .bss.cmuStatus.3
                0x200012c0        0x4 ./gecko_sdk_4.0.0/platform/emlib/src/em_emu.o
 .bss.dcdcEm01LoadCurrent_mA
                0x200012c4        0x2 ./gecko_sdk_4.0.0/platform/emlib/src/em_emu.o
 .bss.dcdcMaxCurrent_mA
                0x200012c6        0x2 ./gecko_sdk_4.0.0/platform/emlib/src/em_emu.o
 .bss.dcdcReverseCurrentControl
                0x200012c8        0x2 ./gecko_sdk_4.0.0/platform/emlib/src/em_emu.o
 .bss.hfClock.2
                0x200012ca        0x1 ./gecko_sdk_4.0.0/platform/emlib/src/em_emu.o
 *fill*         0x200012cb        0x1 
 .bss.hfrcoCtrl.0
                0x200012cc        0x4 ./gecko_sdk_4.0.0/platform/emlib/src/em_emu.o
 .bss.vScaleEM01Config
                0x200012d0        0x1 ./gecko_sdk_4.0.0/platform/emlib/src/em_emu.o
 .bss.vScaleStatus.1
                0x200012d1        0x1 ./gecko_sdk_4.0.0/platform/emlib/src/em_emu.o
 *fill*         0x200012d2        0x2 
 .bss.clock_wakeup_timer_handle
                0x200012d4       0x1c ./gecko_sdk_4.0.0/platform/service/power_manager/src/sl_power_manager.o
 .bss.current_em
                0x200012f0        0x1 ./gecko_sdk_4.0.0/platform/service/power_manager/src/sl_power_manager.o
 *fill*         0x200012f1        0x3 
 .bss.high_frequency_min_offtime_tick
                0x200012f4        0x4 ./gecko_sdk_4.0.0/platform/service/power_manager/src/sl_power_manager.o
                0x200012f4                high_frequency_min_offtime_tick
 .bss.is_actively_waiting_for_clock_restore
                0x200012f8        0x1 ./gecko_sdk_4.0.0/platform/service/power_manager/src/sl_power_manager.o
 .bss.is_hf_x_oscillator_not_preserved
                0x200012f9        0x1 ./gecko_sdk_4.0.0/platform/service/power_manager/src/sl_power_manager.o
 .bss.is_initialized
                0x200012fa        0x1 ./gecko_sdk_4.0.0/platform/service/power_manager/src/sl_power_manager.o
 .bss.is_restored_from_hfxo_isr
                0x200012fb        0x1 ./gecko_sdk_4.0.0/platform/service/power_manager/src/sl_power_manager.o
 .bss.is_sleeping_waiting_for_clock_restore
                0x200012fc        0x1 ./gecko_sdk_4.0.0/platform/service/power_manager/src/sl_power_manager.o
 .bss.is_states_saved
                0x200012fd        0x1 ./gecko_sdk_4.0.0/platform/service/power_manager/src/sl_power_manager.o
 *fill*         0x200012fe        0x2 
 .bss.power_manager_em_transition_event_list
                0x20001300        0x4 ./gecko_sdk_4.0.0/platform/service/power_manager/src/sl_power_manager.o
 .bss.requirement_em_table
                0x20001304        0x2 ./gecko_sdk_4.0.0/platform/service/power_manager/src/sl_power_manager.o
 .bss.requirement_high_accuracy_hf_clock_counter
                0x20001306        0x1 ./gecko_sdk_4.0.0/platform/service/power_manager/src/sl_power_manager.o
                0x20001306                requirement_high_accuracy_hf_clock_counter
 .bss.requirement_on_em1_added
                0x20001307        0x1 ./gecko_sdk_4.0.0/platform/service/power_manager/src/sl_power_manager.o
 .bss.sleeptimer_frequency
                0x20001308        0x4 ./gecko_sdk_4.0.0/platform/service/power_manager/src/sl_power_manager.o
 .bss.waiting_clock_restore_from_em
                0x2000130c        0x1 ./gecko_sdk_4.0.0/platform/service/power_manager/src/sl_power_manager.o
 *fill*         0x2000130d        0x3 
 .bss.wakeup_time_config_overhead_tick
                0x20001310        0x4 ./gecko_sdk_4.0.0/platform/service/power_manager/src/sl_power_manager.o
                0x20001310                wakeup_time_config_overhead_tick
 .bss.cmu_status
                0x20001314        0x4 ./gecko_sdk_4.0.0/platform/service/power_manager/src/sl_power_manager_hal_s0_s1.o
 .bss.hf_x_oscillator_wakeup_time_tc_inital
                0x20001318        0x4 ./gecko_sdk_4.0.0/platform/service/power_manager/src/sl_power_manager_hal_s0_s1.o
 .bss.hfxo_wakeup_time_tick
                0x2000131c        0x4 ./gecko_sdk_4.0.0/platform/service/power_manager/src/sl_power_manager_hal_s0_s1.o
 .bss.is_dpll_used
                0x20001320        0x1 ./gecko_sdk_4.0.0/platform/service/power_manager/src/sl_power_manager_hal_s0_s1.o
 .bss.is_hf_x_oscillator_already_started
                0x20001321        0x1 ./gecko_sdk_4.0.0/platform/service/power_manager/src/sl_power_manager_hal_s0_s1.o
 .bss.is_hf_x_oscillator_used
                0x20001322        0x1 ./gecko_sdk_4.0.0/platform/service/power_manager/src/sl_power_manager_hal_s0_s1.o
 *fill*         0x20001323        0x1 
 .bss.process_wakeup_overhead_tick
                0x20001324        0x4 ./gecko_sdk_4.0.0/platform/service/power_manager/src/sl_power_manager_hal_s0_s1.o
 .bss.is_sleeptimer_initialized
                0x20001328        0x1 ./gecko_sdk_4.0.0/platform/service/sleeptimer/src/sl_sleeptimer.o
 *fill*         0x20001329        0x3 
 .bss.last_delta_update_count
                0x2000132c        0x4 ./gecko_sdk_4.0.0/platform/service/sleeptimer/src/sl_sleeptimer.o
 .bss.max_millisecond_conversion
                0x20001330        0x4 ./gecko_sdk_4.0.0/platform/service/sleeptimer/src/sl_sleeptimer.o
 .bss.next_timer_to_expire_is_power_manager
                0x20001334        0x1 ./gecko_sdk_4.0.0/platform/service/sleeptimer/src/sl_sleeptimer.o
 *fill*         0x20001335        0x1 
 .bss.overflow_counter
                0x20001336        0x2 ./gecko_sdk_4.0.0/platform/service/sleeptimer/src/sl_sleeptimer.o
 .bss.sleep_on_isr_exit
                0x20001338        0x1 ./gecko_sdk_4.0.0/platform/service/sleeptimer/src/sl_sleeptimer.o
 *fill*         0x20001339        0x3 
 .bss.timer_frequency
                0x2000133c        0x4 ./gecko_sdk_4.0.0/platform/service/sleeptimer/src/sl_sleeptimer.o
 .bss.timer_head
                0x20001340        0x4 ./gecko_sdk_4.0.0/platform/service/sleeptimer/src/sl_sleeptimer.o
 *(COMMON)
                0x20001344                . = ALIGN (0x4)
                0x20001344                __bss_end__ = .

.heap           0x20001348     0x6cb8
                0x20001348                __HeapBase = .
                0x20001348                __end__ = .
                0x20001348                end = __end__
                0x20001348                _end = __end__
 *(.heap*)
 .heap          0x20001348      0x800 ./gecko_sdk_4.0.0/platform/common/toolchain/src/sl_memory.o
                0x20008000                . = (ORIGIN (RAM) + LENGTH (RAM))
 *fill*         0x20001b48     0x64b8 
                0x20008000                __HeapLimit = .
                0x00006cb8                __heap_size = (__HeapLimit - __HeapBase)
                0x00040000                __main_flash_end__ = 0x40000

.internal_storage
                0x00003c98        0x0
 *(.internal_storage*)

.nvm            0x00003c98        0x0
 *(.simee*)
                0x00040000                linker_nvm_end = __main_flash_end__
                0x00040000                linker_nvm_begin = (linker_nvm_end - SIZEOF (.nvm))
                0x00000000                linker_nvm_size = SIZEOF (.nvm)
                0x00040000                linker_storage_end = linker_nvm_begin
                0x00040000                linker_storage_begin = (linker_storage_end - SIZEOF (.internal_storage))
                0x00000000                linker_storage_size = SIZEOF (.internal_storage)
                0x00040000                __nvm3Base = linker_nvm_begin
OUTPUT(simple_button_baremetal.axf elf32-littlearm)
LOAD linker stubs

.ARM.attributes
                0x00000000       0x2e
 .ARM.attributes
                0x00000000       0x1e c:/siliconlabs/simplicitystudio/v5/developer/toolchains/gnu_arm/10.2_2020q4/bin/../lib/gcc/arm-none-eabi/10.2.1/thumb/v7e-m+fp/softfp/crti.o
 .ARM.attributes
                0x0000001e       0x32 c:/siliconlabs/simplicitystudio/v5/developer/toolchains/gnu_arm/10.2_2020q4/bin/../lib/gcc/arm-none-eabi/10.2.1/thumb/v7e-m+fp/softfp/crtbegin.o
 .ARM.attributes
                0x00000050       0x1c c:/siliconlabs/simplicitystudio/v5/developer/toolchains/gnu_arm/10.2_2020q4/bin/../lib/gcc/arm-none-eabi/10.2.1/../../../../arm-none-eabi/lib/thumb/v7e-m+fp/softfp/crt0.o
 .ARM.attributes
                0x0000006c       0x32 ./app.o
 .ARM.attributes
                0x0000009e       0x32 ./main.o
 .ARM.attributes
                0x000000d0       0x32 ./simple_button_baremetal.o
 .ARM.attributes
                0x00000102       0x32 ./autogen/sl_board_default_init.o
 .ARM.attributes
                0x00000134       0x32 ./autogen/sl_device_init_clocks.o
 .ARM.attributes
                0x00000166       0x32 ./autogen/sl_event_handler.o
 .ARM.attributes
                0x00000198       0x32 ./autogen/sl_power_manager_handler.o
 .ARM.attributes
                0x000001ca       0x32 ./autogen/sl_simple_button_instances.o
 .ARM.attributes
                0x000001fc       0x32 ./autogen/sl_simple_led_instances.o
 .ARM.attributes
                0x0000022e       0x32 ./gecko_sdk_4.0.0/hardware/board/src/sl_board_control_gpio.o
 .ARM.attributes
                0x00000260       0x32 ./gecko_sdk_4.0.0/hardware/board/src/sl_board_init.o
 .ARM.attributes
                0x00000292       0x32 ./gecko_sdk_4.0.0/hardware/driver/mx25_flash_shutdown/src/sl_mx25_flash_shutdown_usart/sl_mx25_flash_shutdown.o
 .ARM.attributes
                0x000002c4       0x32 ./gecko_sdk_4.0.0/platform/Device/SiliconLabs/EFR32FG14P/Source/GCC/startup_efr32fg14p.o
 .ARM.attributes
                0x000002f6       0x32 ./gecko_sdk_4.0.0/platform/Device/SiliconLabs/EFR32FG14P/Source/system_efr32fg14p.o
 .ARM.attributes
                0x00000328       0x32 ./gecko_sdk_4.0.0/platform/common/src/sl_slist.o
 .ARM.attributes
                0x0000035a       0x32 ./gecko_sdk_4.0.0/platform/common/toolchain/src/sl_memory.o
 .ARM.attributes
                0x0000038c       0x32 ./gecko_sdk_4.0.0/platform/driver/button/src/sl_button.o
 .ARM.attributes
                0x000003be       0x32 ./gecko_sdk_4.0.0/platform/driver/button/src/sl_simple_button.o
 .ARM.attributes
                0x000003f0       0x32 ./gecko_sdk_4.0.0/platform/driver/leddrv/src/sl_led.o
 .ARM.attributes
                0x00000422       0x32 ./gecko_sdk_4.0.0/platform/driver/leddrv/src/sl_simple_led.o
 .ARM.attributes
                0x00000454       0x32 ./gecko_sdk_4.0.0/platform/emdrv/gpiointerrupt/src/gpiointerrupt.o
 .ARM.attributes
                0x00000486       0x32 ./gecko_sdk_4.0.0/platform/emlib/src/em_assert.o
 .ARM.attributes
                0x000004b8       0x32 ./gecko_sdk_4.0.0/platform/emlib/src/em_cmu.o
 .ARM.attributes
                0x000004ea       0x32 ./gecko_sdk_4.0.0/platform/emlib/src/em_core.o
 .ARM.attributes
                0x0000051c       0x32 ./gecko_sdk_4.0.0/platform/emlib/src/em_emu.o
 .ARM.attributes
                0x0000054e       0x32 ./gecko_sdk_4.0.0/platform/emlib/src/em_gpio.o
 .ARM.attributes
                0x00000580       0x32 ./gecko_sdk_4.0.0/platform/emlib/src/em_rtcc.o
 .ARM.attributes
                0x000005b2       0x32 ./gecko_sdk_4.0.0/platform/emlib/src/em_usart.o
 .ARM.attributes
                0x000005e4       0x32 ./gecko_sdk_4.0.0/platform/service/device_init/src/sl_device_init_dcdc_s1.o
 .ARM.attributes
                0x00000616       0x32 ./gecko_sdk_4.0.0/platform/service/device_init/src/sl_device_init_emu_s1.o
 .ARM.attributes
                0x00000648       0x32 ./gecko_sdk_4.0.0/platform/service/device_init/src/sl_device_init_hfxo_s1.o
 .ARM.attributes
                0x0000067a       0x32 ./gecko_sdk_4.0.0/platform/service/device_init/src/sl_device_init_lfxo_s1.o
 .ARM.attributes
                0x000006ac       0x32 ./gecko_sdk_4.0.0/platform/service/device_init/src/sl_device_init_nvic.o
 .ARM.attributes
                0x000006de       0x32 ./gecko_sdk_4.0.0/platform/service/power_manager/src/sl_power_manager.o
 .ARM.attributes
                0x00000710       0x32 ./gecko_sdk_4.0.0/platform/service/power_manager/src/sl_power_manager_hal_s0_s1.o
 .ARM.attributes
                0x00000742       0x32 ./gecko_sdk_4.0.0/platform/service/sleeptimer/src/sl_sleeptimer.o
 .ARM.attributes
                0x00000774       0x32 ./gecko_sdk_4.0.0/platform/service/sleeptimer/src/sl_sleeptimer_hal_rtcc.o
 .ARM.attributes
                0x000007a6       0x32 ./gecko_sdk_4.0.0/platform/service/system/src/sl_system_init.o
 .ARM.attributes
                0x000007d8       0x32 ./gecko_sdk_4.0.0/platform/service/system/src/sl_system_process_action.o
 .ARM.attributes
                0x0000080a       0x32 ./gecko_sdk_4.0.0/platform/service/udelay/src/sl_udelay.o
 .ARM.attributes
                0x0000083c       0x20 ./gecko_sdk_4.0.0/platform/service/udelay/src/sl_udelay_armv6m_gcc.o
 .ARM.attributes
                0x0000085c       0x1e c:/siliconlabs/simplicitystudio/v5/developer/toolchains/gnu_arm/10.2_2020q4/bin/../lib/gcc/arm-none-eabi/10.2.1/thumb/v7e-m+fp/softfp\libgcc.a(_aeabi_uldivmod.o)
 .ARM.attributes
                0x0000087a       0x32 c:/siliconlabs/simplicitystudio/v5/developer/toolchains/gnu_arm/10.2_2020q4/bin/../lib/gcc/arm-none-eabi/10.2.1/thumb/v7e-m+fp/softfp\libgcc.a(_udivmoddi4.o)
 .ARM.attributes
                0x000008ac       0x1e c:/siliconlabs/simplicitystudio/v5/developer/toolchains/gnu_arm/10.2_2020q4/bin/../lib/gcc/arm-none-eabi/10.2.1/thumb/v7e-m+fp/softfp\libgcc.a(_dvmd_tls.o)
 .ARM.attributes
                0x000008ca       0x32 c:/siliconlabs/simplicitystudio/v5/developer/toolchains/gnu_arm/10.2_2020q4/bin/../lib/gcc/arm-none-eabi/10.2.1/../../../../arm-none-eabi/lib/thumb/v7e-m+fp/softfp\libc_nano.a(lib_a-exit.o)
 .ARM.attributes
                0x000008fc       0x30 c:/siliconlabs/simplicitystudio/v5/developer/toolchains/gnu_arm/10.2_2020q4/bin/../lib/gcc/arm-none-eabi/10.2.1/../../../../arm-none-eabi/lib/thumb/v7e-m+fp/softfp\libc_nano.a(lib_a-impure.o)
 .ARM.attributes
                0x0000092c       0x32 c:/siliconlabs/simplicitystudio/v5/developer/toolchains/gnu_arm/10.2_2020q4/bin/../lib/gcc/arm-none-eabi/10.2.1/../../../../arm-none-eabi/lib/thumb/v7e-m+fp/softfp\libc_nano.a(lib_a-init.o)
 .ARM.attributes
                0x0000095e       0x32 c:/siliconlabs/simplicitystudio/v5/developer/toolchains/gnu_arm/10.2_2020q4/bin/../lib/gcc/arm-none-eabi/10.2.1/../../../../arm-none-eabi/lib/thumb/v7e-m+fp/softfp\libc_nano.a(lib_a-memset.o)
 .ARM.attributes
                0x00000990       0x32 c:/siliconlabs/simplicitystudio/v5/developer/toolchains/gnu_arm/10.2_2020q4/bin/../lib/gcc/arm-none-eabi/10.2.1/../../../../arm-none-eabi/lib/thumb/v7e-m+fp/softfp\libnosys.a(_exit.o)
 .ARM.attributes
                0x000009c2       0x1e c:/siliconlabs/simplicitystudio/v5/developer/toolchains/gnu_arm/10.2_2020q4/bin/../lib/gcc/arm-none-eabi/10.2.1/thumb/v7e-m+fp/softfp/crtn.o

.comment        0x00000000       0x4d
 .comment       0x00000000       0x4d ./app.o
                                 0x4e (size before relaxing)
 .comment       0x0000004d       0x4e ./main.o
 .comment       0x0000004d       0x4e ./simple_button_baremetal.o
 .comment       0x0000004d       0x4e ./autogen/sl_board_default_init.o
 .comment       0x0000004d       0x4e ./autogen/sl_device_init_clocks.o
 .comment       0x0000004d       0x4e ./autogen/sl_event_handler.o
 .comment       0x0000004d       0x4e ./autogen/sl_power_manager_handler.o
 .comment       0x0000004d       0x4e ./autogen/sl_simple_button_instances.o
 .comment       0x0000004d       0x4e ./autogen/sl_simple_led_instances.o
 .comment       0x0000004d       0x4e ./gecko_sdk_4.0.0/hardware/board/src/sl_board_control_gpio.o
 .comment       0x0000004d       0x4e ./gecko_sdk_4.0.0/hardware/board/src/sl_board_init.o
 .comment       0x0000004d       0x4e ./gecko_sdk_4.0.0/hardware/driver/mx25_flash_shutdown/src/sl_mx25_flash_shutdown_usart/sl_mx25_flash_shutdown.o
 .comment       0x0000004d       0x4e ./gecko_sdk_4.0.0/platform/Device/SiliconLabs/EFR32FG14P/Source/GCC/startup_efr32fg14p.o
 .comment       0x0000004d       0x4e ./gecko_sdk_4.0.0/platform/Device/SiliconLabs/EFR32FG14P/Source/system_efr32fg14p.o
 .comment       0x0000004d       0x4e ./gecko_sdk_4.0.0/platform/common/src/sl_slist.o
 .comment       0x0000004d       0x4e ./gecko_sdk_4.0.0/platform/common/toolchain/src/sl_memory.o
 .comment       0x0000004d       0x4e ./gecko_sdk_4.0.0/platform/driver/button/src/sl_button.o
 .comment       0x0000004d       0x4e ./gecko_sdk_4.0.0/platform/driver/button/src/sl_simple_button.o
 .comment       0x0000004d       0x4e ./gecko_sdk_4.0.0/platform/driver/leddrv/src/sl_led.o
 .comment       0x0000004d       0x4e ./gecko_sdk_4.0.0/platform/driver/leddrv/src/sl_simple_led.o
 .comment       0x0000004d       0x4e ./gecko_sdk_4.0.0/platform/emdrv/gpiointerrupt/src/gpiointerrupt.o
 .comment       0x0000004d       0x4e ./gecko_sdk_4.0.0/platform/emlib/src/em_assert.o
 .comment       0x0000004d       0x4e ./gecko_sdk_4.0.0/platform/emlib/src/em_cmu.o
 .comment       0x0000004d       0x4e ./gecko_sdk_4.0.0/platform/emlib/src/em_core.o
 .comment       0x0000004d       0x4e ./gecko_sdk_4.0.0/platform/emlib/src/em_emu.o
 .comment       0x0000004d       0x4e ./gecko_sdk_4.0.0/platform/emlib/src/em_gpio.o
 .comment       0x0000004d       0x4e ./gecko_sdk_4.0.0/platform/emlib/src/em_rtcc.o
 .comment       0x0000004d       0x4e ./gecko_sdk_4.0.0/platform/emlib/src/em_usart.o
 .comment       0x0000004d       0x4e ./gecko_sdk_4.0.0/platform/service/device_init/src/sl_device_init_dcdc_s1.o
 .comment       0x0000004d       0x4e ./gecko_sdk_4.0.0/platform/service/device_init/src/sl_device_init_emu_s1.o
 .comment       0x0000004d       0x4e ./gecko_sdk_4.0.0/platform/service/device_init/src/sl_device_init_hfxo_s1.o
 .comment       0x0000004d       0x4e ./gecko_sdk_4.0.0/platform/service/device_init/src/sl_device_init_lfxo_s1.o
 .comment       0x0000004d       0x4e ./gecko_sdk_4.0.0/platform/service/device_init/src/sl_device_init_nvic.o
 .comment       0x0000004d       0x4e ./gecko_sdk_4.0.0/platform/service/power_manager/src/sl_power_manager.o
 .comment       0x0000004d       0x4e ./gecko_sdk_4.0.0/platform/service/power_manager/src/sl_power_manager_hal_s0_s1.o
 .comment       0x0000004d       0x4e ./gecko_sdk_4.0.0/platform/service/sleeptimer/src/sl_sleeptimer.o
 .comment       0x0000004d       0x4e ./gecko_sdk_4.0.0/platform/service/sleeptimer/src/sl_sleeptimer_hal_rtcc.o
 .comment       0x0000004d       0x4e ./gecko_sdk_4.0.0/platform/service/system/src/sl_system_init.o
 .comment       0x0000004d       0x4e ./gecko_sdk_4.0.0/platform/service/system/src/sl_system_process_action.o
 .comment       0x0000004d       0x4e ./gecko_sdk_4.0.0/platform/service/udelay/src/sl_udelay.o

.debug_info     0x00000000    0x177b0
 .debug_info    0x00000000       0x94 ./app.o
 .debug_info    0x00000094      0x116 ./main.o
 .debug_info    0x000001aa      0x2e7 ./simple_button_baremetal.o
 .debug_info    0x00000491       0xa7 ./autogen/sl_board_default_init.o
 .debug_info    0x00000538      0x316 ./autogen/sl_device_init_clocks.o
 .debug_info    0x0000084e      0x494 ./autogen/sl_event_handler.o
 .debug_info    0x00000ce2      0x1bb ./autogen/sl_power_manager_handler.o
 .debug_info    0x00000e9d      0x317 ./autogen/sl_simple_button_instances.o
 .debug_info    0x000011b4      0x288 ./autogen/sl_simple_led_instances.o
 .debug_info    0x0000143c      0x552 ./gecko_sdk_4.0.0/hardware/board/src/sl_board_control_gpio.o
 .debug_info    0x0000198e      0x27b ./gecko_sdk_4.0.0/hardware/board/src/sl_board_init.o
 .debug_info    0x00001c09      0xd37 ./gecko_sdk_4.0.0/hardware/driver/mx25_flash_shutdown/src/sl_mx25_flash_shutdown_usart/sl_mx25_flash_shutdown.o
 .debug_info    0x00002940      0x247 ./gecko_sdk_4.0.0/platform/Device/SiliconLabs/EFR32FG14P/Source/GCC/startup_efr32fg14p.o
 .debug_info    0x00002b87      0xa34 ./gecko_sdk_4.0.0/platform/Device/SiliconLabs/EFR32FG14P/Source/system_efr32fg14p.o
 .debug_info    0x000035bb      0x3eb ./gecko_sdk_4.0.0/platform/common/src/sl_slist.o
 .debug_info    0x000039a6      0x209 ./gecko_sdk_4.0.0/platform/common/toolchain/src/sl_memory.o
 .debug_info    0x00003baf      0x2da ./gecko_sdk_4.0.0/platform/driver/button/src/sl_button.o
 .debug_info    0x00003e89      0xbd9 ./gecko_sdk_4.0.0/platform/driver/button/src/sl_simple_button.o
 .debug_info    0x00004a62      0x262 ./gecko_sdk_4.0.0/platform/driver/leddrv/src/sl_led.o
 .debug_info    0x00004cc4      0xa8a ./gecko_sdk_4.0.0/platform/driver/leddrv/src/sl_simple_led.o
 .debug_info    0x0000574e      0xc59 ./gecko_sdk_4.0.0/platform/emdrv/gpiointerrupt/src/gpiointerrupt.o
 .debug_info    0x000063a7       0x8a ./gecko_sdk_4.0.0/platform/emlib/src/em_assert.o
 .debug_info    0x00006431     0x3e7a ./gecko_sdk_4.0.0/platform/emlib/src/em_cmu.o
 .debug_info    0x0000a2ab     0x1125 ./gecko_sdk_4.0.0/platform/emlib/src/em_core.o
 .debug_info    0x0000b3d0     0x377f ./gecko_sdk_4.0.0/platform/emlib/src/em_emu.o
 .debug_info    0x0000eb4f      0xfce ./gecko_sdk_4.0.0/platform/emlib/src/em_gpio.o
 .debug_info    0x0000fb1d      0x751 ./gecko_sdk_4.0.0/platform/emlib/src/em_rtcc.o
 .debug_info    0x0001026e     0x14f1 ./gecko_sdk_4.0.0/platform/emlib/src/em_usart.o
 .debug_info    0x0001175f      0x271 ./gecko_sdk_4.0.0/platform/service/device_init/src/sl_device_init_dcdc_s1.o
 .debug_info    0x000119d0      0x1e3 ./gecko_sdk_4.0.0/platform/service/device_init/src/sl_device_init_emu_s1.o
 .debug_info    0x00011bb3      0x818 ./gecko_sdk_4.0.0/platform/service/device_init/src/sl_device_init_hfxo_s1.o
 .debug_info    0x000123cb      0x1b0 ./gecko_sdk_4.0.0/platform/service/device_init/src/sl_device_init_lfxo_s1.o
 .debug_info    0x0001257b      0x5d7 ./gecko_sdk_4.0.0/platform/service/device_init/src/sl_device_init_nvic.o
 .debug_info    0x00012b52     0x11b1 ./gecko_sdk_4.0.0/platform/service/power_manager/src/sl_power_manager.o
 .debug_info    0x00013d03      0xfec ./gecko_sdk_4.0.0/platform/service/power_manager/src/sl_power_manager_hal_s0_s1.o
 .debug_info    0x00014cef     0x1580 ./gecko_sdk_4.0.0/platform/service/sleeptimer/src/sl_sleeptimer.o
 .debug_info    0x0001626f     0x1256 ./gecko_sdk_4.0.0/platform/service/sleeptimer/src/sl_sleeptimer_hal_rtcc.o
 .debug_info    0x000174c5       0xbe ./gecko_sdk_4.0.0/platform/service/system/src/sl_system_init.o
 .debug_info    0x00017583       0xa7 ./gecko_sdk_4.0.0/platform/service/system/src/sl_system_process_action.o
 .debug_info    0x0001762a      0x160 ./gecko_sdk_4.0.0/platform/service/udelay/src/sl_udelay.o
 .debug_info    0x0001778a       0x26 ./gecko_sdk_4.0.0/platform/service/udelay/src/sl_udelay_armv6m_gcc.o

.debug_abbrev   0x00000000     0x4cf1
 .debug_abbrev  0x00000000       0x57 ./app.o
 .debug_abbrev  0x00000057       0x80 ./main.o
 .debug_abbrev  0x000000d7      0x162 ./simple_button_baremetal.o
 .debug_abbrev  0x00000239       0x6d ./autogen/sl_board_default_init.o
 .debug_abbrev  0x000002a6       0xd1 ./autogen/sl_device_init_clocks.o
 .debug_abbrev  0x00000377      0x145 ./autogen/sl_event_handler.o
 .debug_abbrev  0x000004bc       0xd8 ./autogen/sl_power_manager_handler.o
 .debug_abbrev  0x00000594      0x14c ./autogen/sl_simple_button_instances.o
 .debug_abbrev  0x000006e0      0x13b ./autogen/sl_simple_led_instances.o
 .debug_abbrev  0x0000081b      0x180 ./gecko_sdk_4.0.0/hardware/board/src/sl_board_control_gpio.o
 .debug_abbrev  0x0000099b       0xfd ./gecko_sdk_4.0.0/hardware/board/src/sl_board_init.o
 .debug_abbrev  0x00000a98      0x268 ./gecko_sdk_4.0.0/hardware/driver/mx25_flash_shutdown/src/sl_mx25_flash_shutdown_usart/sl_mx25_flash_shutdown.o
 .debug_abbrev  0x00000d00      0x157 ./gecko_sdk_4.0.0/platform/Device/SiliconLabs/EFR32FG14P/Source/GCC/startup_efr32fg14p.o
 .debug_abbrev  0x00000e57      0x239 ./gecko_sdk_4.0.0/platform/Device/SiliconLabs/EFR32FG14P/Source/system_efr32fg14p.o
 .debug_abbrev  0x00001090      0x166 ./gecko_sdk_4.0.0/platform/common/src/sl_slist.o
 .debug_abbrev  0x000011f6      0x121 ./gecko_sdk_4.0.0/platform/common/toolchain/src/sl_memory.o
 .debug_abbrev  0x00001317      0x134 ./gecko_sdk_4.0.0/platform/driver/button/src/sl_button.o
 .debug_abbrev  0x0000144b      0x346 ./gecko_sdk_4.0.0/platform/driver/button/src/sl_simple_button.o
 .debug_abbrev  0x00001791      0x100 ./gecko_sdk_4.0.0/platform/driver/leddrv/src/sl_led.o
 .debug_abbrev  0x00001891      0x31a ./gecko_sdk_4.0.0/platform/driver/leddrv/src/sl_simple_led.o
 .debug_abbrev  0x00001bab      0x3a9 ./gecko_sdk_4.0.0/platform/emdrv/gpiointerrupt/src/gpiointerrupt.o
 .debug_abbrev  0x00001f54       0x6f ./gecko_sdk_4.0.0/platform/emlib/src/em_assert.o
 .debug_abbrev  0x00001fc3      0x558 ./gecko_sdk_4.0.0/platform/emlib/src/em_cmu.o
 .debug_abbrev  0x0000251b      0x316 ./gecko_sdk_4.0.0/platform/emlib/src/em_core.o
 .debug_abbrev  0x00002831      0x57a ./gecko_sdk_4.0.0/platform/emlib/src/em_emu.o
 .debug_abbrev  0x00002dab      0x331 ./gecko_sdk_4.0.0/platform/emlib/src/em_gpio.o
 .debug_abbrev  0x000030dc      0x258 ./gecko_sdk_4.0.0/platform/emlib/src/em_rtcc.o
 .debug_abbrev  0x00003334      0x319 ./gecko_sdk_4.0.0/platform/emlib/src/em_usart.o
 .debug_abbrev  0x0000364d       0xf6 ./gecko_sdk_4.0.0/platform/service/device_init/src/sl_device_init_dcdc_s1.o
 .debug_abbrev  0x00003743       0xf6 ./gecko_sdk_4.0.0/platform/service/device_init/src/sl_device_init_emu_s1.o
 .debug_abbrev  0x00003839      0x169 ./gecko_sdk_4.0.0/platform/service/device_init/src/sl_device_init_hfxo_s1.o
 .debug_abbrev  0x000039a2       0xf0 ./gecko_sdk_4.0.0/platform/service/device_init/src/sl_device_init_lfxo_s1.o
 .debug_abbrev  0x00003a92      0x156 ./gecko_sdk_4.0.0/platform/service/device_init/src/sl_device_init_nvic.o
 .debug_abbrev  0x00003be8      0x404 ./gecko_sdk_4.0.0/platform/service/power_manager/src/sl_power_manager.o
 .debug_abbrev  0x00003fec      0x33a ./gecko_sdk_4.0.0/platform/service/power_manager/src/sl_power_manager_hal_s0_s1.o
 .debug_abbrev  0x00004326      0x3ee ./gecko_sdk_4.0.0/platform/service/sleeptimer/src/sl_sleeptimer.o
 .debug_abbrev  0x00004714      0x43a ./gecko_sdk_4.0.0/platform/service/sleeptimer/src/sl_sleeptimer_hal_rtcc.o
 .debug_abbrev  0x00004b4e       0x62 ./gecko_sdk_4.0.0/platform/service/system/src/sl_system_init.o
 .debug_abbrev  0x00004bb0       0x62 ./gecko_sdk_4.0.0/platform/service/system/src/sl_system_process_action.o
 .debug_abbrev  0x00004c12       0xcb ./gecko_sdk_4.0.0/platform/service/udelay/src/sl_udelay.o
 .debug_abbrev  0x00004cdd       0x14 ./gecko_sdk_4.0.0/platform/service/udelay/src/sl_udelay_armv6m_gcc.o

.debug_aranges  0x00000000      0xd98
 .debug_aranges
                0x00000000       0x28 ./app.o
 .debug_aranges
                0x00000028       0x20 ./main.o
 .debug_aranges
                0x00000048       0x28 ./simple_button_baremetal.o
 .debug_aranges
                0x00000070       0x20 ./autogen/sl_board_default_init.o
 .debug_aranges
                0x00000090       0x20 ./autogen/sl_device_init_clocks.o
 .debug_aranges
                0x000000b0       0x38 ./autogen/sl_event_handler.o
 .debug_aranges
                0x000000e8       0x38 ./autogen/sl_power_manager_handler.o
 .debug_aranges
                0x00000120       0x28 ./autogen/sl_simple_button_instances.o
 .debug_aranges
                0x00000148       0x20 ./autogen/sl_simple_led_instances.o
 .debug_aranges
                0x00000168       0x70 ./gecko_sdk_4.0.0/hardware/board/src/sl_board_control_gpio.o
 .debug_aranges
                0x000001d8       0x28 ./gecko_sdk_4.0.0/hardware/board/src/sl_board_init.o
 .debug_aranges
                0x00000200       0x30 ./gecko_sdk_4.0.0/hardware/driver/mx25_flash_shutdown/src/sl_mx25_flash_shutdown_usart/sl_mx25_flash_shutdown.o
 .debug_aranges
                0x00000230       0x28 ./gecko_sdk_4.0.0/platform/Device/SiliconLabs/EFR32FG14P/Source/GCC/startup_efr32fg14p.o
 .debug_aranges
                0x00000258       0x68 ./gecko_sdk_4.0.0/platform/Device/SiliconLabs/EFR32FG14P/Source/system_efr32fg14p.o
 .debug_aranges
                0x000002c0       0x50 ./gecko_sdk_4.0.0/platform/common/src/sl_slist.o
 .debug_aranges
                0x00000310       0x30 ./gecko_sdk_4.0.0/platform/common/toolchain/src/sl_memory.o
 .debug_aranges
                0x00000340       0x48 ./gecko_sdk_4.0.0/platform/driver/button/src/sl_button.o
 .debug_aranges
                0x00000388       0x50 ./gecko_sdk_4.0.0/platform/driver/button/src/sl_simple_button.o
 .debug_aranges
                0x000003d8       0x40 ./gecko_sdk_4.0.0/platform/driver/leddrv/src/sl_led.o
 .debug_aranges
                0x00000418       0x50 ./gecko_sdk_4.0.0/platform/driver/leddrv/src/sl_simple_led.o
 .debug_aranges
                0x00000468       0x48 ./gecko_sdk_4.0.0/platform/emdrv/gpiointerrupt/src/gpiointerrupt.o
 .debug_aranges
                0x000004b0       0x20 ./gecko_sdk_4.0.0/platform/emlib/src/em_assert.o
 .debug_aranges
                0x000004d0      0x168 ./gecko_sdk_4.0.0/platform/emlib/src/em_cmu.o
 .debug_aranges
                0x00000638       0xe8 ./gecko_sdk_4.0.0/platform/emlib/src/em_core.o
 .debug_aranges
                0x00000720      0x158 ./gecko_sdk_4.0.0/platform/emlib/src/em_emu.o
 .debug_aranges
                0x00000878       0x70 ./gecko_sdk_4.0.0/platform/emlib/src/em_gpio.o
 .debug_aranges
                0x000008e8       0x40 ./gecko_sdk_4.0.0/platform/emlib/src/em_rtcc.o
 .debug_aranges
                0x00000928       0xb8 ./gecko_sdk_4.0.0/platform/emlib/src/em_usart.o
 .debug_aranges
                0x000009e0       0x20 ./gecko_sdk_4.0.0/platform/service/device_init/src/sl_device_init_dcdc_s1.o
 .debug_aranges
                0x00000a00       0x20 ./gecko_sdk_4.0.0/platform/service/device_init/src/sl_device_init_emu_s1.o
 .debug_aranges
                0x00000a20       0x20 ./gecko_sdk_4.0.0/platform/service/device_init/src/sl_device_init_hfxo_s1.o
 .debug_aranges
                0x00000a40       0x20 ./gecko_sdk_4.0.0/platform/service/device_init/src/sl_device_init_lfxo_s1.o
 .debug_aranges
                0x00000a60       0x20 ./gecko_sdk_4.0.0/platform/service/device_init/src/sl_device_init_nvic.o
 .debug_aranges
                0x00000a80       0xc8 ./gecko_sdk_4.0.0/platform/service/power_manager/src/sl_power_manager.o
 .debug_aranges
                0x00000b48       0x78 ./gecko_sdk_4.0.0/platform/service/power_manager/src/sl_power_manager_hal_s0_s1.o
 .debug_aranges
                0x00000bc0       0xf0 ./gecko_sdk_4.0.0/platform/service/sleeptimer/src/sl_sleeptimer.o
 .debug_aranges
                0x00000cb0       0x68 ./gecko_sdk_4.0.0/platform/service/sleeptimer/src/sl_sleeptimer_hal_rtcc.o
 .debug_aranges
                0x00000d18       0x20 ./gecko_sdk_4.0.0/platform/service/system/src/sl_system_init.o
 .debug_aranges
                0x00000d38       0x20 ./gecko_sdk_4.0.0/platform/service/system/src/sl_system_process_action.o
 .debug_aranges
                0x00000d58       0x20 ./gecko_sdk_4.0.0/platform/service/udelay/src/sl_udelay.o
 .debug_aranges
                0x00000d78       0x20 ./gecko_sdk_4.0.0/platform/service/udelay/src/sl_udelay_armv6m_gcc.o

.debug_ranges   0x00000000     0x1558
 .debug_ranges  0x00000000       0x18 ./app.o
 .debug_ranges  0x00000018       0x10 ./main.o
 .debug_ranges  0x00000028       0x18 ./simple_button_baremetal.o
 .debug_ranges  0x00000040       0x10 ./autogen/sl_board_default_init.o
 .debug_ranges  0x00000050       0x10 ./autogen/sl_device_init_clocks.o
 .debug_ranges  0x00000060       0x40 ./autogen/sl_event_handler.o
 .debug_ranges  0x000000a0       0x28 ./autogen/sl_power_manager_handler.o
 .debug_ranges  0x000000c8       0x18 ./autogen/sl_simple_button_instances.o
 .debug_ranges  0x000000e0       0x10 ./autogen/sl_simple_led_instances.o
 .debug_ranges  0x000000f0       0x60 ./gecko_sdk_4.0.0/hardware/board/src/sl_board_control_gpio.o
 .debug_ranges  0x00000150       0x18 ./gecko_sdk_4.0.0/hardware/board/src/sl_board_init.o
 .debug_ranges  0x00000168       0x50 ./gecko_sdk_4.0.0/hardware/driver/mx25_flash_shutdown/src/sl_mx25_flash_shutdown_usart/sl_mx25_flash_shutdown.o
 .debug_ranges  0x000001b8       0x18 ./gecko_sdk_4.0.0/platform/Device/SiliconLabs/EFR32FG14P/Source/GCC/startup_efr32fg14p.o
 .debug_ranges  0x000001d0       0x58 ./gecko_sdk_4.0.0/platform/Device/SiliconLabs/EFR32FG14P/Source/system_efr32fg14p.o
 .debug_ranges  0x00000228       0x58 ./gecko_sdk_4.0.0/platform/common/src/sl_slist.o
 .debug_ranges  0x00000280       0x20 ./gecko_sdk_4.0.0/platform/common/toolchain/src/sl_memory.o
 .debug_ranges  0x000002a0       0x38 ./gecko_sdk_4.0.0/platform/driver/button/src/sl_button.o
 .debug_ranges  0x000002d8       0x88 ./gecko_sdk_4.0.0/platform/driver/button/src/sl_simple_button.o
 .debug_ranges  0x00000360       0x30 ./gecko_sdk_4.0.0/platform/driver/leddrv/src/sl_led.o
 .debug_ranges  0x00000390       0xd0 ./gecko_sdk_4.0.0/platform/driver/leddrv/src/sl_simple_led.o
 .debug_ranges  0x00000460      0x108 ./gecko_sdk_4.0.0/platform/emdrv/gpiointerrupt/src/gpiointerrupt.o
 .debug_ranges  0x00000568       0x10 ./gecko_sdk_4.0.0/platform/emlib/src/em_assert.o
 .debug_ranges  0x00000578      0x380 ./gecko_sdk_4.0.0/platform/emlib/src/em_cmu.o
 .debug_ranges  0x000008f8      0x188 ./gecko_sdk_4.0.0/platform/emlib/src/em_core.o
 .debug_ranges  0x00000a80      0x3b0 ./gecko_sdk_4.0.0/platform/emlib/src/em_emu.o
 .debug_ranges  0x00000e30       0xc0 ./gecko_sdk_4.0.0/platform/emlib/src/em_gpio.o
 .debug_ranges  0x00000ef0       0x50 ./gecko_sdk_4.0.0/platform/emlib/src/em_rtcc.o
 .debug_ranges  0x00000f40       0xa8 ./gecko_sdk_4.0.0/platform/emlib/src/em_usart.o
 .debug_ranges  0x00000fe8       0x10 ./gecko_sdk_4.0.0/platform/service/device_init/src/sl_device_init_dcdc_s1.o
 .debug_ranges  0x00000ff8       0x10 ./gecko_sdk_4.0.0/platform/service/device_init/src/sl_device_init_emu_s1.o
 .debug_ranges  0x00001008       0x10 ./gecko_sdk_4.0.0/platform/service/device_init/src/sl_device_init_hfxo_s1.o
 .debug_ranges  0x00001018       0x10 ./gecko_sdk_4.0.0/platform/service/device_init/src/sl_device_init_lfxo_s1.o
 .debug_ranges  0x00001028       0x58 ./gecko_sdk_4.0.0/platform/service/device_init/src/sl_device_init_nvic.o
 .debug_ranges  0x00001080      0x140 ./gecko_sdk_4.0.0/platform/service/power_manager/src/sl_power_manager.o
 .debug_ranges  0x000011c0       0x80 ./gecko_sdk_4.0.0/platform/service/power_manager/src/sl_power_manager_hal_s0_s1.o
 .debug_ranges  0x00001240      0x1a0 ./gecko_sdk_4.0.0/platform/service/sleeptimer/src/sl_sleeptimer.o
 .debug_ranges  0x000013e0      0x148 ./gecko_sdk_4.0.0/platform/service/sleeptimer/src/sl_sleeptimer_hal_rtcc.o
 .debug_ranges  0x00001528       0x10 ./gecko_sdk_4.0.0/platform/service/system/src/sl_system_init.o
 .debug_ranges  0x00001538       0x10 ./gecko_sdk_4.0.0/platform/service/system/src/sl_system_process_action.o
 .debug_ranges  0x00001548       0x10 ./gecko_sdk_4.0.0/platform/service/udelay/src/sl_udelay.o

.debug_macro    0x00000000    0x35477
 .debug_macro   0x00000000       0x24 ./app.o
 .debug_macro   0x00000024      0xa84 ./app.o
 .debug_macro   0x00000aa8       0x10 ./app.o
 .debug_macro   0x00000ab8      0x3e8 ./main.o
 .debug_macro   0x00000ea0       0x4c ./main.o
 .debug_macro   0x00000eec       0x28 ./main.o
 .debug_macro   0x00000f14      0x44f ./main.o
 .debug_macro   0x00001363       0x22 ./main.o
 .debug_macro   0x00001385       0x56 ./main.o
 .debug_macro   0x000013db       0x51 ./main.o
 .debug_macro   0x0000142c      0x103 ./main.o
 .debug_macro   0x0000152f       0x6a ./main.o
 .debug_macro   0x00001599      0x1df ./main.o
 .debug_macro   0x00001778       0x1c ./main.o
 .debug_macro   0x00001794       0x22 ./main.o
 .debug_macro   0x000017b6       0xd9 ./main.o
 .debug_macro   0x0000188f      0xff5 ./main.o
 .debug_macro   0x00002884       0xe2 ./main.o
 .debug_macro   0x00002966      0xcd6 ./main.o
 .debug_macro   0x0000363c     0x201c ./main.o
 .debug_macro   0x00005658      0x329 ./main.o
 .debug_macro   0x00005981     0x3269 ./main.o
 .debug_macro   0x00008bea     0x1b2e ./main.o
 .debug_macro   0x0000a718     0x2172 ./main.o
 .debug_macro   0x0000c88a     0x19bb ./main.o
 .debug_macro   0x0000e245      0xca3 ./main.o
 .debug_macro   0x0000eee8      0x344 ./main.o
 .debug_macro   0x0000f22c      0x29d ./main.o
 .debug_macro   0x0000f4c9     0x2786 ./main.o
 .debug_macro   0x00011c4f     0x31cc ./main.o
 .debug_macro   0x00014e1b     0x136b ./main.o
 .debug_macro   0x00016186      0xde2 ./main.o
 .debug_macro   0x00016f68      0x249 ./main.o
 .debug_macro   0x000171b1     0x1042 ./main.o
 .debug_macro   0x000181f3     0x1605 ./main.o
 .debug_macro   0x000197f8     0x3cb7 ./main.o
 .debug_macro   0x0001d4af     0x23fc ./main.o
 .debug_macro   0x0001f8ab     0x2479 ./main.o
 .debug_macro   0x00021d24     0x2efb ./main.o
 .debug_macro   0x00024c1f      0xfaf ./main.o
 .debug_macro   0x00025bce      0x6c3 ./main.o
 .debug_macro   0x00026291      0x65d ./main.o
 .debug_macro   0x000268ee      0x731 ./main.o
 .debug_macro   0x0002701f      0x4ff ./main.o
 .debug_macro   0x0002751e     0x1a91 ./main.o
 .debug_macro   0x00028faf       0x40 ./main.o
 .debug_macro   0x00028fef      0x25e ./main.o
 .debug_macro   0x0002924d      0x2ee ./main.o
 .debug_macro   0x0002953b      0x10c ./main.o
 .debug_macro   0x00029647     0x29fd ./main.o
 .debug_macro   0x0002c044      0x22a ./main.o
 .debug_macro   0x0002c26e      0x22a ./main.o
 .debug_macro   0x0002c498       0x22 ./main.o
 .debug_macro   0x0002c4ba       0x10 ./main.o
 .debug_macro   0x0002c4ca       0x78 ./main.o
 .debug_macro   0x0002c542       0x10 ./main.o
 .debug_macro   0x0002c552       0xf6 ./main.o
 .debug_macro   0x0002c648       0x18 ./main.o