Archive member included to satisfy reference by file (symbol)

c:/siliconlabs/simplicitystudio/v5/developer/toolchains/gnu_arm/10.2_2020q4/bin/../lib/gcc/arm-none-eabi/10.2.1/../../../../arm-none-eabi/lib/thumb/v7e-m+fp/softfp\libc_nano.a(lib_a-exit.o)
                              c:/siliconlabs/simplicitystudio/v5/developer/toolchains/gnu_arm/10.2_2020q4/bin/../lib/gcc/arm-none-eabi/10.2.1/../../../../arm-none-eabi/lib/thumb/v7e-m+fp/softfp/crt0.o (exit)
c:/siliconlabs/simplicitystudio/v5/developer/toolchains/gnu_arm/10.2_2020q4/bin/../lib/gcc/arm-none-eabi/10.2.1/../../../../arm-none-eabi/lib/thumb/v7e-m+fp/softfp\libc_nano.a(lib_a-impure.o)
                              c:/siliconlabs/simplicitystudio/v5/developer/toolchains/gnu_arm/10.2_2020q4/bin/../lib/gcc/arm-none-eabi/10.2.1/../../../../arm-none-eabi/lib/thumb/v7e-m+fp/softfp\libc_nano.a(lib_a-exit.o) (_global_impure_ptr)
c:/siliconlabs/simplicitystudio/v5/developer/toolchains/gnu_arm/10.2_2020q4/bin/../lib/gcc/arm-none-eabi/10.2.1/../../../../arm-none-eabi/lib/thumb/v7e-m+fp/softfp\libc_nano.a(lib_a-init.o)
                              c:/siliconlabs/simplicitystudio/v5/developer/toolchains/gnu_arm/10.2_2020q4/bin/../lib/gcc/arm-none-eabi/10.2.1/../../../../arm-none-eabi/lib/thumb/v7e-m+fp/softfp/crt0.o (__libc_init_array)
c:/siliconlabs/simplicitystudio/v5/developer/toolchains/gnu_arm/10.2_2020q4/bin/../lib/gcc/arm-none-eabi/10.2.1/../../../../arm-none-eabi/lib/thumb/v7e-m+fp/softfp\libc_nano.a(lib_a-memset.o)
                              c:/siliconlabs/simplicitystudio/v5/developer/toolchains/gnu_arm/10.2_2020q4/bin/../lib/gcc/arm-none-eabi/10.2.1/../../../../arm-none-eabi/lib/thumb/v7e-m+fp/softfp/crt0.o (memset)
c:/siliconlabs/simplicitystudio/v5/developer/toolchains/gnu_arm/10.2_2020q4/bin/../lib/gcc/arm-none-eabi/10.2.1/../../../../arm-none-eabi/lib/thumb/v7e-m+fp/softfp\libnosys.a(_exit.o)
                              c:/siliconlabs/simplicitystudio/v5/developer/toolchains/gnu_arm/10.2_2020q4/bin/../lib/gcc/arm-none-eabi/10.2.1/../../../../arm-none-eabi/lib/thumb/v7e-m+fp/softfp\libc_nano.a(lib_a-exit.o) (_exit)

Discarded input sections

 .text          0x00000000        0x0 c:/siliconlabs/simplicitystudio/v5/developer/toolchains/gnu_arm/10.2_2020q4/bin/../lib/gcc/arm-none-eabi/10.2.1/thumb/v7e-m+fp/softfp/crti.o
 .data          0x00000000        0x0 c:/siliconlabs/simplicitystudio/v5/developer/toolchains/gnu_arm/10.2_2020q4/bin/../lib/gcc/arm-none-eabi/10.2.1/thumb/v7e-m+fp/softfp/crti.o
 .bss           0x00000000        0x0 c:/siliconlabs/simplicitystudio/v5/developer/toolchains/gnu_arm/10.2_2020q4/bin/../lib/gcc/arm-none-eabi/10.2.1/thumb/v7e-m+fp/softfp/crti.o
 .data          0x00000000        0x4 c:/siliconlabs/simplicitystudio/v5/developer/toolchains/gnu_arm/10.2_2020q4/bin/../lib/gcc/arm-none-eabi/10.2.1/thumb/v7e-m+fp/softfp/crtbegin.o
 .rodata        0x00000000       0x24 c:/siliconlabs/simplicitystudio/v5/developer/toolchains/gnu_arm/10.2_2020q4/bin/../lib/gcc/arm-none-eabi/10.2.1/thumb/v7e-m+fp/softfp/crtbegin.o
 .data          0x00000000        0x0 c:/siliconlabs/simplicitystudio/v5/developer/toolchains/gnu_arm/10.2_2020q4/bin/../lib/gcc/arm-none-eabi/10.2.1/../../../../arm-none-eabi/lib/thumb/v7e-m+fp/softfp/crt0.o
 .bss           0x00000000        0x0 c:/siliconlabs/simplicitystudio/v5/developer/toolchains/gnu_arm/10.2_2020q4/bin/../lib/gcc/arm-none-eabi/10.2.1/../../../../arm-none-eabi/lib/thumb/v7e-m+fp/softfp/crt0.o
 .ARM.extab     0x00000000        0x0 c:/siliconlabs/simplicitystudio/v5/developer/toolchains/gnu_arm/10.2_2020q4/bin/../lib/gcc/arm-none-eabi/10.2.1/../../../../arm-none-eabi/lib/thumb/v7e-m+fp/softfp/crt0.o
 .data          0x00000000        0x0 ./CMSIS/EFR32FG14P/startup_efr32fg14p.o
 .bss           0x00000000        0x0 ./CMSIS/EFR32FG14P/startup_efr32fg14p.o
 .group         0x00000000        0xc ./CMSIS/EFR32FG14P/system_efr32fg14p.o
 .group         0x00000000        0xc ./CMSIS/EFR32FG14P/system_efr32fg14p.o
 .group         0x00000000        0xc ./CMSIS/EFR32FG14P/system_efr32fg14p.o
 .group         0x00000000        0xc ./CMSIS/EFR32FG14P/system_efr32fg14p.o
 .group         0x00000000        0xc ./CMSIS/EFR32FG14P/system_efr32fg14p.o
 .group         0x00000000        0xc ./CMSIS/EFR32FG14P/system_efr32fg14p.o
 .group         0x00000000        0xc ./CMSIS/EFR32FG14P/system_efr32fg14p.o
 .group         0x00000000        0xc ./CMSIS/EFR32FG14P/system_efr32fg14p.o
 .group         0x00000000        0xc ./CMSIS/EFR32FG14P/system_efr32fg14p.o
 .group         0x00000000        0xc ./CMSIS/EFR32FG14P/system_efr32fg14p.o
 .group         0x00000000        0xc ./CMSIS/EFR32FG14P/system_efr32fg14p.o
 .group         0x00000000        0xc ./CMSIS/EFR32FG14P/system_efr32fg14p.o
 .group         0x00000000        0xc ./CMSIS/EFR32FG14P/system_efr32fg14p.o
 .group         0x00000000        0xc ./CMSIS/EFR32FG14P/system_efr32fg14p.o
 .group         0x00000000        0xc ./CMSIS/EFR32FG14P/system_efr32fg14p.o
 .group         0x00000000        0xc ./CMSIS/EFR32FG14P/system_efr32fg14p.o
 .group         0x00000000        0xc ./CMSIS/EFR32FG14P/system_efr32fg14p.o
 .group         0x00000000        0xc ./CMSIS/EFR32FG14P/system_efr32fg14p.o
 .group         0x00000000        0xc ./CMSIS/EFR32FG14P/system_efr32fg14p.o
 .group         0x00000000        0xc ./CMSIS/EFR32FG14P/system_efr32fg14p.o
 .group         0x00000000        0xc ./CMSIS/EFR32FG14P/system_efr32fg14p.o
 .group         0x00000000        0xc ./CMSIS/EFR32FG14P/system_efr32fg14p.o
 .group         0x00000000        0xc ./CMSIS/EFR32FG14P/system_efr32fg14p.o
 .group         0x00000000        0xc ./CMSIS/EFR32FG14P/system_efr32fg14p.o
 .group         0x00000000        0xc ./CMSIS/EFR32FG14P/system_efr32fg14p.o
 .group         0x00000000        0xc ./CMSIS/EFR32FG14P/system_efr32fg14p.o
 .group         0x00000000        0xc ./CMSIS/EFR32FG14P/system_efr32fg14p.o
 .group         0x00000000        0xc ./CMSIS/EFR32FG14P/system_efr32fg14p.o
 .group         0x00000000        0xc ./CMSIS/EFR32FG14P/system_efr32fg14p.o
 .group         0x00000000        0xc ./CMSIS/EFR32FG14P/system_efr32fg14p.o
 .group         0x00000000        0xc ./CMSIS/EFR32FG14P/system_efr32fg14p.o
 .group         0x00000000        0xc ./CMSIS/EFR32FG14P/system_efr32fg14p.o
 .group         0x00000000        0xc ./CMSIS/EFR32FG14P/system_efr32fg14p.o
 .group         0x00000000        0xc ./CMSIS/EFR32FG14P/system_efr32fg14p.o
 .group         0x00000000        0xc ./CMSIS/EFR32FG14P/system_efr32fg14p.o
 .group         0x00000000        0xc ./CMSIS/EFR32FG14P/system_efr32fg14p.o
 .group         0x00000000        0xc ./CMSIS/EFR32FG14P/system_efr32fg14p.o
 .group         0x00000000        0xc ./CMSIS/EFR32FG14P/system_efr32fg14p.o
 .group         0x00000000        0xc ./CMSIS/EFR32FG14P/system_efr32fg14p.o
 .group         0x00000000        0xc ./CMSIS/EFR32FG14P/system_efr32fg14p.o
 .group         0x00000000        0xc ./CMSIS/EFR32FG14P/system_efr32fg14p.o
 .group         0x00000000        0xc ./CMSIS/EFR32FG14P/system_efr32fg14p.o
 .group         0x00000000        0xc ./CMSIS/EFR32FG14P/system_efr32fg14p.o
 .group         0x00000000        0xc ./CMSIS/EFR32FG14P/system_efr32fg14p.o
 .group         0x00000000        0xc ./CMSIS/EFR32FG14P/system_efr32fg14p.o
 .group         0x00000000        0xc ./CMSIS/EFR32FG14P/system_efr32fg14p.o
 .group         0x00000000        0xc ./CMSIS/EFR32FG14P/system_efr32fg14p.o
 .text          0x00000000        0x0 ./CMSIS/EFR32FG14P/system_efr32fg14p.o
 .data          0x00000000        0x0 ./CMSIS/EFR32FG14P/system_efr32fg14p.o
 .bss           0x00000000        0x0 ./CMSIS/EFR32FG14P/system_efr32fg14p.o
 .text.SystemMaxCoreClockGet
                0x00000000        0x8 ./CMSIS/EFR32FG14P/system_efr32fg14p.o
 .text.SystemCoreClockGet
                0x00000000       0x24 ./CMSIS/EFR32FG14P/system_efr32fg14p.o
 .text.SystemHFXOClockSet
                0x00000000       0x3c ./CMSIS/EFR32FG14P/system_efr32fg14p.o
 .text.SystemLFXOClockSet
                0x00000000       0x3c ./CMSIS/EFR32FG14P/system_efr32fg14p.o
 .data.SystemCoreClock
                0x00000000        0x4 ./CMSIS/EFR32FG14P/system_efr32fg14p.o
 .group         0x00000000        0xc ./emlib/em_adc.o
 .group         0x00000000        0xc ./emlib/em_adc.o
 .group         0x00000000        0xc ./emlib/em_adc.o
 .group         0x00000000        0xc ./emlib/em_adc.o
 .group         0x00000000        0xc ./emlib/em_adc.o
 .group         0x00000000        0xc ./emlib/em_adc.o
 .group         0x00000000        0xc ./emlib/em_adc.o
 .group         0x00000000        0xc ./emlib/em_adc.o
 .group         0x00000000        0xc ./emlib/em_adc.o
 .group         0x00000000        0xc ./emlib/em_adc.o
 .group         0x00000000        0xc ./emlib/em_adc.o
 .group         0x00000000        0xc ./emlib/em_adc.o
 .group         0x00000000        0xc ./emlib/em_adc.o
 .group         0x00000000        0xc ./emlib/em_adc.o
 .group         0x00000000        0xc ./emlib/em_adc.o
 .group         0x00000000        0xc ./emlib/em_adc.o
 .group         0x00000000        0xc ./emlib/em_adc.o
 .group         0x00000000        0xc ./emlib/em_adc.o
 .group         0x00000000        0xc ./emlib/em_adc.o
 .group         0x00000000        0xc ./emlib/em_adc.o
 .group         0x00000000        0xc ./emlib/em_adc.o
 .group         0x00000000        0xc ./emlib/em_adc.o
 .group         0x00000000        0xc ./emlib/em_adc.o
 .group         0x00000000        0xc ./emlib/em_adc.o
 .group         0x00000000        0xc ./emlib/em_adc.o
 .group         0x00000000        0xc ./emlib/em_adc.o
 .group         0x00000000        0xc ./emlib/em_adc.o
 .group         0x00000000        0xc ./emlib/em_adc.o
 .group         0x00000000        0xc ./emlib/em_adc.o
 .group         0x00000000        0xc ./emlib/em_adc.o
 .group         0x00000000        0xc ./emlib/em_adc.o
 .group         0x00000000        0xc ./emlib/em_adc.o
 .group         0x00000000        0xc ./emlib/em_adc.o
 .group         0x00000000        0xc ./emlib/em_adc.o
 .group         0x00000000        0xc ./emlib/em_adc.o
 .group         0x00000000        0xc ./emlib/em_adc.o
 .group         0x00000000        0xc ./emlib/em_adc.o
 .group         0x00000000        0xc ./emlib/em_adc.o
 .group         0x00000000        0xc ./emlib/em_adc.o
 .group         0x00000000        0xc ./emlib/em_adc.o
 .group         0x00000000        0xc ./emlib/em_adc.o
 .group         0x00000000        0xc ./emlib/em_adc.o
 .group         0x00000000        0xc ./emlib/em_adc.o
 .group         0x00000000        0xc ./emlib/em_adc.o
 .group         0x00000000        0xc ./emlib/em_adc.o
 .group         0x00000000        0xc ./emlib/em_adc.o
 .group         0x00000000        0xc ./emlib/em_adc.o
 .group         0x00000000        0xc ./emlib/em_adc.o
 .group         0x00000000        0xc ./emlib/em_adc.o
 .group         0x00000000        0xc ./emlib/em_adc.o
 .group         0x00000000        0xc ./emlib/em_adc.o
 .group         0x00000000        0xc ./emlib/em_adc.o
 .group         0x00000000        0xc ./emlib/em_adc.o
 .group         0x00000000        0xc ./emlib/em_adc.o
 .group         0x00000000        0xc ./emlib/em_adc.o
 .text          0x00000000        0x0 ./emlib/em_adc.o
 .data          0x00000000        0x0 ./emlib/em_adc.o
 .bss           0x00000000        0x0 ./emlib/em_adc.o
 .text.ADC_ScanInputClear
                0x00000000       0x14 ./emlib/em_adc.o
 .text.ADC_ScanSingleEndedInputAdd
                0x00000000       0x4c ./emlib/em_adc.o
 .text.ADC_ScanDifferentialInputAdd
                0x00000000       0xfc ./emlib/em_adc.o
 .text.ADC_InitScan
                0x00000000       0xa0 ./emlib/em_adc.o
 .text.ADC_DataIdScanGet
                0x00000000        0xc ./emlib/em_adc.o
 .text.ADC_Reset
                0x00000000       0xbc ./emlib/em_adc.o
 .rodata.CSWTCH.8
                0x00000000       0x14 ./emlib/em_adc.o
 .debug_macro   0x00000000      0xa66 ./emlib/em_adc.o
 .debug_macro   0x00000000      0x44f ./emlib/em_adc.o
 .debug_macro   0x00000000       0x22 ./emlib/em_adc.o
 .debug_macro   0x00000000       0x56 ./emlib/em_adc.o
 .debug_macro   0x00000000       0x51 ./emlib/em_adc.o
 .debug_macro   0x00000000      0x103 ./emlib/em_adc.o
 .debug_macro   0x00000000       0x6a ./emlib/em_adc.o
 .debug_macro   0x00000000      0x1df ./emlib/em_adc.o
 .debug_macro   0x00000000       0x1c ./emlib/em_adc.o
 .debug_macro   0x00000000       0x22 ./emlib/em_adc.o
 .debug_macro   0x00000000       0xd9 ./emlib/em_adc.o
 .debug_macro   0x00000000      0xff5 ./emlib/em_adc.o
 .debug_macro   0x00000000       0xe2 ./emlib/em_adc.o
 .debug_macro   0x00000000      0xcd6 ./emlib/em_adc.o
 .debug_macro   0x00000000     0x201c ./emlib/em_adc.o
 .debug_macro   0x00000000      0x329 ./emlib/em_adc.o
 .debug_macro   0x00000000     0x3269 ./emlib/em_adc.o
 .debug_macro   0x00000000     0x1b2e ./emlib/em_adc.o
 .debug_macro   0x00000000     0x2172 ./emlib/em_adc.o
 .debug_macro   0x00000000     0x19bb ./emlib/em_adc.o
 .debug_macro   0x00000000      0xca3 ./emlib/em_adc.o
 .debug_macro   0x00000000      0x344 ./emlib/em_adc.o
 .debug_macro   0x00000000      0x29d ./emlib/em_adc.o
 .debug_macro   0x00000000     0x2786 ./emlib/em_adc.o
 .debug_macro   0x00000000     0x31cc ./emlib/em_adc.o
 .debug_macro   0x00000000     0x136b ./emlib/em_adc.o
 .debug_macro   0x00000000      0xde2 ./emlib/em_adc.o
 .debug_macro   0x00000000      0x249 ./emlib/em_adc.o
 .debug_macro   0x00000000     0x1042 ./emlib/em_adc.o
 .debug_macro   0x00000000     0x1605 ./emlib/em_adc.o
 .debug_macro   0x00000000     0x3cb7 ./emlib/em_adc.o
 .debug_macro   0x00000000     0x23fc ./emlib/em_adc.o
 .debug_macro   0x00000000     0x2479 ./emlib/em_adc.o
 .debug_macro   0x00000000     0x2efb ./emlib/em_adc.o
 .debug_macro   0x00000000      0xfaf ./emlib/em_adc.o
 .debug_macro   0x00000000      0x6c3 ./emlib/em_adc.o
 .debug_macro   0x00000000      0x65d ./emlib/em_adc.o
 .debug_macro   0x00000000      0x731 ./emlib/em_adc.o
 .debug_macro   0x00000000      0x4ff ./emlib/em_adc.o
 .debug_macro   0x00000000     0x1a91 ./emlib/em_adc.o
 .debug_macro   0x00000000       0x40 ./emlib/em_adc.o
 .debug_macro   0x00000000      0x25e ./emlib/em_adc.o
 .debug_macro   0x00000000      0x2ee ./emlib/em_adc.o
 .debug_macro   0x00000000      0x10c ./emlib/em_adc.o
 .debug_macro   0x00000000     0x29fd ./emlib/em_adc.o
 .debug_macro   0x00000000      0x22a ./emlib/em_adc.o
 .debug_macro   0x00000000      0x22a ./emlib/em_adc.o
 .group         0x00000000        0xc ./emlib/em_cmu.o
 .group         0x00000000        0xc ./emlib/em_cmu.o
 .group         0x00000000        0xc ./emlib/em_cmu.o
 .group         0x00000000        0xc ./emlib/em_cmu.o
 .group         0x00000000        0xc ./emlib/em_cmu.o
 .group         0x00000000        0xc ./emlib/em_cmu.o
 .group         0x00000000        0xc ./emlib/em_cmu.o
 .group         0x00000000        0xc ./emlib/em_cmu.o
 .group         0x00000000        0xc ./emlib/em_cmu.o
 .group         0x00000000        0xc ./emlib/em_cmu.o
 .group         0x00000000        0xc ./emlib/em_cmu.o
 .group         0x00000000        0xc ./emlib/em_cmu.o
 .group         0x00000000        0xc ./emlib/em_cmu.o
 .group         0x00000000        0xc ./emlib/em_cmu.o
 .group         0x00000000        0xc ./emlib/em_cmu.o
 .group         0x00000000        0xc ./emlib/em_cmu.o
 .group         0x00000000        0xc ./emlib/em_cmu.o
 .group         0x00000000        0xc ./emlib/em_cmu.o
 .group         0x00000000        0xc ./emlib/em_cmu.o
 .group         0x00000000        0xc ./emlib/em_cmu.o
 .group         0x00000000        0xc ./emlib/em_cmu.o
 .group         0x00000000        0xc ./emlib/em_cmu.o
 .group         0x00000000        0xc ./emlib/em_cmu.o
 .group         0x00000000        0xc ./emlib/em_cmu.o
 .group         0x00000000        0xc ./emlib/em_cmu.o
 .group         0x00000000        0xc ./emlib/em_cmu.o
 .group         0x00000000        0xc ./emlib/em_cmu.o
 .group         0x00000000        0xc ./emlib/em_cmu.o
 .group         0x00000000        0xc ./emlib/em_cmu.o
 .group         0x00000000        0xc ./emlib/em_cmu.o
 .group         0x00000000        0xc ./emlib/em_cmu.o
 .group         0x00000000        0xc ./emlib/em_cmu.o
 .group         0x00000000        0xc ./emlib/em_cmu.o
 .group         0x00000000        0xc ./emlib/em_cmu.o
 .group         0x00000000        0xc ./emlib/em_cmu.o
 .group         0x00000000        0xc ./emlib/em_cmu.o
 .group         0x00000000        0xc ./emlib/em_cmu.o
 .group         0x00000000        0xc ./emlib/em_cmu.o
 .group         0x00000000        0xc ./emlib/em_cmu.o
 .group         0x00000000        0xc ./emlib/em_cmu.o
 .group         0x00000000        0xc ./emlib/em_cmu.o
 .group         0x00000000        0xc ./emlib/em_cmu.o
 .group         0x00000000        0xc ./emlib/em_cmu.o
 .group         0x00000000        0xc ./emlib/em_cmu.o
 .group         0x00000000        0xc ./emlib/em_cmu.o
 .group         0x00000000        0xc ./emlib/em_cmu.o
 .group         0x00000000        0xc ./emlib/em_cmu.o
 .group         0x00000000        0xc ./emlib/em_cmu.o
 .group         0x00000000        0xc ./emlib/em_cmu.o
 .group         0x00000000        0xc ./emlib/em_cmu.o
 .group         0x00000000        0xc ./emlib/em_cmu.o
 .group         0x00000000        0xc ./emlib/em_cmu.o
 .group         0x00000000        0xc ./emlib/em_cmu.o
 .group         0x00000000        0xc ./emlib/em_cmu.o
 .group         0x00000000        0xc ./emlib/em_cmu.o
 .group         0x00000000        0xc ./emlib/em_cmu.o
 .group         0x00000000        0xc ./emlib/em_cmu.o
 .group         0x00000000        0xc ./emlib/em_cmu.o
 .group         0x00000000        0xc ./emlib/em_cmu.o
 .group         0x00000000        0xc ./emlib/em_cmu.o
 .text          0x00000000        0x0 ./emlib/em_cmu.o
 .data          0x00000000        0x0 ./emlib/em_cmu.o
 .bss           0x00000000        0x0 ./emlib/em_cmu.o
 .text.flashWaitStateControl
                0x00000000       0x5c ./emlib/em_cmu.o
 .text.CMU_HFRCODevinfoGet
                0x00000000       0xc0 ./emlib/em_cmu.o
 .text.CMU_UpdateWaitStates
                0x00000000       0x1c ./emlib/em_cmu.o
 .text.CMU_AUXHFRCOBandGet
                0x00000000        0xc ./emlib/em_cmu.o
 .text.CMU_AUXHFRCOBandSet
                0x00000000      0x110 ./emlib/em_cmu.o
 .text.CMU_Calibrate
                0x00000000       0x58 ./emlib/em_cmu.o
 .text.CMU_CalibrateConfig
                0x00000000       0x70 ./emlib/em_cmu.o
 .text.CMU_CalibrateCountGet
                0x00000000       0x24 ./emlib/em_cmu.o
 .text.CMU_ClockDivGet
                0x00000000        0xc ./emlib/em_cmu.o
 .text.CMU_ClockPrescSet
                0x00000000      0x28c ./emlib/em_cmu.o
 .text.CMU_ClockDivSet
                0x00000000        0x8 ./emlib/em_cmu.o
 .text.CMU_LF_ClockPrecisionGet
                0x00000000       0x18 ./emlib/em_cmu.o
 .text.CMU_DPLLLock
                0x00000000      0x25c ./emlib/em_cmu.o
 .text.CMU_FreezeEnable
                0x00000000       0x20 ./emlib/em_cmu.o
 .text.CMU_HFRCOBandGet
                0x00000000        0xc ./emlib/em_cmu.o
 .text.CMU_HFRCOBandSet
                0x00000000      0x1d4 ./emlib/em_cmu.o
 .text.CMU_HFXOInit
                0x00000000       0x94 ./emlib/em_cmu.o
 .text.CMU_LCDClkFDIVGet
                0x00000000        0x4 ./emlib/em_cmu.o
 .text.CMU_LCDClkFDIVSet
                0x00000000        0x4 ./emlib/em_cmu.o
 .text.CMU_LFXOInit
                0x00000000       0x5c ./emlib/em_cmu.o
 .text.CMU_LFXOPrecisionSet
                0x00000000        0xc ./emlib/em_cmu.o
 .text.CMU_OscillatorEnable
                0x00000000      0x154 ./emlib/em_cmu.o
 .text.CMU_ClockSelectSet
                0x00000000      0x30c ./emlib/em_cmu.o
 .text.CMU_HFXOAutostartEnable
                0x00000000      0x10c ./emlib/em_cmu.o
 .text.CMU_OscillatorTuningGet
                0x00000000       0x40 ./emlib/em_cmu.o
 .text.CMU_OscillatorTuningSet
                0x00000000       0xa8 ./emlib/em_cmu.o
 .text.CMU_OscillatorTuningWait
                0x00000000       0x58 ./emlib/em_cmu.o
 .text.CMU_OscillatorTuningOptimize
                0x00000000       0x24 ./emlib/em_cmu.o
 .text.CMU_PCNTClockExternalGet
                0x00000000       0x18 ./emlib/em_cmu.o
 .text.CMU_PCNTClockExternalSet
                0x00000000       0x10 ./emlib/em_cmu.o
 .data.lfxo_precision
                0x00000000        0x2 ./emlib/em_cmu.o
 .rodata.CSWTCH.68
                0x00000000       0x14 ./emlib/em_cmu.o
 .rodata.CSWTCH.69
                0x00000000       0x14 ./emlib/em_cmu.o
 .rodata.CSWTCH.70
                0x00000000       0x14 ./emlib/em_cmu.o
 .rodata.CSWTCH.71
                0x00000000       0x14 ./emlib/em_cmu.o
 .rodata.flashWsTable
                0x00000000       0x28 ./emlib/em_cmu.o
 .rodata.hfrcoCtrlTable
                0x00000000      0x150 ./emlib/em_cmu.o
 .debug_macro   0x00000000      0xa66 ./emlib/em_cmu.o
 .debug_macro   0x00000000      0x44f ./emlib/em_cmu.o
 .debug_macro   0x00000000       0x22 ./emlib/em_cmu.o
 .debug_macro   0x00000000       0x56 ./emlib/em_cmu.o
 .debug_macro   0x00000000       0x51 ./emlib/em_cmu.o
 .debug_macro   0x00000000      0x103 ./emlib/em_cmu.o
 .debug_macro   0x00000000       0x6a ./emlib/em_cmu.o
 .debug_macro   0x00000000      0x1df ./emlib/em_cmu.o
 .debug_macro   0x00000000       0x1c ./emlib/em_cmu.o
 .debug_macro   0x00000000       0x22 ./emlib/em_cmu.o
 .debug_macro   0x00000000       0xd9 ./emlib/em_cmu.o
 .debug_macro   0x00000000      0xff5 ./emlib/em_cmu.o
 .debug_macro   0x00000000       0xe2 ./emlib/em_cmu.o
 .debug_macro   0x00000000      0xcd6 ./emlib/em_cmu.o
 .debug_macro   0x00000000     0x201c ./emlib/em_cmu.o
 .debug_macro   0x00000000      0x329 ./emlib/em_cmu.o
 .debug_macro   0x00000000     0x3269 ./emlib/em_cmu.o
 .debug_macro   0x00000000     0x1b2e ./emlib/em_cmu.o
 .debug_macro   0x00000000     0x2172 ./emlib/em_cmu.o
 .debug_macro   0x00000000     0x19bb ./emlib/em_cmu.o
 .debug_macro   0x00000000      0xca3 ./emlib/em_cmu.o
 .debug_macro   0x00000000      0x344 ./emlib/em_cmu.o
 .debug_macro   0x00000000      0x29d ./emlib/em_cmu.o
 .debug_macro   0x00000000     0x2786 ./emlib/em_cmu.o
 .debug_macro   0x00000000     0x31cc ./emlib/em_cmu.o
 .debug_macro   0x00000000     0x136b ./emlib/em_cmu.o
 .debug_macro   0x00000000      0xde2 ./emlib/em_cmu.o
 .debug_macro   0x00000000      0x249 ./emlib/em_cmu.o
 .debug_macro   0x00000000     0x1042 ./emlib/em_cmu.o
 .debug_macro   0x00000000     0x1605 ./emlib/em_cmu.o
 .debug_macro   0x00000000     0x3cb7 ./emlib/em_cmu.o
 .debug_macro   0x00000000     0x23fc ./emlib/em_cmu.o
 .debug_macro   0x00000000     0x2479 ./emlib/em_cmu.o
 .debug_macro   0x00000000     0x2efb ./emlib/em_cmu.o
 .debug_macro   0x00000000      0xfaf ./emlib/em_cmu.o
 .debug_macro   0x00000000      0x6c3 ./emlib/em_cmu.o
 .debug_macro   0x00000000      0x65d ./emlib/em_cmu.o
 .debug_macro   0x00000000      0x731 ./emlib/em_cmu.o
 .debug_macro   0x00000000      0x4ff ./emlib/em_cmu.o
 .debug_macro   0x00000000     0x1a91 ./emlib/em_cmu.o
 .debug_macro   0x00000000       0x40 ./emlib/em_cmu.o
 .debug_macro   0x00000000      0x25e ./emlib/em_cmu.o
 .debug_macro   0x00000000      0x2ee ./emlib/em_cmu.o
 .debug_macro   0x00000000      0x10c ./emlib/em_cmu.o
 .debug_macro   0x00000000     0x29fd ./emlib/em_cmu.o
 .debug_macro   0x00000000      0x22a ./emlib/em_cmu.o
 .debug_macro   0x00000000      0x22a ./emlib/em_cmu.o
 .debug_macro   0x00000000       0x22 ./emlib/em_cmu.o
 .debug_macro   0x00000000       0x10 ./emlib/em_cmu.o
 .debug_macro   0x00000000       0x7e ./emlib/em_cmu.o
 .debug_macro   0x00000000       0xfc ./emlib/em_cmu.o
 .debug_macro   0x00000000       0xea ./emlib/em_cmu.o
 .debug_macro   0x00000000      0x35a ./emlib/em_cmu.o
 .debug_macro   0x00000000      0x16d ./emlib/em_cmu.o
 .group         0x00000000        0xc ./emlib/em_core.o
 .group         0x00000000        0xc ./emlib/em_core.o
 .group         0x00000000        0xc ./emlib/em_core.o
 .group         0x00000000        0xc ./emlib/em_core.o
 .group         0x00000000        0xc ./emlib/em_core.o
 .group         0x00000000        0xc ./emlib/em_core.o
 .group         0x00000000        0xc ./emlib/em_core.o
 .group         0x00000000        0xc ./emlib/em_core.o
 .group         0x00000000        0xc ./emlib/em_core.o
 .group         0x00000000        0xc ./emlib/em_core.o
 .group         0x00000000        0xc ./emlib/em_core.o
 .group         0x00000000        0xc ./emlib/em_core.o
 .group         0x00000000        0xc ./emlib/em_core.o
 .group         0x00000000        0xc ./emlib/em_core.o
 .group         0x00000000        0xc ./emlib/em_core.o
 .group         0x00000000        0xc ./emlib/em_core.o
 .group         0x00000000        0xc ./emlib/em_core.o
 .group         0x00000000        0xc ./emlib/em_core.o
 .group         0x00000000        0xc ./emlib/em_core.o
 .group         0x00000000        0xc ./emlib/em_core.o
 .group         0x00000000        0xc ./emlib/em_core.o
 .group         0x00000000        0xc ./emlib/em_core.o
 .group         0x00000000        0xc ./emlib/em_core.o
 .group         0x00000000        0xc ./emlib/em_core.o
 .group         0x00000000        0xc ./emlib/em_core.o
 .group         0x00000000        0xc ./emlib/em_core.o
 .group         0x00000000        0xc ./emlib/em_core.o
 .group         0x00000000        0xc ./emlib/em_core.o
 .group         0x00000000        0xc ./emlib/em_core.o
 .group         0x00000000        0xc ./emlib/em_core.o
 .group         0x00000000        0xc ./emlib/em_core.o
 .group         0x00000000        0xc ./emlib/em_core.o
 .group         0x00000000        0xc ./emlib/em_core.o
 .group         0x00000000        0xc ./emlib/em_core.o
 .group         0x00000000        0xc ./emlib/em_core.o
 .group         0x00000000        0xc ./emlib/em_core.o
 .group         0x00000000        0xc ./emlib/em_core.o
 .group         0x00000000        0xc ./emlib/em_core.o
 .group         0x00000000        0xc ./emlib/em_core.o
 .group         0x00000000        0xc ./emlib/em_core.o
 .group         0x00000000        0xc ./emlib/em_core.o
 .group         0x00000000        0xc ./emlib/em_core.o
 .group         0x00000000        0xc ./emlib/em_core.o
 .group         0x00000000        0xc ./emlib/em_core.o
 .group         0x00000000        0xc ./emlib/em_core.o
 .group         0x00000000        0xc ./emlib/em_core.o
 .group         0x00000000        0xc ./emlib/em_core.o
 .group         0x00000000        0xc ./emlib/em_core.o
 .group         0x00000000        0xc ./emlib/em_core.o
 .group         0x00000000        0xc ./emlib/em_core.o
 .group         0x00000000        0xc ./emlib/em_core.o
 .text          0x00000000        0x0 ./emlib/em_core.o
 .data          0x00000000        0x0 ./emlib/em_core.o
 .bss           0x00000000        0x0 ./emlib/em_core.o
 .text.CORE_CriticalDisableIrq
                0x00000000        0x4 ./emlib/em_core.o
 .text.CORE_CriticalEnableIrq
                0x00000000        0x4 ./emlib/em_core.o
 .text.CORE_YieldCritical
                0x00000000       0x14 ./emlib/em_core.o
 .text.CORE_AtomicDisableIrq
                0x00000000        0x4 ./emlib/em_core.o
 .text.CORE_AtomicEnableIrq
                0x00000000        0x4 ./emlib/em_core.o
 .text.CORE_EnterAtomic
                0x00000000        0x8 ./emlib/em_core.o
 .text.CORE_ExitAtomic
                0x00000000        0x8 ./emlib/em_core.o
 .text.CORE_YieldAtomic
                0x00000000       0x14 ./emlib/em_core.o
 .text.CORE_EnterNvicMask
                0x00000000       0x2c ./emlib/em_core.o
 .text.CORE_NvicDisableMask
                0x00000000       0x20 ./emlib/em_core.o
 .text.CORE_NvicEnableMask
                0x00000000       0x20 ./emlib/em_core.o
 .text.CORE_YieldNvicMask
                0x00000000       0x34 ./emlib/em_core.o
 .text.CORE_NvicMaskSetIRQ
                0x00000000       0x1c ./emlib/em_core.o
 .text.CORE_NvicMaskClearIRQ
                0x00000000       0x1c ./emlib/em_core.o
 .text.CORE_InIrqContext
                0x00000000       0x14 ./emlib/em_core.o
 .text.CORE_IrqIsBlocked
                0x00000000       0xa4 ./emlib/em_core.o
 .text.CORE_IrqIsDisabled
                0x00000000        0xc ./emlib/em_core.o
 .text.CORE_GetNvicEnabledMask
                0x00000000       0x20 ./emlib/em_core.o
 .text.CORE_GetNvicMaskDisableState
                0x00000000       0x2c ./emlib/em_core.o
 .text.CORE_NvicIRQDisabled
                0x00000000       0x1c ./emlib/em_core.o
 .text.CORE_GetNvicRamTableHandler
                0x00000000       0x10 ./emlib/em_core.o
 .text.CORE_SetNvicRamTableHandler
                0x00000000       0x10 ./emlib/em_core.o
 .text.CORE_InitNvicVectorTable
                0x00000000       0x50 ./emlib/em_core.o
 .debug_macro   0x00000000      0xa66 ./emlib/em_core.o
 .debug_macro   0x00000000      0x44f ./emlib/em_core.o
 .debug_macro   0x00000000       0x22 ./emlib/em_core.o
 .debug_macro   0x00000000       0x56 ./emlib/em_core.o
 .debug_macro   0x00000000       0x51 ./emlib/em_core.o
 .debug_macro   0x00000000      0x103 ./emlib/em_core.o
 .debug_macro   0x00000000       0x6a ./emlib/em_core.o
 .debug_macro   0x00000000      0x1df ./emlib/em_core.o
 .debug_macro   0x00000000       0x1c ./emlib/em_core.o
 .debug_macro   0x00000000       0x22 ./emlib/em_core.o
 .debug_macro   0x00000000       0xd9 ./emlib/em_core.o
 .debug_macro   0x00000000      0xff5 ./emlib/em_core.o
 .debug_macro   0x00000000       0xe2 ./emlib/em_core.o
 .debug_macro   0x00000000      0xcd6 ./emlib/em_core.o
 .debug_macro   0x00000000     0x201c ./emlib/em_core.o
 .debug_macro   0x00000000      0x329 ./emlib/em_core.o
 .debug_macro   0x00000000     0x3269 ./emlib/em_core.o
 .debug_macro   0x00000000     0x1b2e ./emlib/em_core.o
 .debug_macro   0x00000000     0x2172 ./emlib/em_core.o
 .debug_macro   0x00000000     0x19bb ./emlib/em_core.o
 .debug_macro   0x00000000      0xca3 ./emlib/em_core.o
 .debug_macro   0x00000000      0x344 ./emlib/em_core.o
 .debug_macro   0x00000000      0x29d ./emlib/em_core.o
 .debug_macro   0x00000000     0x2786 ./emlib/em_core.o
 .debug_macro   0x00000000     0x31cc ./emlib/em_core.o
 .debug_macro   0x00000000     0x136b ./emlib/em_core.o
 .debug_macro   0x00000000      0xde2 ./emlib/em_core.o
 .debug_macro   0x00000000      0x249 ./emlib/em_core.o
 .debug_macro   0x00000000     0x1042 ./emlib/em_core.o
 .debug_macro   0x00000000     0x1605 ./emlib/em_core.o
 .debug_macro   0x00000000     0x3cb7 ./emlib/em_core.o
 .debug_macro   0x00000000     0x23fc ./emlib/em_core.o
 .debug_macro   0x00000000     0x2479 ./emlib/em_core.o
 .debug_macro   0x00000000     0x2efb ./emlib/em_core.o
 .debug_macro   0x00000000      0xfaf ./emlib/em_core.o
 .debug_macro   0x00000000      0x6c3 ./emlib/em_core.o
 .debug_macro   0x00000000      0x65d ./emlib/em_core.o
 .debug_macro   0x00000000      0x731 ./emlib/em_core.o
 .debug_macro   0x00000000      0x4ff ./emlib/em_core.o
 .debug_macro   0x00000000     0x1a91 ./emlib/em_core.o
 .debug_macro   0x00000000       0x40 ./emlib/em_core.o
 .debug_macro   0x00000000      0x25e ./emlib/em_core.o
 .debug_macro   0x00000000      0x2ee ./emlib/em_core.o
 .debug_macro   0x00000000      0x10c ./emlib/em_core.o
 .debug_macro   0x00000000     0x29fd ./emlib/em_core.o
 .debug_macro   0x00000000      0x22a ./emlib/em_core.o
 .debug_macro   0x00000000      0x22a ./emlib/em_core.o
 .debug_macro   0x00000000       0x22 ./emlib/em_core.o
 .debug_macro   0x00000000       0x10 ./emlib/em_core.o
 .debug_macro   0x00000000       0xfc ./emlib/em_core.o
 .group         0x00000000        0xc ./emlib/em_emu.o
 .group         0x00000000        0xc ./emlib/em_emu.o
 .group         0x00000000        0xc ./emlib/em_emu.o
 .group         0x00000000        0xc ./emlib/em_emu.o
 .group         0x00000000        0xc ./emlib/em_emu.o
 .group         0x00000000        0xc ./emlib/em_emu.o
 .group         0x00000000        0xc ./emlib/em_emu.o
 .group         0x00000000        0xc ./emlib/em_emu.o
 .group         0x00000000        0xc ./emlib/em_emu.o
 .group         0x00000000        0xc ./emlib/em_emu.o
 .group         0x00000000        0xc ./emlib/em_emu.o
 .group         0x00000000        0xc ./emlib/em_emu.o
 .group         0x00000000        0xc ./emlib/em_emu.o
 .group         0x00000000        0xc ./emlib/em_emu.o
 .group         0x00000000        0xc ./emlib/em_emu.o
 .group         0x00000000        0xc ./emlib/em_emu.o
 .group         0x00000000        0xc ./emlib/em_emu.o
 .group         0x00000000        0xc ./emlib/em_emu.o
 .group         0x00000000        0xc ./emlib/em_emu.o
 .group         0x00000000        0xc ./emlib/em_emu.o
 .group         0x00000000        0xc ./emlib/em_emu.o
 .group         0x00000000        0xc ./emlib/em_emu.o
 .group         0x00000000        0xc ./emlib/em_emu.o
 .group         0x00000000        0xc ./emlib/em_emu.o
 .group         0x00000000        0xc ./emlib/em_emu.o
 .group         0x00000000        0xc ./emlib/em_emu.o
 .group         0x00000000        0xc ./emlib/em_emu.o
 .group         0x00000000        0xc ./emlib/em_emu.o
 .group         0x00000000        0xc ./emlib/em_emu.o
 .group         0x00000000        0xc ./emlib/em_emu.o
 .group         0x00000000        0xc ./emlib/em_emu.o
 .group         0x00000000        0xc ./emlib/em_emu.o
 .group         0x00000000        0xc ./emlib/em_emu.o
 .group         0x00000000        0xc ./emlib/em_emu.o
 .group         0x00000000        0xc ./emlib/em_emu.o
 .group         0x00000000        0xc ./emlib/em_emu.o
 .group         0x00000000        0xc ./emlib/em_emu.o
 .group         0x00000000        0xc ./emlib/em_emu.o
 .group         0x00000000        0xc ./emlib/em_emu.o
 .group         0x00000000        0xc ./emlib/em_emu.o
 .group         0x00000000        0xc ./emlib/em_emu.o
 .group         0x00000000        0xc ./emlib/em_emu.o
 .group         0x00000000        0xc ./emlib/em_emu.o
 .group         0x00000000        0xc ./emlib/em_emu.o
 .group         0x00000000        0xc ./emlib/em_emu.o
 .group         0x00000000        0xc ./emlib/em_emu.o
 .group         0x00000000        0xc ./emlib/em_emu.o
 .group         0x00000000        0xc ./emlib/em_emu.o
 .group         0x00000000        0xc ./emlib/em_emu.o
 .group         0x00000000        0xc ./emlib/em_emu.o
 .group         0x00000000        0xc ./emlib/em_emu.o
 .group         0x00000000        0xc ./emlib/em_emu.o
 .group         0x00000000        0xc ./emlib/em_emu.o
 .group         0x00000000        0xc ./emlib/em_emu.o
 .group         0x00000000        0xc ./emlib/em_emu.o
 .group         0x00000000        0xc ./emlib/em_emu.o
 .group         0x00000000        0xc ./emlib/em_emu.o
 .group         0x00000000        0xc ./emlib/em_emu.o
 .group         0x00000000        0xc ./emlib/em_emu.o
 .group         0x00000000        0xc ./emlib/em_emu.o
 .group         0x00000000        0xc ./emlib/em_emu.o
 .text          0x00000000        0x0 ./emlib/em_emu.o
 .data          0x00000000        0x0 ./emlib/em_emu.o
 .bss           0x00000000        0x0 ./emlib/em_emu.o
 .ram           0x00000000       0x18 ./emlib/em_emu.o
 .text.lpGetDevinfoVrefLowHigh
                0x00000000       0xd8 ./emlib/em_emu.o
 .text.vmonCalibratedThreshold
                0x00000000       0xbc ./emlib/em_emu.o
 .text.vScaleDownEM23Setup
                0x00000000       0x44 ./emlib/em_emu.o
 .text.emState.part.0
                0x00000000       0xdc ./emlib/em_emu.o
 .text.emState.constprop.0
                0x00000000       0x5c ./emlib/em_emu.o
 .text.EMU_EM23Init
                0x00000000       0x24 ./emlib/em_emu.o
 .text.EMU_EM23PresleepHook
                0x00000000        0x4 ./emlib/em_emu.o
 .text.EMU_EFPEM23PresleepHook
                0x00000000        0x4 ./emlib/em_emu.o
 .text.EMU_EM23PostsleepHook
                0x00000000        0x4 ./emlib/em_emu.o
 .text.EMU_EFPEM23PostsleepHook
                0x00000000        0x4 ./emlib/em_emu.o
 .text.EMU_EnterEM2
                0x00000000       0xa0 ./emlib/em_emu.o
 .text.EMU_EnterEM3
                0x00000000       0xb8 ./emlib/em_emu.o
 .text.EMU_Save
                0x00000000       0x5c ./emlib/em_emu.o
 .text.EMU_Restore
                0x00000000        0x4 ./emlib/em_emu.o
 .text.EMU_EM4Init
                0x00000000       0x60 ./emlib/em_emu.o
 .text.EMU_EM4PresleepHook
                0x00000000        0x4 ./emlib/em_emu.o
 .text.EMU_EFPEM4PresleepHook
                0x00000000        0x4 ./emlib/em_emu.o
 .text.EMU_EnterEM4
                0x00000000       0x3c ./emlib/em_emu.o
 .text.EMU_EnterEM4H
                0x00000000       0x48 ./emlib/em_emu.o
 .text.EMU_EnterEM4S
                0x00000000       0x48 ./emlib/em_emu.o
 .text.EMU_MemPwrDown
                0x00000000        0xc ./emlib/em_emu.o
 .text.EMU_RamPowerDown
                0x00000000       0x78 ./emlib/em_emu.o
 .text.EMU_RamPowerUp
                0x00000000       0x14 ./emlib/em_emu.o
 .text.EMU_PeripheralRetention
                0x00000000       0x14 ./emlib/em_emu.o
 .text.EMU_UpdateOscConfig
                0x00000000       0x5c ./emlib/em_emu.o
 .text.EMU_VScaleEM01
                0x00000000       0x90 ./emlib/em_emu.o
 .text.EMU_VScaleEM01ByClock
                0x00000000       0x6c ./emlib/em_emu.o
 .text.EMU_EM01Init
                0x00000000       0x54 ./emlib/em_emu.o
 .text.EMU_DCDCModeSet
                0x00000000       0xa0 ./emlib/em_emu.o
 .text.EMU_DCDCModeEM23Set
                0x00000000       0x30 ./emlib/em_emu.o
 .text.EMU_DCDCPowerOff
                0x00000000       0x24 ./emlib/em_emu.o
 .text.EMU_DCDCOutputVoltageSet
                0x00000000      0x1c0 ./emlib/em_emu.o
 .text.EMU_DCDCOptimizeSlice
                0x00000000      0x100 ./emlib/em_emu.o
 .text.EMU_DCDCInit
                0x00000000      0x10c ./emlib/em_emu.o
 .text.EMU_DCDCConductionModeSet
                0x00000000       0xb8 ./emlib/em_emu.o
 .text.EMU_DCDCLnRcoBandSet
                0x00000000       0x28 ./emlib/em_emu.o
 .text.EMU_VmonInit
                0x00000000      0x118 ./emlib/em_emu.o
 .text.EMU_VmonHystInit
                0x00000000       0x74 ./emlib/em_emu.o
 .text.EMU_VmonEnable
                0x00000000       0x14 ./emlib/em_emu.o
 .text.EMU_VmonChannelStatusGet
                0x00000000       0x20 ./emlib/em_emu.o
 .text.EMU_TemperatureGet
                0x00000000       0x68 ./emlib/em_emu.o
 .bss.cmuStatus.3
                0x00000000        0x4 ./emlib/em_emu.o
 .bss.dcdcEm01LoadCurrent_mA
                0x00000000        0x2 ./emlib/em_emu.o
 .bss.dcdcMaxCurrent_mA
                0x00000000        0x2 ./emlib/em_emu.o
 .bss.dcdcReverseCurrentControl
                0x00000000        0x2 ./emlib/em_emu.o
 .bss.hfClock.2
                0x00000000        0x1 ./emlib/em_emu.o
 .bss.hfrcoCtrl.0
                0x00000000        0x4 ./emlib/em_emu.o
 .bss.vScaleEM01Config
                0x00000000        0x1 ./emlib/em_emu.o
 .bss.vScaleStatus.1
                0x00000000        0x1 ./emlib/em_emu.o
 .debug_info    0x00000000     0x3ae3 ./emlib/em_emu.o
 .debug_abbrev  0x00000000      0x543 ./emlib/em_emu.o
 .debug_loc     0x00000000     0x28fa ./emlib/em_emu.o
 .debug_aranges
                0x00000000      0x138 ./emlib/em_emu.o
 .debug_ranges  0x00000000      0x990 ./emlib/em_emu.o
 .debug_macro   0x00000000      0x3e4 ./emlib/em_emu.o
 .debug_macro   0x00000000      0xa66 ./emlib/em_emu.o
 .debug_macro   0x00000000       0x22 ./emlib/em_emu.o
 .debug_macro   0x00000000       0x5e ./emlib/em_emu.o
 .debug_macro   0x00000000       0x5c ./emlib/em_emu.o
 .debug_macro   0x00000000       0x51 ./emlib/em_emu.o
 .debug_macro   0x00000000      0x16d ./emlib/em_emu.o
 .debug_macro   0x00000000      0x356 ./emlib/em_emu.o
 .debug_macro   0x00000000       0x7c ./emlib/em_emu.o
 .debug_macro   0x00000000       0x17 ./emlib/em_emu.o
 .debug_macro   0x00000000       0xee ./emlib/em_emu.o
 .debug_macro   0x00000000      0x44f ./emlib/em_emu.o
 .debug_macro   0x00000000      0x103 ./emlib/em_emu.o
 .debug_macro   0x00000000       0x6a ./emlib/em_emu.o
 .debug_macro   0x00000000      0x1df ./emlib/em_emu.o
 .debug_macro   0x00000000       0x1c ./emlib/em_emu.o
 .debug_macro   0x00000000       0x22 ./emlib/em_emu.o
 .debug_macro   0x00000000       0xd9 ./emlib/em_emu.o
 .debug_macro   0x00000000      0xff5 ./emlib/em_emu.o
 .debug_macro   0x00000000       0xe2 ./emlib/em_emu.o
 .debug_macro   0x00000000      0xcd6 ./emlib/em_emu.o
 .debug_macro   0x00000000     0x201c ./emlib/em_emu.o
 .debug_macro   0x00000000      0x329 ./emlib/em_emu.o
 .debug_macro   0x00000000     0x3269 ./emlib/em_emu.o
 .debug_macro   0x00000000     0x1b2e ./emlib/em_emu.o
 .debug_macro   0x00000000     0x2172 ./emlib/em_emu.o
 .debug_macro   0x00000000     0x19bb ./emlib/em_emu.o
 .debug_macro   0x00000000      0xca3 ./emlib/em_emu.o
 .debug_macro   0x00000000      0x344 ./emlib/em_emu.o
 .debug_macro   0x00000000      0x29d ./emlib/em_emu.o
 .debug_macro   0x00000000     0x2786 ./emlib/em_emu.o
 .debug_macro   0x00000000     0x31cc ./emlib/em_emu.o
 .debug_macro   0x00000000     0x136b ./emlib/em_emu.o
 .debug_macro   0x00000000      0xde2 ./emlib/em_emu.o
 .debug_macro   0x00000000      0x249 ./emlib/em_emu.o
 .debug_macro   0x00000000     0x1042 ./emlib/em_emu.o
 .debug_macro   0x00000000     0x1605 ./emlib/em_emu.o
 .debug_macro   0x00000000     0x3cb7 ./emlib/em_emu.o
 .debug_macro   0x00000000     0x23fc ./emlib/em_emu.o
 .debug_macro   0x00000000     0x2479 ./emlib/em_emu.o
 .debug_macro   0x00000000     0x2efb ./emlib/em_emu.o
 .debug_macro   0x00000000      0xfaf ./emlib/em_emu.o
 .debug_macro   0x00000000      0x6c3 ./emlib/em_emu.o
 .debug_macro   0x00000000      0x65d ./emlib/em_emu.o
 .debug_macro   0x00000000      0x731 ./emlib/em_emu.o
 .debug_macro   0x00000000      0x4ff ./emlib/em_emu.o
 .debug_macro   0x00000000     0x1a91 ./emlib/em_emu.o
 .debug_macro   0x00000000       0x40 ./emlib/em_emu.o
 .debug_macro   0x00000000      0x25e ./emlib/em_emu.o
 .debug_macro   0x00000000      0x2ee ./emlib/em_emu.o
 .debug_macro   0x00000000      0x10c ./emlib/em_emu.o
 .debug_macro   0x00000000     0x29fd ./emlib/em_emu.o
 .debug_macro   0x00000000      0x22a ./emlib/em_emu.o
 .debug_macro   0x00000000      0x22a ./emlib/em_emu.o
 .debug_macro   0x00000000       0x22 ./emlib/em_emu.o
 .debug_macro   0x00000000       0x10 ./emlib/em_emu.o
 .debug_macro   0x00000000       0x7e ./emlib/em_emu.o
 .debug_macro   0x00000000       0xfc ./emlib/em_emu.o
 .debug_macro   0x00000000       0x87 ./emlib/em_emu.o
 .debug_macro   0x00000000       0xea ./emlib/em_emu.o
 .debug_macro   0x00000000      0x35a ./emlib/em_emu.o
 .debug_macro   0x00000000       0x34 ./emlib/em_emu.o
 .debug_line    0x00000000     0x2967 ./emlib/em_emu.o
 .debug_str     0x00000000   0x136b63 ./emlib/em_emu.o
 .comment       0x00000000       0x4e ./emlib/em_emu.o
 .debug_frame   0x00000000      0x42c ./emlib/em_emu.o
 .ARM.attributes
                0x00000000       0x32 ./emlib/em_emu.o
 .group         0x00000000        0xc ./emlib/em_opamp.o
 .group         0x00000000        0xc ./emlib/em_opamp.o
 .group         0x00000000        0xc ./emlib/em_opamp.o
 .group         0x00000000        0xc ./emlib/em_opamp.o
 .group         0x00000000        0xc ./emlib/em_opamp.o
 .group         0x00000000        0xc ./emlib/em_opamp.o
 .group         0x00000000        0xc ./emlib/em_opamp.o
 .group         0x00000000        0xc ./emlib/em_opamp.o
 .group         0x00000000        0xc ./emlib/em_opamp.o
 .group         0x00000000        0xc ./emlib/em_opamp.o
 .group         0x00000000        0xc ./emlib/em_opamp.o
 .group         0x00000000        0xc ./emlib/em_opamp.o
 .group         0x00000000        0xc ./emlib/em_opamp.o
 .group         0x00000000        0xc ./emlib/em_opamp.o
 .group         0x00000000        0xc ./emlib/em_opamp.o
 .group         0x00000000        0xc ./emlib/em_opamp.o
 .group         0x00000000        0xc ./emlib/em_opamp.o
 .group         0x00000000        0xc ./emlib/em_opamp.o
 .group         0x00000000        0xc ./emlib/em_opamp.o
 .group         0x00000000        0xc ./emlib/em_opamp.o
 .group         0x00000000        0xc ./emlib/em_opamp.o
 .group         0x00000000        0xc ./emlib/em_opamp.o
 .group         0x00000000        0xc ./emlib/em_opamp.o
 .group         0x00000000        0xc ./emlib/em_opamp.o
 .group         0x00000000        0xc ./emlib/em_opamp.o
 .group         0x00000000        0xc ./emlib/em_opamp.o
 .group         0x00000000        0xc ./emlib/em_opamp.o
 .group         0x00000000        0xc ./emlib/em_opamp.o
 .group         0x00000000        0xc ./emlib/em_opamp.o
 .group         0x00000000        0xc ./emlib/em_opamp.o
 .group         0x00000000        0xc ./emlib/em_opamp.o
 .group         0x00000000        0xc ./emlib/em_opamp.o
 .group         0x00000000        0xc ./emlib/em_opamp.o
 .group         0x00000000        0xc ./emlib/em_opamp.o
 .group         0x00000000        0xc ./emlib/em_opamp.o
 .group         0x00000000        0xc ./emlib/em_opamp.o
 .group         0x00000000        0xc ./emlib/em_opamp.o
 .group         0x00000000        0xc ./emlib/em_opamp.o
 .group         0x00000000        0xc ./emlib/em_opamp.o
 .group         0x00000000        0xc ./emlib/em_opamp.o
 .group         0x00000000        0xc ./emlib/em_opamp.o
 .group         0x00000000        0xc ./emlib/em_opamp.o
 .group         0x00000000        0xc ./emlib/em_opamp.o
 .group         0x00000000        0xc ./emlib/em_opamp.o
 .group         0x00000000        0xc ./emlib/em_opamp.o
 .group         0x00000000        0xc ./emlib/em_opamp.o
 .group         0x00000000        0xc ./emlib/em_opamp.o
 .group         0x00000000        0xc ./emlib/em_opamp.o
 .group         0x00000000        0xc ./emlib/em_opamp.o
 .group         0x00000000        0xc ./emlib/em_opamp.o
 .group         0x00000000        0xc ./emlib/em_opamp.o
 .text          0x00000000        0x0 ./emlib/em_opamp.o
 .data          0x00000000        0x0 ./emlib/em_opamp.o
 .bss           0x00000000        0x0 ./emlib/em_opamp.o
 .text.OPAMP_Disable
                0x00000000       0x28 ./emlib/em_opamp.o
 .debug_macro   0x00000000      0xa66 ./emlib/em_opamp.o
 .debug_macro   0x00000000      0x44f ./emlib/em_opamp.o
 .debug_macro   0x00000000       0x22 ./emlib/em_opamp.o
 .debug_macro   0x00000000       0x56 ./emlib/em_opamp.o
 .debug_macro   0x00000000       0x51 ./emlib/em_opamp.o
 .debug_macro   0x00000000      0x103 ./emlib/em_opamp.o
 .debug_macro   0x00000000       0x6a ./emlib/em_opamp.o
 .debug_macro   0x00000000      0x1df ./emlib/em_opamp.o
 .debug_macro   0x00000000       0x1c ./emlib/em_opamp.o
 .debug_macro   0x00000000       0x22 ./emlib/em_opamp.o
 .debug_macro   0x00000000       0xd9 ./emlib/em_opamp.o
 .debug_macro   0x00000000      0xff5 ./emlib/em_opamp.o
 .debug_macro   0x00000000       0xe2 ./emlib/em_opamp.o
 .debug_macro   0x00000000      0xcd6 ./emlib/em_opamp.o
 .debug_macro   0x00000000     0x201c ./emlib/em_opamp.o
 .debug_macro   0x00000000      0x329 ./emlib/em_opamp.o
 .debug_macro   0x00000000     0x3269 ./emlib/em_opamp.o
 .debug_macro   0x00000000     0x1b2e ./emlib/em_opamp.o
 .debug_macro   0x00000000     0x2172 ./emlib/em_opamp.o
 .debug_macro   0x00000000     0x19bb ./emlib/em_opamp.o
 .debug_macro   0x00000000      0xca3 ./emlib/em_opamp.o
 .debug_macro   0x00000000      0x344 ./emlib/em_opamp.o
 .debug_macro   0x00000000      0x29d ./emlib/em_opamp.o
 .debug_macro   0x00000000     0x2786 ./emlib/em_opamp.o
 .debug_macro   0x00000000     0x31cc ./emlib/em_opamp.o
 .debug_macro   0x00000000     0x136b ./emlib/em_opamp.o
 .debug_macro   0x00000000      0xde2 ./emlib/em_opamp.o
 .debug_macro   0x00000000      0x249 ./emlib/em_opamp.o
 .debug_macro   0x00000000     0x1042 ./emlib/em_opamp.o
 .debug_macro   0x00000000     0x1605 ./emlib/em_opamp.o
 .debug_macro   0x00000000     0x3cb7 ./emlib/em_opamp.o
 .debug_macro   0x00000000     0x23fc ./emlib/em_opamp.o
 .debug_macro   0x00000000     0x2479 ./emlib/em_opamp.o
 .debug_macro   0x00000000     0x2efb ./emlib/em_opamp.o
 .debug_macro   0x00000000      0xfaf ./emlib/em_opamp.o
 .debug_macro   0x00000000      0x6c3 ./emlib/em_opamp.o
 .debug_macro   0x00000000      0x65d ./emlib/em_opamp.o
 .debug_macro   0x00000000      0x731 ./emlib/em_opamp.o
 .debug_macro   0x00000000      0x4ff ./emlib/em_opamp.o
 .debug_macro   0x00000000     0x1a91 ./emlib/em_opamp.o
 .debug_macro   0x00000000       0x40 ./emlib/em_opamp.o
 .debug_macro   0x00000000      0x25e ./emlib/em_opamp.o
 .debug_macro   0x00000000      0x2ee ./emlib/em_opamp.o
 .debug_macro   0x00000000      0x10c ./emlib/em_opamp.o
 .debug_macro   0x00000000     0x29fd ./emlib/em_opamp.o
 .debug_macro   0x00000000      0x22a ./emlib/em_opamp.o
 .debug_macro   0x00000000      0x22a ./emlib/em_opamp.o
 .debug_macro   0x00000000       0x22 ./emlib/em_opamp.o
 .debug_macro   0x00000000       0x10 ./emlib/em_opamp.o
 .group         0x00000000        0xc ./emlib/em_system.o
 .group         0x00000000        0xc ./emlib/em_system.o
 .group         0x00000000        0xc ./emlib/em_system.o
 .group         0x00000000        0xc ./emlib/em_system.o
 .group         0x00000000        0xc ./emlib/em_system.o
 .group         0x00000000        0xc ./emlib/em_system.o
 .group         0x00000000        0xc ./emlib/em_system.o
 .group         0x00000000        0xc ./emlib/em_system.o
 .group         0x00000000        0xc ./emlib/em_system.o
 .group         0x00000000        0xc ./emlib/em_system.o
 .group         0x00000000        0xc ./emlib/em_system.o
 .group         0x00000000        0xc ./emlib/em_system.o
 .group         0x00000000        0xc ./emlib/em_system.o
 .group         0x00000000        0xc ./emlib/em_system.o
 .group         0x00000000        0xc ./emlib/em_system.o
 .group         0x00000000        0xc ./emlib/em_system.o
 .group         0x00000000        0xc ./emlib/em_system.o
 .group         0x00000000        0xc ./emlib/em_system.o
 .group         0x00000000        0xc ./emlib/em_system.o
 .group         0x00000000        0xc ./emlib/em_system.o
 .group         0x00000000        0xc ./emlib/em_system.o
 .group         0x00000000        0xc ./emlib/em_system.o
 .group         0x00000000        0xc ./emlib/em_system.o
 .group         0x00000000        0xc ./emlib/em_system.o
 .group         0x00000000        0xc ./emlib/em_system.o
 .group         0x00000000        0xc ./emlib/em_system.o
 .group         0x00000000        0xc ./emlib/em_system.o
 .group         0x00000000        0xc ./emlib/em_system.o
 .group         0x00000000        0xc ./emlib/em_system.o
 .group         0x00000000        0xc ./emlib/em_system.o
 .group         0x00000000        0xc ./emlib/em_system.o
 .group         0x00000000        0xc ./emlib/em_system.o
 .group         0x00000000        0xc ./emlib/em_system.o
 .group         0x00000000        0xc ./emlib/em_system.o
 .group         0x00000000        0xc ./emlib/em_system.o
 .group         0x00000000        0xc ./emlib/em_system.o
 .group         0x00000000        0xc ./emlib/em_system.o
 .group         0x00000000        0xc ./emlib/em_system.o
 .group         0x00000000        0xc ./emlib/em_system.o
 .group         0x00000000        0xc ./emlib/em_system.o
 .group         0x00000000        0xc ./emlib/em_system.o
 .group         0x00000000        0xc ./emlib/em_system.o
 .group         0x00000000        0xc ./emlib/em_system.o
 .group         0x00000000        0xc ./emlib/em_system.o
 .group         0x00000000        0xc ./emlib/em_system.o
 .group         0x00000000        0xc ./emlib/em_system.o
 .group         0x00000000        0xc ./emlib/em_system.o
 .group         0x00000000        0xc ./emlib/em_system.o
 .group         0x00000000        0xc ./emlib/em_system.o
 .group         0x00000000        0xc ./emlib/em_system.o
 .text          0x00000000        0x0 ./emlib/em_system.o
 .data          0x00000000        0x0 ./emlib/em_system.o
 .bss           0x00000000        0x0 ./emlib/em_system.o
 .text.SYSTEM_ChipRevisionGet
                0x00000000       0x3c ./emlib/em_system.o
 .text.SYSTEM_GetCalibrationValue
                0x00000000       0x2c ./emlib/em_system.o
 .text.SYSTEM_GetSecurityCapability
                0x00000000        0x4 ./emlib/em_system.o
 .debug_info    0x00000000      0x2e2 ./emlib/em_system.o
 .debug_abbrev  0x00000000      0x155 ./emlib/em_system.o
 .debug_loc     0x00000000       0xb7 ./emlib/em_system.o
 .debug_aranges
                0x00000000       0x30 ./emlib/em_system.o
 .debug_ranges  0x00000000       0x20 ./emlib/em_system.o
 .debug_macro   0x00000000      0x285 ./emlib/em_system.o
 .debug_macro   0x00000000      0xa66 ./emlib/em_system.o
 .debug_macro   0x00000000       0x22 ./emlib/em_system.o
 .debug_macro   0x00000000      0x44f ./emlib/em_system.o
 .debug_macro   0x00000000       0x22 ./emlib/em_system.o
 .debug_macro   0x00000000       0x56 ./emlib/em_system.o
 .debug_macro   0x00000000       0x51 ./emlib/em_system.o
 .debug_macro   0x00000000      0x103 ./emlib/em_system.o
 .debug_macro   0x00000000       0x6a ./emlib/em_system.o
 .debug_macro   0x00000000      0x1df ./emlib/em_system.o
 .debug_macro   0x00000000       0x1c ./emlib/em_system.o
 .debug_macro   0x00000000       0x22 ./emlib/em_system.o
 .debug_macro   0x00000000       0xd9 ./emlib/em_system.o
 .debug_macro   0x00000000      0xff5 ./emlib/em_system.o
 .debug_macro   0x00000000       0xe2 ./emlib/em_system.o
 .debug_macro   0x00000000      0xcd6 ./emlib/em_system.o
 .debug_macro   0x00000000     0x201c ./emlib/em_system.o
 .debug_macro   0x00000000      0x329 ./emlib/em_system.o
 .debug_macro   0x00000000     0x3269 ./emlib/em_system.o
 .debug_macro   0x00000000     0x1b2e ./emlib/em_system.o
 .debug_macro   0x00000000     0x2172 ./emlib/em_system.o
 .debug_macro   0x00000000     0x19bb ./emlib/em_system.o
 .debug_macro   0x00000000      0xca3 ./emlib/em_system.o
 .debug_macro   0x00000000      0x344 ./emlib/em_system.o
 .debug_macro   0x00000000      0x29d ./emlib/em_system.o
 .debug_macro   0x00000000     0x2786 ./emlib/em_system.o
 .debug_macro   0x00000000     0x31cc ./emlib/em_system.o
 .debug_macro   0x00000000     0x136b ./emlib/em_system.o
 .debug_macro   0x00000000      0xde2 ./emlib/em_system.o
 .debug_macro   0x00000000      0x249 ./emlib/em_system.o
 .debug_macro   0x00000000     0x1042 ./emlib/em_system.o
 .debug_macro   0x00000000     0x1605 ./emlib/em_system.o
 .debug_macro   0x00000000     0x3cb7 ./emlib/em_system.o
 .debug_macro   0x00000000     0x23fc ./emlib/em_system.o
 .debug_macro   0x00000000     0x2479 ./emlib/em_system.o
 .debug_macro   0x00000000     0x2efb ./emlib/em_system.o
 .debug_macro   0x00000000      0xfaf ./emlib/em_system.o
 .debug_macro   0x00000000      0x6c3 ./emlib/em_system.o
 .debug_macro   0x00000000      0x65d ./emlib/em_system.o
 .debug_macro   0x00000000      0x731 ./emlib/em_system.o
 .debug_macro   0x00000000      0x4ff ./emlib/em_system.o
 .debug_macro   0x00000000     0x1a91 ./emlib/em_system.o
 .debug_macro   0x00000000       0x40 ./emlib/em_system.o
 .debug_macro   0x00000000      0x25e ./emlib/em_system.o
 .debug_macro   0x00000000      0x2ee ./emlib/em_system.o
 .debug_macro   0x00000000      0x10c ./emlib/em_system.o
 .debug_macro   0x00000000     0x29fd ./emlib/em_system.o
 .debug_macro   0x00000000      0x22a ./emlib/em_system.o
 .debug_macro   0x00000000      0x22a ./emlib/em_system.o
 .debug_macro   0x00000000       0x10 ./emlib/em_system.o
 .debug_macro   0x00000000      0x16d ./emlib/em_system.o
 .debug_line    0x00000000      0x94e ./emlib/em_system.o
 .debug_str     0x00000000   0x130e87 ./emlib/em_system.o
 .comment       0x00000000       0x4e ./emlib/em_system.o
 .debug_frame   0x00000000       0x40 ./emlib/em_system.o
 .ARM.attributes
                0x00000000       0x32 ./emlib/em_system.o
 .group         0x00000000        0xc ./src/main_radio14.o
 .group         0x00000000        0xc ./src/main_radio14.o
 .group         0x00000000        0xc ./src/main_radio14.o
 .group         0x00000000        0xc ./src/main_radio14.o
 .group         0x00000000        0xc ./src/main_radio14.o
 .group         0x00000000        0xc ./src/main_radio14.o
 .group         0x00000000        0xc ./src/main_radio14.o
 .group         0x00000000        0xc ./src/main_radio14.o
 .group         0x00000000        0xc ./src/main_radio14.o
 .group         0x00000000        0xc ./src/main_radio14.o
 .group         0x00000000        0xc ./src/main_radio14.o
 .group         0x00000000        0xc ./src/main_radio14.o
 .group         0x00000000        0xc ./src/main_radio14.o
 .group         0x00000000        0xc ./src/main_radio14.o
 .group         0x00000000        0xc ./src/main_radio14.o
 .group         0x00000000        0xc ./src/main_radio14.o
 .group         0x00000000        0xc ./src/main_radio14.o
 .group         0x00000000        0xc ./src/main_radio14.o
 .group         0x00000000        0xc ./src/main_radio14.o
 .group         0x00000000        0xc ./src/main_radio14.o
 .group         0x00000000        0xc ./src/main_radio14.o
 .group         0x00000000        0xc ./src/main_radio14.o
 .group         0x00000000        0xc ./src/main_radio14.o
 .group         0x00000000        0xc ./src/main_radio14.o
 .group         0x00000000        0xc ./src/main_radio14.o
 .group         0x00000000        0xc ./src/main_radio14.o
 .group         0x00000000        0xc ./src/main_radio14.o
 .group         0x00000000        0xc ./src/main_radio14.o
 .group         0x00000000        0xc ./src/main_radio14.o
 .group         0x00000000        0xc ./src/main_radio14.o
 .group         0x00000000        0xc ./src/main_radio14.o
 .group         0x00000000        0xc ./src/main_radio14.o
 .group         0x00000000        0xc ./src/main_radio14.o
 .group         0x00000000        0xc ./src/main_radio14.o
 .group         0x00000000        0xc ./src/main_radio14.o
 .group         0x00000000        0xc ./src/main_radio14.o
 .group         0x00000000        0xc ./src/main_radio14.o
 .group         0x00000000        0xc ./src/main_radio14.o
 .group         0x00000000        0xc ./src/main_radio14.o
 .group         0x00000000        0xc ./src/main_radio14.o
 .group         0x00000000        0xc ./src/main_radio14.o
 .group         0x00000000        0xc ./src/main_radio14.o
 .group         0x00000000        0xc ./src/main_radio14.o
 .group         0x00000000        0xc ./src/main_radio14.o
 .group         0x00000000        0xc ./src/main_radio14.o
 .group         0x00000000        0xc ./src/main_radio14.o
 .group         0x00000000        0xc ./src/main_radio14.o
 .group         0x00000000        0xc ./src/main_radio14.o
 .group         0x00000000        0xc ./src/main_radio14.o
 .group         0x00000000        0xc ./src/main_radio14.o
 .group         0x00000000        0xc ./src/main_radio14.o
 .group         0x00000000        0xc ./src/main_radio14.o
 .group         0x00000000        0xc ./src/main_radio14.o
 .group         0x00000000        0xc ./src/main_radio14.o
 .group         0x00000000        0xc ./src/main_radio14.o
 .group         0x00000000        0xc ./src/main_radio14.o
 .group         0x00000000        0xc ./src/main_radio14.o
 .text          0x00000000        0x0 ./src/main_radio14.o
 .data          0x00000000        0x0 ./src/main_radio14.o
 .bss           0x00000000        0x0 ./src/main_radio14.o
 .debug_macro   0x00000000      0xa66 ./src/main_radio14.o
 .debug_macro   0x00000000      0x44f ./src/main_radio14.o
 .debug_macro   0x00000000       0x22 ./src/main_radio14.o
 .debug_macro   0x00000000       0x56 ./src/main_radio14.o
 .debug_macro   0x00000000       0x51 ./src/main_radio14.o
 .debug_macro   0x00000000      0x103 ./src/main_radio14.o
 .debug_macro   0x00000000       0x6a ./src/main_radio14.o
 .debug_macro   0x00000000      0x1df ./src/main_radio14.o
 .debug_macro   0x00000000       0x1c ./src/main_radio14.o
 .debug_macro   0x00000000       0x22 ./src/main_radio14.o
 .debug_macro   0x00000000       0xd9 ./src/main_radio14.o
 .debug_macro   0x00000000      0xff5 ./src/main_radio14.o
 .debug_macro   0x00000000       0xe2 ./src/main_radio14.o
 .debug_macro   0x00000000      0xcd6 ./src/main_radio14.o
 .debug_macro   0x00000000     0x201c ./src/main_radio14.o
 .debug_macro   0x00000000      0x329 ./src/main_radio14.o
 .debug_macro   0x00000000     0x3269 ./src/main_radio14.o
 .debug_macro   0x00000000     0x1b2e ./src/main_radio14.o
 .debug_macro   0x00000000     0x2172 ./src/main_radio14.o
 .debug_macro   0x00000000     0x19bb ./src/main_radio14.o
 .debug_macro   0x00000000      0xca3 ./src/main_radio14.o
 .debug_macro   0x00000000      0x344 ./src/main_radio14.o
 .debug_macro   0x00000000      0x29d ./src/main_radio14.o
 .debug_macro   0x00000000     0x2786 ./src/main_radio14.o
 .debug_macro   0x00000000     0x31cc ./src/main_radio14.o
 .debug_macro   0x00000000     0x136b ./src/main_radio14.o
 .debug_macro   0x00000000      0xde2 ./src/main_radio14.o
 .debug_macro   0x00000000      0x249 ./src/main_radio14.o
 .debug_macro   0x00000000     0x1042 ./src/main_radio14.o
 .debug_macro   0x00000000     0x1605 ./src/main_radio14.o
 .debug_macro   0x00000000     0x3cb7 ./src/main_radio14.o
 .debug_macro   0x00000000     0x23fc ./src/main_radio14.o
 .debug_macro   0x00000000     0x2479 ./src/main_radio14.o
 .debug_macro   0x00000000     0x2efb ./src/main_radio14.o
 .debug_macro   0x00000000      0xfaf ./src/main_radio14.o
 .debug_macro   0x00000000      0x6c3 ./src/main_radio14.o
 .debug_macro   0x00000000      0x65d ./src/main_radio14.o
 .debug_macro   0x00000000      0x731 ./src/main_radio14.o
 .debug_macro   0x00000000      0x4ff ./src/main_radio14.o
 .debug_macro   0x00000000     0x1a91 ./src/main_radio14.o
 .debug_macro   0x00000000       0x40 ./src/main_radio14.o
 .debug_macro   0x00000000      0x25e ./src/main_radio14.o
 .debug_macro   0x00000000      0x2ee ./src/main_radio14.o
 .debug_macro   0x00000000      0x10c ./src/main_radio14.o
 .debug_macro   0x00000000     0x29fd ./src/main_radio14.o
 .debug_macro   0x00000000      0x22a ./src/main_radio14.o
 .debug_macro   0x00000000      0x22a ./src/main_radio14.o
 .debug_macro   0x00000000       0x22 ./src/main_radio14.o
 .debug_macro   0x00000000       0x10 ./src/main_radio14.o
 .debug_macro   0x00000000       0x78 ./src/main_radio14.o
 .debug_macro   0x00000000      0x35a ./src/main_radio14.o
 .debug_macro   0x00000000       0x8d ./src/main_radio14.o
 .debug_macro   0x00000000       0x8f ./src/main_radio14.o
 .text          0x00000000        0x0 c:/siliconlabs/simplicitystudio/v5/developer/toolchains/gnu_arm/10.2_2020q4/bin/../lib/gcc/arm-none-eabi/10.2.1/../../../../arm-none-eabi/lib/thumb/v7e-m+fp/softfp\libc_nano.a(lib_a-exit.o)
 .data          0x00000000        0x0 c:/siliconlabs/simplicitystudio/v5/developer/toolchains/gnu_arm/10.2_2020q4/bin/../lib/gcc/arm-none-eabi/10.2.1/../../../../arm-none-eabi/lib/thumb/v7e-m+fp/softfp\libc_nano.a(lib_a-exit.o)
 .bss           0x00000000        0x0 c:/siliconlabs/simplicitystudio/v5/developer/toolchains/gnu_arm/10.2_2020q4/bin/../lib/gcc/arm-none-eabi/10.2.1/../../../../arm-none-eabi/lib/thumb/v7e-m+fp/softfp\libc_nano.a(lib_a-exit.o)
 .text          0x00000000        0x0 c:/siliconlabs/simplicitystudio/v5/developer/toolchains/gnu_arm/10.2_2020q4/bin/../lib/gcc/arm-none-eabi/10.2.1/../../../../arm-none-eabi/lib/thumb/v7e-m+fp/softfp\libc_nano.a(lib_a-impure.o)
 .data          0x00000000        0x0 c:/siliconlabs/simplicitystudio/v5/developer/toolchains/gnu_arm/10.2_2020q4/bin/../lib/gcc/arm-none-eabi/10.2.1/../../../../arm-none-eabi/lib/thumb/v7e-m+fp/softfp\libc_nano.a(lib_a-impure.o)
 .bss           0x00000000        0x0 c:/siliconlabs/simplicitystudio/v5/developer/toolchains/gnu_arm/10.2_2020q4/bin/../lib/gcc/arm-none-eabi/10.2.1/../../../../arm-none-eabi/lib/thumb/v7e-m+fp/softfp\libc_nano.a(lib_a-impure.o)
 .data._impure_ptr
                0x00000000        0x4 c:/siliconlabs/simplicitystudio/v5/developer/toolchains/gnu_arm/10.2_2020q4/bin/../lib/gcc/arm-none-eabi/10.2.1/../../../../arm-none-eabi/lib/thumb/v7e-m+fp/softfp\libc_nano.a(lib_a-impure.o)
 .text          0x00000000        0x0 c:/siliconlabs/simplicitystudio/v5/developer/toolchains/gnu_arm/10.2_2020q4/bin/../lib/gcc/arm-none-eabi/10.2.1/../../../../arm-none-eabi/lib/thumb/v7e-m+fp/softfp\libc_nano.a(lib_a-init.o)
 .data          0x00000000        0x0 c:/siliconlabs/simplicitystudio/v5/developer/toolchains/gnu_arm/10.2_2020q4/bin/../lib/gcc/arm-none-eabi/10.2.1/../../../../arm-none-eabi/lib/thumb/v7e-m+fp/softfp\libc_nano.a(lib_a-init.o)
 .bss           0x00000000        0x0 c:/siliconlabs/simplicitystudio/v5/developer/toolchains/gnu_arm/10.2_2020q4/bin/../lib/gcc/arm-none-eabi/10.2.1/../../../../arm-none-eabi/lib/thumb/v7e-m+fp/softfp\libc_nano.a(lib_a-init.o)
 .text          0x00000000        0x0 c:/siliconlabs/simplicitystudio/v5/developer/toolchains/gnu_arm/10.2_2020q4/bin/../lib/gcc/arm-none-eabi/10.2.1/../../../../arm-none-eabi/lib/thumb/v7e-m+fp/softfp\libc_nano.a(lib_a-memset.o)
 .data          0x00000000        0x0 c:/siliconlabs/simplicitystudio/v5/developer/toolchains/gnu_arm/10.2_2020q4/bin/../lib/gcc/arm-none-eabi/10.2.1/../../../../arm-none-eabi/lib/thumb/v7e-m+fp/softfp\libc_nano.a(lib_a-memset.o)
 .bss           0x00000000        0x0 c:/siliconlabs/simplicitystudio/v5/developer/toolchains/gnu_arm/10.2_2020q4/bin/../lib/gcc/arm-none-eabi/10.2.1/../../../../arm-none-eabi/lib/thumb/v7e-m+fp/softfp\libc_nano.a(lib_a-memset.o)
 .text          0x00000000        0x0 c:/siliconlabs/simplicitystudio/v5/developer/toolchains/gnu_arm/10.2_2020q4/bin/../lib/gcc/arm-none-eabi/10.2.1/../../../../arm-none-eabi/lib/thumb/v7e-m+fp/softfp\libnosys.a(_exit.o)
 .data          0x00000000        0x0 c:/siliconlabs/simplicitystudio/v5/developer/toolchains/gnu_arm/10.2_2020q4/bin/../lib/gcc/arm-none-eabi/10.2.1/../../../../arm-none-eabi/lib/thumb/v7e-m+fp/softfp\libnosys.a(_exit.o)
 .bss           0x00000000        0x0 c:/siliconlabs/simplicitystudio/v5/developer/toolchains/gnu_arm/10.2_2020q4/bin/../lib/gcc/arm-none-eabi/10.2.1/../../../../arm-none-eabi/lib/thumb/v7e-m+fp/softfp\libnosys.a(_exit.o)
 .text          0x00000000        0x0 c:/siliconlabs/simplicitystudio/v5/developer/toolchains/gnu_arm/10.2_2020q4/bin/../lib/gcc/arm-none-eabi/10.2.1/thumb/v7e-m+fp/softfp/crtend.o
 .data          0x00000000        0x0 c:/siliconlabs/simplicitystudio/v5/developer/toolchains/gnu_arm/10.2_2020q4/bin/../lib/gcc/arm-none-eabi/10.2.1/thumb/v7e-m+fp/softfp/crtend.o
 .bss           0x00000000        0x0 c:/siliconlabs/simplicitystudio/v5/developer/toolchains/gnu_arm/10.2_2020q4/bin/../lib/gcc/arm-none-eabi/10.2.1/thumb/v7e-m+fp/softfp/crtend.o
 .rodata        0x00000000       0x24 c:/siliconlabs/simplicitystudio/v5/developer/toolchains/gnu_arm/10.2_2020q4/bin/../lib/gcc/arm-none-eabi/10.2.1/thumb/v7e-m+fp/softfp/crtend.o
 .text          0x00000000        0x0 c:/siliconlabs/simplicitystudio/v5/developer/toolchains/gnu_arm/10.2_2020q4/bin/../lib/gcc/arm-none-eabi/10.2.1/thumb/v7e-m+fp/softfp/crtn.o
 .data          0x00000000        0x0 c:/siliconlabs/simplicitystudio/v5/developer/toolchains/gnu_arm/10.2_2020q4/bin/../lib/gcc/arm-none-eabi/10.2.1/thumb/v7e-m+fp/softfp/crtn.o
 .bss           0x00000000        0x0 c:/siliconlabs/simplicitystudio/v5/developer/toolchains/gnu_arm/10.2_2020q4/bin/../lib/gcc/arm-none-eabi/10.2.1/thumb/v7e-m+fp/softfp/crtn.o

Memory Configuration

Name             Origin             Length             Attributes
FLASH            0x00000000         0x00040000         xr
RAM              0x20000000         0x00008000         xrw
*default*        0x00000000         0xffffffff

Linker script and memory map

LOAD c:/siliconlabs/simplicitystudio/v5/developer/toolchains/gnu_arm/10.2_2020q4/bin/../lib/gcc/arm-none-eabi/10.2.1/thumb/v7e-m+fp/softfp/crti.o
LOAD c:/siliconlabs/simplicitystudio/v5/developer/toolchains/gnu_arm/10.2_2020q4/bin/../lib/gcc/arm-none-eabi/10.2.1/thumb/v7e-m+fp/softfp/crtbegin.o
LOAD c:/siliconlabs/simplicitystudio/v5/developer/toolchains/gnu_arm/10.2_2020q4/bin/../lib/gcc/arm-none-eabi/10.2.1/../../../../arm-none-eabi/lib/thumb/v7e-m+fp/softfp/crt0.o
LOAD ./CMSIS/EFR32FG14P/startup_efr32fg14p.o
LOAD ./CMSIS/EFR32FG14P/system_efr32fg14p.o
LOAD ./emlib/em_adc.o
LOAD ./emlib/em_cmu.o
LOAD ./emlib/em_core.o
LOAD ./emlib/em_emu.o
LOAD ./emlib/em_opamp.o
LOAD ./emlib/em_system.o
LOAD ./src/main_radio14.o
START GROUP
LOAD c:/siliconlabs/simplicitystudio/v5/developer/toolchains/gnu_arm/10.2_2020q4/bin/../lib/gcc/arm-none-eabi/10.2.1/thumb/v7e-m+fp/softfp\libgcc.a
LOAD c:/siliconlabs/simplicitystudio/v5/developer/toolchains/gnu_arm/10.2_2020q4/bin/../lib/gcc/arm-none-eabi/10.2.1/../../../../arm-none-eabi/lib/thumb/v7e-m+fp/softfp\libc_nano.a
LOAD c:/siliconlabs/simplicitystudio/v5/developer/toolchains/gnu_arm/10.2_2020q4/bin/../lib/gcc/arm-none-eabi/10.2.1/../../../../arm-none-eabi/lib/thumb/v7e-m+fp/softfp\libnosys.a
END GROUP
START GROUP
LOAD c:/siliconlabs/simplicitystudio/v5/developer/toolchains/gnu_arm/10.2_2020q4/bin/../lib/gcc/arm-none-eabi/10.2.1/thumb/v7e-m+fp/softfp\libgcc.a
LOAD c:/siliconlabs/simplicitystudio/v5/developer/toolchains/gnu_arm/10.2_2020q4/bin/../lib/gcc/arm-none-eabi/10.2.1/../../../../arm-none-eabi/lib/thumb/v7e-m+fp/softfp\libg_nano.a
LOAD c:/siliconlabs/simplicitystudio/v5/developer/toolchains/gnu_arm/10.2_2020q4/bin/../lib/gcc/arm-none-eabi/10.2.1/../../../../arm-none-eabi/lib/thumb/v7e-m+fp/softfp\libc_nano.a
END GROUP
START GROUP
LOAD c:/siliconlabs/simplicitystudio/v5/developer/toolchains/gnu_arm/10.2_2020q4/bin/../lib/gcc/arm-none-eabi/10.2.1/thumb/v7e-m+fp/softfp\libgcc.a
LOAD c:/siliconlabs/simplicitystudio/v5/developer/toolchains/gnu_arm/10.2_2020q4/bin/../lib/gcc/arm-none-eabi/10.2.1/../../../../arm-none-eabi/lib/thumb/v7e-m+fp/softfp\libc_nano.a
END GROUP
LOAD c:/siliconlabs/simplicitystudio/v5/developer/toolchains/gnu_arm/10.2_2020q4/bin/../lib/gcc/arm-none-eabi/10.2.1/thumb/v7e-m+fp/softfp/crtend.o
LOAD c:/siliconlabs/simplicitystudio/v5/developer/toolchains/gnu_arm/10.2_2020q4/bin/../lib/gcc/arm-none-eabi/10.2.1/thumb/v7e-m+fp/softfp/crtn.o

.text           0x00000000      0xec8
 *(.vectors)
 .vectors       0x00000000       0xe8 ./CMSIS/EFR32FG14P/startup_efr32fg14p.o
                0x00000000                __Vectors
                0x000000e8                __Vectors_End = .
                0x000000e8                __Vectors_Size = (__Vectors_End - __Vectors)
                0x200000a0                __end__ = .
 *(.text*)
 .text          0x000000e8       0x40 c:/siliconlabs/simplicitystudio/v5/developer/toolchains/gnu_arm/10.2_2020q4/bin/../lib/gcc/arm-none-eabi/10.2.1/thumb/v7e-m+fp/softfp/crtbegin.o
 .text          0x00000128       0x7c c:/siliconlabs/simplicitystudio/v5/developer/toolchains/gnu_arm/10.2_2020q4/bin/../lib/gcc/arm-none-eabi/10.2.1/../../../../arm-none-eabi/lib/thumb/v7e-m+fp/softfp/crt0.o
                0x00000128                _stack_init
                0x00000130                _start
                0x00000130                _mainCRTStartup
 .text          0x000001a4       0x30 ./CMSIS/EFR32FG14P/startup_efr32fg14p.o
                0x000001a4                Reset_Handler
                0x000001d0                USART0_TX_IRQHandler
                0x000001d0                PRORTC_IRQHandler
                0x000001d0                I2C0_IRQHandler
                0x000001d0                HardFault_Handler
                0x000001d0                SysTick_Handler
                0x000001d0                USART1_RX_IRQHandler
                0x000001d0                PendSV_Handler
                0x000001d0                NMI_Handler
                0x000001d0                SYNTH_IRQHandler
                0x000001d0                WTIMER0_IRQHandler
                0x000001d0                CRYPTO0_IRQHandler
                0x000001d0                WDOG0_IRQHandler
                0x000001d0                USART1_TX_IRQHandler
                0x000001d0                SMU_IRQHandler
                0x000001d0                MSC_IRQHandler
                0x000001d0                ADC0_IRQHandler
                0x000001d0                UsageFault_Handler
                0x000001d0                WDOG1_IRQHandler
                0x000001d0                LEUART0_IRQHandler
                0x000001d0                FPUEH_IRQHandler
                0x000001d0                GPIO_EVEN_IRQHandler
                0x000001d0                VDAC0_IRQHandler
                0x000001d0                LDMA_IRQHandler
                0x000001d0                TIMER0_IRQHandler
                0x000001d0                DebugMon_Handler
                0x000001d0                LETIMER0_IRQHandler
                0x000001d0                TIMER1_IRQHandler
                0x000001d0                TRNG0_IRQHandler
                0x000001d0                RFSENSE_IRQHandler
                0x000001d0                BUFC_IRQHandler
                0x000001d0                MODEM_IRQHandler
                0x000001d0                Default_Handler
                0x000001d0                RAC_SEQ_IRQHandler
                0x000001d0                FRC_PRI_IRQHandler
                0x000001d0                EMU_IRQHandler
                0x000001d0                FRC_IRQHandler
                0x000001d0                CRYOTIMER_IRQHandler
                0x000001d0                PCNT0_IRQHandler
                0x000001d0                AGC_IRQHandler
                0x000001d0                sl_app_properties
                0x000001d0                ACMP0_IRQHandler
                0x000001d0                USART0_RX_IRQHandler
                0x000001d0                MemManage_Handler
                0x000001d0                SVC_Handler
                0x000001d0                RTCC_IRQHandler
                0x000001d0                CMU_IRQHandler
                0x000001d0                RAC_RSM_IRQHandler
                0x000001d0                LESENSE_IRQHandler
                0x000001d0                GPIO_ODD_IRQHandler
                0x000001d0                PROTIMER_IRQHandler
                0x000001d0                BusFault_Handler
                0x000001d0                IDAC0_IRQHandler
 .text.SystemHFClockGet
                0x000001d4       0x58 ./CMSIS/EFR32FG14P/system_efr32fg14p.o
                0x000001d4                SystemHFClockGet
 .text.SystemHFXOClockGet
                0x0000022c        0xc ./CMSIS/EFR32FG14P/system_efr32fg14p.o
                0x0000022c                SystemHFXOClockGet
 .text.SystemInit
                0x00000238       0x1c ./CMSIS/EFR32FG14P/system_efr32fg14p.o
                0x00000238                SystemInit
 .text.SystemLFRCOClockGet
                0x00000254        0x8 ./CMSIS/EFR32FG14P/system_efr32fg14p.o
                0x00000254                SystemLFRCOClockGet
 .text.SystemULFRCOClockGet
                0x0000025c        0x8 ./CMSIS/EFR32FG14P/system_efr32fg14p.o
                0x0000025c                SystemULFRCOClockGet
 .text.SystemLFXOClockGet
                0x00000264        0xc ./CMSIS/EFR32FG14P/system_efr32fg14p.o
                0x00000264                SystemLFXOClockGet
 .text.ADC_LoadDevinfoCal
                0x00000270       0xec ./emlib/em_adc.o
 .text.ADC_Init
                0x0000035c       0xbc ./emlib/em_adc.o
                0x0000035c                ADC_Init
 .text.ADC_InitSingle
                0x00000418       0xb0 ./emlib/em_adc.o
                0x00000418                ADC_InitSingle
 .text.ADC_PrescaleCalc
                0x000004c8       0x44 ./emlib/em_adc.o
                0x000004c8                ADC_PrescaleCalc
 .text.ADC_TimebaseCalc
                0x0000050c       0x30 ./emlib/em_adc.o
                0x0000050c                ADC_TimebaseCalc
 .text.CMU_ClockEnable
                0x0000053c       0x9c ./emlib/em_cmu.o
                0x0000053c                CMU_ClockEnable
 .text.CMU_ClockPrescGet
                0x000005d8       0xd0 ./emlib/em_cmu.o
                0x000005d8                CMU_ClockPrescGet
 .text.CMU_ClockSelectGet
                0x000006a8       0xc4 ./emlib/em_cmu.o
                0x000006a8                CMU_ClockSelectGet
 .text.lfClkGet
                0x0000076c       0x8c ./emlib/em_cmu.o
 .text.CMU_ClockFreqGet
                0x000007f8      0x194 ./emlib/em_cmu.o
                0x000007f8                CMU_ClockFreqGet
 .text.CORE_EnterCritical
                0x0000098c        0x8 ./emlib/em_core.o
                0x0000098c                CORE_EnterCritical
 .text.CORE_ExitCritical
                0x00000994        0x8 ./emlib/em_core.o
                0x00000994                CORE_ExitCritical
 .text.OPAMP_Enable
                0x0000099c      0x26c ./emlib/em_opamp.o
                0x0000099c                OPAMP_Enable
 .text.initAdc  0x00000c08       0x84 ./src/main_radio14.o
                0x00000c08                initAdc
 .text.initOpamp
                0x00000c8c       0x94 ./src/main_radio14.o
                0x00000c8c                initOpamp
 .text.startup.main
                0x00000d20       0x68 ./src/main_radio14.o
                0x00000d20                main
 .text.exit     0x00000d88       0x28 c:/siliconlabs/simplicitystudio/v5/developer/toolchains/gnu_arm/10.2_2020q4/bin/../lib/gcc/arm-none-eabi/10.2.1/../../../../arm-none-eabi/lib/thumb/v7e-m+fp/softfp\libc_nano.a(lib_a-exit.o)
                0x00000d88                exit
 .text.__libc_init_array
                0x00000db0       0x48 c:/siliconlabs/simplicitystudio/v5/developer/toolchains/gnu_arm/10.2_2020q4/bin/../lib/gcc/arm-none-eabi/10.2.1/../../../../arm-none-eabi/lib/thumb/v7e-m+fp/softfp\libc_nano.a(lib_a-init.o)
                0x00000db0                __libc_init_array
 .text.memset   0x00000df8       0x10 c:/siliconlabs/simplicitystudio/v5/developer/toolchains/gnu_arm/10.2_2020q4/bin/../lib/gcc/arm-none-eabi/10.2.1/../../../../arm-none-eabi/lib/thumb/v7e-m+fp/softfp\libc_nano.a(lib_a-memset.o)
                0x00000df8                memset
 .text._exit    0x00000e08        0x4 c:/siliconlabs/simplicitystudio/v5/developer/toolchains/gnu_arm/10.2_2020q4/bin/../lib/gcc/arm-none-eabi/10.2.1/../../../../arm-none-eabi/lib/thumb/v7e-m+fp/softfp\libnosys.a(_exit.o)
                0x00000e08                _exit
 *(.init)
 .init          0x00000e0c        0x4 c:/siliconlabs/simplicitystudio/v5/developer/toolchains/gnu_arm/10.2_2020q4/bin/../lib/gcc/arm-none-eabi/10.2.1/thumb/v7e-m+fp/softfp/crti.o
                0x00000e0c                _init
 .init          0x00000e10        0x8 c:/siliconlabs/simplicitystudio/v5/developer/toolchains/gnu_arm/10.2_2020q4/bin/../lib/gcc/arm-none-eabi/10.2.1/thumb/v7e-m+fp/softfp/crtn.o
 *(.fini)
 .fini          0x00000e18        0x4 c:/siliconlabs/simplicitystudio/v5/developer/toolchains/gnu_arm/10.2_2020q4/bin/../lib/gcc/arm-none-eabi/10.2.1/thumb/v7e-m+fp/softfp/crti.o
                0x00000e18                _fini
 .fini          0x00000e1c        0x8 c:/siliconlabs/simplicitystudio/v5/developer/toolchains/gnu_arm/10.2_2020q4/bin/../lib/gcc/arm-none-eabi/10.2.1/thumb/v7e-m+fp/softfp/crtn.o
 *crtbegin.o(.ctors)
 *crtbegin?.o(.ctors)
 *(EXCLUDE_FILE(*crtend.o *crtend?.o) .ctors)
 *(SORT_BY_NAME(.ctors.*))
 *(.ctors)
 *crtbegin.o(.dtors)
 *crtbegin?.o(.dtors)
 *(EXCLUDE_FILE(*crtend.o *crtend?.o) .dtors)
 *(SORT_BY_NAME(.dtors.*))
 *(.dtors)
 *(.rodata*)
 .rodata.CSWTCH.47
                0x00000e24        0x6 ./emlib/em_cmu.o
 *fill*         0x00000e2a        0x2 
 .rodata.CSWTCH.48
                0x00000e2c        0x4 ./emlib/em_cmu.o
 .rodata.CSWTCH.49
                0x00000e30        0x4 ./emlib/em_cmu.o
 .rodata.CSWTCH.17
                0x00000e34        0xc ./emlib/em_opamp.o
 .rodata        0x00000e40       0x80 ./src/main_radio14.o
 .rodata._global_impure_ptr
                0x00000ec0        0x4 c:/siliconlabs/simplicitystudio/v5/developer/toolchains/gnu_arm/10.2_2020q4/bin/../lib/gcc/arm-none-eabi/10.2.1/../../../../arm-none-eabi/lib/thumb/v7e-m+fp/softfp\libc_nano.a(lib_a-impure.o)
                0x00000ec0                _global_impure_ptr
 *(.eh_frame*)
 .eh_frame      0x00000ec4        0x0 c:/siliconlabs/simplicitystudio/v5/developer/toolchains/gnu_arm/10.2_2020q4/bin/../lib/gcc/arm-none-eabi/10.2.1/thumb/v7e-m+fp/softfp/crtbegin.o
 .eh_frame      0x00000ec4        0x4 c:/siliconlabs/simplicitystudio/v5/developer/toolchains/gnu_arm/10.2_2020q4/bin/../lib/gcc/arm-none-eabi/10.2.1/thumb/v7e-m+fp/softfp/crtend.o

.glue_7         0x00000ec8        0x0
 .glue_7        0x00000ec8        0x0 linker stubs

.glue_7t        0x00000ec8        0x0
 .glue_7t       0x00000ec8        0x0 linker stubs

.vfp11_veneer   0x00000ec8        0x0
 .vfp11_veneer  0x00000ec8        0x0 linker stubs

.v4_bx          0x00000ec8        0x0
 .v4_bx         0x00000ec8        0x0 linker stubs

.iplt           0x00000ec8        0x0
 .iplt          0x00000ec8        0x0 c:/siliconlabs/simplicitystudio/v5/developer/toolchains/gnu_arm/10.2_2020q4/bin/../lib/gcc/arm-none-eabi/10.2.1/thumb/v7e-m+fp/softfp/crtbegin.o

.ARM.extab
 *(.ARM.extab* .gnu.linkonce.armextab.*)
                0x00000ec8                __exidx_start = .

.ARM.exidx      0x00000ec8        0x8
 *(.ARM.exidx* .gnu.linkonce.armexidx.*)
 .ARM.exidx     0x00000ec8        0x8 c:/siliconlabs/simplicitystudio/v5/developer/toolchains/gnu_arm/10.2_2020q4/bin/../lib/gcc/arm-none-eabi/10.2.1/../../../../arm-none-eabi/lib/thumb/v7e-m+fp/softfp/crt0.o
                                 0x10 (size before relaxing)
                0x00000ed0                __exidx_end = .
                0x00000ed0                __etext = .

.rel.dyn        0x00000ed0        0x0
 .rel.iplt      0x00000ed0        0x0 c:/siliconlabs/simplicitystudio/v5/developer/toolchains/gnu_arm/10.2_2020q4/bin/../lib/gcc/arm-none-eabi/10.2.1/thumb/v7e-m+fp/softfp/crtbegin.o

.data           0x20000000       0x78 load address 0x00000ed0
                0x20000000                __data_start__ = .
 *(vtable)
 *(.data*)
 .data.SystemHFXOClock
                0x20000000        0x4 ./CMSIS/EFR32FG14P/system_efr32fg14p.o
 .data.SystemHfrcoFreq
                0x20000004        0x4 ./CMSIS/EFR32FG14P/system_efr32fg14p.o
                0x20000004                SystemHfrcoFreq
 .data.SystemLFXOClock
                0x20000008        0x4 ./CMSIS/EFR32FG14P/system_efr32fg14p.o
 .data.auxHfrcoFreq
                0x2000000c        0x4 ./emlib/em_cmu.o
 .data.impure_data
                0x20000010       0x60 c:/siliconlabs/simplicitystudio/v5/developer/toolchains/gnu_arm/10.2_2020q4/bin/../lib/gcc/arm-none-eabi/10.2.1/../../../../arm-none-eabi/lib/thumb/v7e-m+fp/softfp\libc_nano.a(lib_a-impure.o)
                0x20000070                . = ALIGN (0x4)
 *(.ram)
                0x20000070                . = ALIGN (0x4)
                0x20000070                PROVIDE (__preinit_array_start = .)
 *(.preinit_array)
                0x20000070                PROVIDE (__preinit_array_end = .)
                0x20000070                . = ALIGN (0x4)
                0x20000070                PROVIDE (__init_array_start = .)
 *(SORT_BY_NAME(.init_array.*))
 *(.init_array)
 .init_array    0x20000070        0x4 c:/siliconlabs/simplicitystudio/v5/developer/toolchains/gnu_arm/10.2_2020q4/bin/../lib/gcc/arm-none-eabi/10.2.1/thumb/v7e-m+fp/softfp/crtbegin.o
                0x20000074                PROVIDE (__init_array_end = .)
                0x20000074                . = ALIGN (0x4)
                [!provide]                PROVIDE (__fini_array_start = .)
 *(SORT_BY_NAME(.fini_array.*))
 *(.fini_array)
 .fini_array    0x20000074        0x4 c:/siliconlabs/simplicitystudio/v5/developer/toolchains/gnu_arm/10.2_2020q4/bin/../lib/gcc/arm-none-eabi/10.2.1/thumb/v7e-m+fp/softfp/crtbegin.o
                [!provide]                PROVIDE (__fini_array_end = .)
 *(.jcr*)
                0x20000078                . = ALIGN (0x4)
                0x20000078                __data_end__ = .

.igot.plt       0x20000078        0x0 load address 0x00000f48
 .igot.plt      0x20000078        0x0 c:/siliconlabs/simplicitystudio/v5/developer/toolchains/gnu_arm/10.2_2020q4/bin/../lib/gcc/arm-none-eabi/10.2.1/thumb/v7e-m+fp/softfp/crtbegin.o

.bss            0x20000078       0x24 load address 0x00000f48
                0x20000078                . = ALIGN (0x4)
                0x20000078                __bss_start__ = .
 *(.bss*)
 .bss           0x20000078       0x1c c:/siliconlabs/simplicitystudio/v5/developer/toolchains/gnu_arm/10.2_2020q4/bin/../lib/gcc/arm-none-eabi/10.2.1/thumb/v7e-m+fp/softfp/crtbegin.o
 .bss.millivolts
                0x20000094        0x4 ./src/main_radio14.o
 .bss.sample    0x20000098        0x4 ./src/main_radio14.o
 *(COMMON)
                0x2000009c                . = ALIGN (0x4)
                0x2000009c                __bss_end__ = .

.heap           0x200000a0      0xc00
                0x200000a0                __HeapBase = .
                0x200000a0                __end__ = .
                0x200000a0                end = __end__
                0x200000a0                _end = __end__
 *(.heap*)
 .heap          0x200000a0      0xc00 ./CMSIS/EFR32FG14P/startup_efr32fg14p.o
                0x20000ca0                __HeapLimit = .

.stack_dummy    0x200000a0      0x400
 *(.stack*)
 .stack         0x200000a0      0x400 ./CMSIS/EFR32FG14P/startup_efr32fg14p.o
                0x20008000                __StackTop = (ORIGIN (RAM) + LENGTH (RAM))
                0x20007c00                __StackLimit = (__StackTop - SIZEOF (.stack_dummy))
                0x20008000                PROVIDE (__stack = __StackTop)
                0x00000001                ASSERT ((__StackLimit >= __HeapLimit), region RAM overflowed with stack)
                0x00000001                ASSERT ((LENGTH (FLASH) >= (__etext + SIZEOF (.data))), FLASH memory overflowed !)
OUTPUT(BRD4257A_EFR32FG14P_opamp_to_adc_2.axf elf32-littlearm)
LOAD linker stubs

.ARM.attributes
                0x00000000       0x2e
 .ARM.attributes
                0x00000000       0x1e c:/siliconlabs/simplicitystudio/v5/developer/toolchains/gnu_arm/10.2_2020q4/bin/../lib/gcc/arm-none-eabi/10.2.1/thumb/v7e-m+fp/softfp/crti.o
 .ARM.attributes
                0x0000001e       0x32 c:/siliconlabs/simplicitystudio/v5/developer/toolchains/gnu_arm/10.2_2020q4/bin/../lib/gcc/arm-none-eabi/10.2.1/thumb/v7e-m+fp/softfp/crtbegin.o
 .ARM.attributes
                0x00000050       0x1c c:/siliconlabs/simplicitystudio/v5/developer/toolchains/gnu_arm/10.2_2020q4/bin/../lib/gcc/arm-none-eabi/10.2.1/../../../../arm-none-eabi/lib/thumb/v7e-m+fp/softfp/crt0.o
 .ARM.attributes
                0x0000006c       0x1f ./CMSIS/EFR32FG14P/startup_efr32fg14p.o
 .ARM.attributes
                0x0000008b       0x32 ./CMSIS/EFR32FG14P/system_efr32fg14p.o
 .ARM.attributes
                0x000000bd       0x32 ./emlib/em_adc.o
 .ARM.attributes
                0x000000ef       0x32 ./emlib/em_cmu.o
 .ARM.attributes
                0x00000121       0x32 ./emlib/em_core.o
 .ARM.attributes
                0x00000153       0x32 ./emlib/em_opamp.o
 .ARM.attributes
                0x00000185       0x32 ./src/main_radio14.o
 .ARM.attributes
                0x000001b7       0x32 c:/siliconlabs/simplicitystudio/v5/developer/toolchains/gnu_arm/10.2_2020q4/bin/../lib/gcc/arm-none-eabi/10.2.1/../../../../arm-none-eabi/lib/thumb/v7e-m+fp/softfp\libc_nano.a(lib_a-exit.o)
 .ARM.attributes
                0x000001e9       0x30 c:/siliconlabs/simplicitystudio/v5/developer/toolchains/gnu_arm/10.2_2020q4/bin/../lib/gcc/arm-none-eabi/10.2.1/../../../../arm-none-eabi/lib/thumb/v7e-m+fp/softfp\libc_nano.a(lib_a-impure.o)
 .ARM.attributes
                0x00000219       0x32 c:/siliconlabs/simplicitystudio/v5/developer/toolchains/gnu_arm/10.2_2020q4/bin/../lib/gcc/arm-none-eabi/10.2.1/../../../../arm-none-eabi/lib/thumb/v7e-m+fp/softfp\libc_nano.a(lib_a-init.o)
 .ARM.attributes
                0x0000024b       0x32 c:/siliconlabs/simplicitystudio/v5/developer/toolchains/gnu_arm/10.2_2020q4/bin/../lib/gcc/arm-none-eabi/10.2.1/../../../../arm-none-eabi/lib/thumb/v7e-m+fp/softfp\libc_nano.a(lib_a-memset.o)
 .ARM.attributes
                0x0000027d       0x32 c:/siliconlabs/simplicitystudio/v5/developer/toolchains/gnu_arm/10.2_2020q4/bin/../lib/gcc/arm-none-eabi/10.2.1/../../../../arm-none-eabi/lib/thumb/v7e-m+fp/softfp\libnosys.a(_exit.o)
 .ARM.attributes
                0x000002af       0x30 c:/siliconlabs/simplicitystudio/v5/developer/toolchains/gnu_arm/10.2_2020q4/bin/../lib/gcc/arm-none-eabi/10.2.1/thumb/v7e-m+fp/softfp/crtend.o
 .ARM.attributes
                0x000002df       0x1e c:/siliconlabs/simplicitystudio/v5/developer/toolchains/gnu_arm/10.2_2020q4/bin/../lib/gcc/arm-none-eabi/10.2.1/thumb/v7e-m+fp/softfp/crtn.o

.comment        0x00000000       0x4d
 .comment       0x00000000       0x4d ./CMSIS/EFR32FG14P/system_efr32fg14p.o
                                 0x4e (size before relaxing)
 .comment       0x0000004d       0x4e ./emlib/em_adc.o
 .comment       0x0000004d       0x4e ./emlib/em_cmu.o
 .comment       0x0000004d       0x4e ./emlib/em_core.o
 .comment       0x0000004d       0x4e ./emlib/em_opamp.o
 .comment       0x0000004d       0x4e ./src/main_radio14.o

.debug_line     0x00000000     0x79f1
 .debug_line    0x00000000       0xcc ./CMSIS/EFR32FG14P/startup_efr32fg14p.o
 .debug_line    0x000000cc      0xa4e ./CMSIS/EFR32FG14P/system_efr32fg14p.o
 .debug_line    0x00000b1a     0x1306 ./emlib/em_adc.o
 .debug_line    0x00001e20     0x36bd ./emlib/em_cmu.o
 .debug_line    0x000054dd      0xdf1 ./emlib/em_core.o
 .debug_line    0x000062ce      0xc1d ./emlib/em_opamp.o
 .debug_line    0x00006eeb      0xb06 ./src/main_radio14.o

.debug_info     0x00000000     0xba28
 .debug_info    0x00000000       0x26 ./CMSIS/EFR32FG14P/startup_efr32fg14p.o
 .debug_info    0x00000026      0xaab ./CMSIS/EFR32FG14P/system_efr32fg14p.o
 .debug_info    0x00000ad1     0x20f6 ./emlib/em_adc.o
 .debug_info    0x00002bc7     0x4cf4 ./emlib/em_cmu.o
 .debug_info    0x000078bb      0xea7 ./emlib/em_core.o
 .debug_info    0x00008762     0x12bd ./emlib/em_opamp.o
 .debug_info    0x00009a1f     0x2009 ./src/main_radio14.o

.debug_abbrev   0x00000000     0x132d
 .debug_abbrev  0x00000000       0x14 ./CMSIS/EFR32FG14P/startup_efr32fg14p.o
 .debug_abbrev  0x00000014      0x262 ./CMSIS/EFR32FG14P/system_efr32fg14p.o
 .debug_abbrev  0x00000276      0x3a7 ./emlib/em_adc.o
 .debug_abbrev  0x0000061d      0x579 ./emlib/em_cmu.o
 .debug_abbrev  0x00000b96      0x363 ./emlib/em_core.o
 .debug_abbrev  0x00000ef9      0x1f7 ./emlib/em_opamp.o
 .debug_abbrev  0x000010f0      0x23d ./src/main_radio14.o

.debug_aranges  0x00000000      0x338
 .debug_aranges
                0x00000000       0x20 ./CMSIS/EFR32FG14P/startup_efr32fg14p.o
 .debug_aranges
                0x00000020       0x68 ./CMSIS/EFR32FG14P/system_efr32fg14p.o
 .debug_aranges
                0x00000088       0x70 ./emlib/em_adc.o
 .debug_aranges
                0x000000f8      0x130 ./emlib/em_cmu.o
 .debug_aranges
                0x00000228       0xb8 ./emlib/em_core.o
 .debug_aranges
                0x000002e0       0x28 ./emlib/em_opamp.o
 .debug_aranges
                0x00000308       0x30 ./src/main_radio14.o

.debug_str      0x00000000   0x13b7e9
 .debug_str     0x00000000      0x100 ./CMSIS/EFR32FG14P/startup_efr32fg14p.o
 .debug_str     0x00000100   0x12ff4c ./CMSIS/EFR32FG14P/system_efr32fg14p.o
                             0x130e9d (size before relaxing)
 .debug_str     0x0013004c     0x5491 ./emlib/em_adc.o
                             0x135f3f (size before relaxing)
 .debug_str     0x001354dd     0x30c8 ./emlib/em_cmu.o
                             0x136695 (size before relaxing)
 .debug_str     0x001385a5      0x5e8 ./emlib/em_core.o
                             0x131aa3 (size before relaxing)
 .debug_str     0x00138b8d     0x2ab8 ./emlib/em_opamp.o
                             0x133799 (size before relaxing)
 .debug_str     0x0013b645      0x1a4 ./src/main_radio14.o
                             0x1380be (size before relaxing)

.debug_loc      0x00000000     0x6468
 .debug_loc     0x00000000      0x1c9 ./CMSIS/EFR32FG14P/system_efr32fg14p.o
 .debug_loc     0x000001c9     0x10e5 ./emlib/em_adc.o
 .debug_loc     0x000012ae     0x475b ./emlib/em_cmu.o
 .debug_loc     0x00005a09      0x769 ./emlib/em_core.o
 .debug_loc     0x00006172      0x21b ./emlib/em_opamp.o
 .debug_loc     0x0000638d       0xdb ./src/main_radio14.o

.debug_ranges   0x00000000     0x1138
 .debug_ranges  0x00000000       0x58 ./CMSIS/EFR32FG14P/system_efr32fg14p.o
 .debug_ranges  0x00000058      0x118 ./emlib/em_adc.o
 .debug_ranges  0x00000170      0xd90 ./emlib/em_cmu.o
 .debug_ranges  0x00000f00      0x198 ./emlib/em_core.o
 .debug_ranges  0x00001098       0x40 ./emlib/em_opamp.o
 .debug_ranges  0x000010d8       0x60 ./src/main_radio14.o

.debug_macro    0x00000000    0x2e26e
 .debug_macro   0x00000000      0x278 ./CMSIS/EFR32FG14P/system_efr32fg14p.o
 .debug_macro   0x00000278      0xa66 ./CMSIS/EFR32FG14P/system_efr32fg14p.o
 .debug_macro   0x00000cde       0x22 ./CMSIS/EFR32FG14P/system_efr32fg14p.o
 .debug_macro   0x00000d00       0x56 ./CMSIS/EFR32FG14P/system_efr32fg14p.o
 .debug_macro   0x00000d56       0x51 ./CMSIS/EFR32FG14P/system_efr32fg14p.o
 .debug_macro   0x00000da7      0x103 ./CMSIS/EFR32FG14P/system_efr32fg14p.o
 .debug_macro   0x00000eaa       0x6a ./CMSIS/EFR32FG14P/system_efr32fg14p.o
 .debug_macro   0x00000f14      0x1df ./CMSIS/EFR32FG14P/system_efr32fg14p.o
 .debug_macro   0x000010f3      0x44f ./CMSIS/EFR32FG14P/system_efr32fg14p.o
 .debug_macro   0x00001542       0x1c ./CMSIS/EFR32FG14P/system_efr32fg14p.o
 .debug_macro   0x0000155e       0x22 ./CMSIS/EFR32FG14P/system_efr32fg14p.o
 .debug_macro   0x00001580       0xd9 ./CMSIS/EFR32FG14P/system_efr32fg14p.o
 .debug_macro   0x00001659      0xff5 ./CMSIS/EFR32FG14P/system_efr32fg14p.o
 .debug_macro   0x0000264e       0xe2 ./CMSIS/EFR32FG14P/system_efr32fg14p.o
 .debug_macro   0x00002730      0xcd6 ./CMSIS/EFR32FG14P/system_efr32fg14p.o
 .debug_macro   0x00003406     0x201c ./CMSIS/EFR32FG14P/system_efr32fg14p.o
 .debug_macro   0x00005422      0x329 ./CMSIS/EFR32FG14P/system_efr32fg14p.o
 .debug_macro   0x0000574b     0x3269 ./CMSIS/EFR32FG14P/system_efr32fg14p.o
 .debug_macro   0x000089b4     0x1b2e ./CMSIS/EFR32FG14P/system_efr32fg14p.o
 .debug_macro   0x0000a4e2     0x2172 ./CMSIS/EFR32FG14P/system_efr32fg14p.o
 .debug_macro   0x0000c654     0x19bb ./CMSIS/EFR32FG14P/system_efr32fg14p.o
 .debug_macro   0x0000e00f      0xca3 ./CMSIS/EFR32FG14P/system_efr32fg14p.o
 .debug_macro   0x0000ecb2      0x344 ./CMSIS/EFR32FG14P/system_efr32fg14p.o
 .debug_macro   0x0000eff6      0x29d ./CMSIS/EFR32FG14P/system_efr32fg14p.o
 .debug_macro   0x0000f293     0x2786 ./CMSIS/EFR32FG14P/system_efr32fg14p.o
 .debug_macro   0x00011a19     0x31cc ./CMSIS/EFR32FG14P/system_efr32fg14p.o
 .debug_macro   0x00014be5     0x136b ./CMSIS/EFR32FG14P/system_efr32fg14p.o
 .debug_macro   0x00015f50      0xde2 ./CMSIS/EFR32FG14P/system_efr32fg14p.o
 .debug_macro   0x00016d32      0x249 ./CMSIS/EFR32FG14P/system_efr32fg14p.o
 .debug_macro   0x00016f7b     0x1042 ./CMSIS/EFR32FG14P/system_efr32fg14p.o
 .debug_macro   0x00017fbd     0x1605 ./CMSIS/EFR32FG14P/system_efr32fg14p.o
 .debug_macro   0x000195c2     0x3cb7 ./CMSIS/EFR32FG14P/system_efr32fg14p.o
 .debug_macro   0x0001d279     0x23fc ./CMSIS/EFR32FG14P/system_efr32fg14p.o
 .debug_macro   0x0001f675     0x2479 ./CMSIS/EFR32FG14P/system_efr32fg14p.o
 .debug_macro   0x00021aee     0x2efb ./CMSIS/EFR32FG14P/system_efr32fg14p.o
 .debug_macro   0x000249e9      0xfaf ./CMSIS/EFR32FG14P/system_efr32fg14p.o
 .debug_macro   0x00025998      0x6c3 ./CMSIS/EFR32FG14P/system_efr32fg14p.o
 .debug_macro   0x0002605b      0x65d ./CMSIS/EFR32FG14P/system_efr32fg14p.o
 .debug_macro   0x000266b8      0x731 ./CMSIS/EFR32FG14P/system_efr32fg14p.o
 .debug_macro   0x00026de9      0x4ff ./CMSIS/EFR32FG14P/system_efr32fg14p.o
 .debug_macro   0x000272e8     0x1a91 ./CMSIS/EFR32FG14P/system_efr32fg14p.o
 .debug_macro   0x00028d79       0x40 ./CMSIS/EFR32FG14P/system_efr32fg14p.o
 .debug_macro   0x00028db9      0x25e ./CMSIS/EFR32FG14P/system_efr32fg14p.o
 .debug_macro   0x00029017      0x2ee ./CMSIS/EFR32FG14P/system_efr32fg14p.o
 .debug_macro   0x00029305      0x10c ./CMSIS/EFR32FG14P/system_efr32fg14p.o
 .debug_macro   0x00029411     0x29fd ./CMSIS/EFR32FG14P/system_efr32fg14p.o
 .debug_macro   0x0002be0e      0x22a ./CMSIS/EFR32FG14P/system_efr32fg14p.o
 .debug_macro   0x0002c038      0x22a ./CMSIS/EFR32FG14P/system_efr32fg14p.o
 .debug_macro   0x0002c262      0x34d ./emlib/em_adc.o
 .debug_macro   0x0002c5af       0x22 ./emlib/em_adc.o
 .debug_macro   0x0002c5d1       0x51 ./emlib/em_adc.o
 .debug_macro   0x0002c622       0x10 ./emlib/em_adc.o
 .debug_macro   0x0002c632       0x7e ./emlib/em_adc.o
 .debug_macro   0x0002c6b0       0xfc ./emlib/em_adc.o
 .debug_macro   0x0002c7ac       0xea ./emlib/em_adc.o
 .debug_macro   0x0002c896      0x35a ./emlib/em_adc.o
 .debug_macro   0x0002cbf0      0x16d ./emlib/em_adc.o
 .debug_macro   0x0002cd5d      0x3b3 ./emlib/em_cmu.o
 .debug_macro   0x0002d110       0x64 ./emlib/em_cmu.o
 .debug_macro   0x0002d174      0x356 ./emlib/em_cmu.o
 .debug_macro   0x0002d4ca       0x7c ./emlib/em_cmu.o
 .debug_macro   0x0002d546       0x17 ./emlib/em_cmu.o
 .debug_macro   0x0002d55d       0xee ./emlib/em_cmu.o
 .debug_macro   0x0002d64b       0x8d ./emlib/em_cmu.o
 .debug_macro   0x0002d6d8      0x296 ./emlib/em_core.o
 .debug_macro   0x0002d96e       0x78 ./emlib/em_core.o
 .debug_macro   0x0002d9e6      0x292 ./emlib/em_opamp.o
 .debug_macro   0x0002dc78       0x18 ./emlib/em_opamp.o
 .debug_macro   0x0002dc90       0x8f ./emlib/em_opamp.o
 .debug_macro   0x0002dd1f      0x2f4 ./src/main_radio14.o
 .debug_macro   0x0002e013      0x102 ./src/main_radio14.o
 .debug_macro   0x0002e115       0xe4 ./src/main_radio14.o
 .debug_macro   0x0002e1f9       0x1e ./src/main_radio14.o
 .debug_macro   0x0002e217       0x57 ./src/main_radio14.o

.debug_frame    0x00000000      0x8c0
 .debug_frame   0x00000000       0xc8 ./CMSIS/EFR32FG14P/system_efr32fg14p.o
 .debug_frame   0x000000c8      0x140 ./emlib/em_adc.o
 .debug_frame   0x00000208      0x370 ./emlib/em_cmu.o
 .debug_frame   0x00000578      0x204 ./emlib/em_core.o
 .debug_frame   0x0000077c       0x40 ./emlib/em_opamp.o
 .debug_frame   0x000007bc       0x70 ./src/main_radio14.o
 .debug_frame   0x0000082c       0x28 c:/siliconlabs/simplicitystudio/v5/developer/toolchains/gnu_arm/10.2_2020q4/bin/../lib/gcc/arm-none-eabi/10.2.1/../../../../arm-none-eabi/lib/thumb/v7e-m+fp/softfp\libc_nano.a(lib_a-exit.o)
 .debug_frame   0x00000854       0x2c c:/siliconlabs/simplicitystudio/v5/developer/toolchains/gnu_arm/10.2_2020q4/bin/../lib/gcc/arm-none-eabi/10.2.1/../../../../arm-none-eabi/lib/thumb/v7e-m+fp/softfp\libc_nano.a(lib_a-init.o)
 .debug_frame   0x00000880       0x20 c:/siliconlabs/simplicitystudio/v5/developer/toolchains/gnu_arm/10.2_2020q4/bin/../lib/gcc/arm-none-eabi/10.2.1/../../../../arm-none-eabi/lib/thumb/v7e-m+fp/softfp\libc_nano.a(lib_a-memset.o)
 .debug_frame   0x000008a0       0x20 c:/siliconlabs/simplicitystudio/v5/developer/toolchains/gnu_arm/10.2_2020q4/bin/../lib/gcc/arm-none-eabi/10.2.1/../../../../arm-none-eabi/lib/thumb/v7e-m+fp/softfp\libnosys.a(_exit.o)
