Archive member included to satisfy reference by file (symbol)

c:/siliconlabs/simplicitystudio/v5/developer/toolchains/gnu_arm/10.2_2020q4/bin/../lib/gcc/arm-none-eabi/10.2.1/thumb/v7e-m+fp/softfp\libgcc.a(_aeabi_ldivmod.o)
                              ./gecko_sdk_4.0.0/platform/emlib/src/em_usart.o (__aeabi_ldivmod)
c:/siliconlabs/simplicitystudio/v5/developer/toolchains/gnu_arm/10.2_2020q4/bin/../lib/gcc/arm-none-eabi/10.2.1/thumb/v7e-m+fp/softfp\libgcc.a(_aeabi_uldivmod.o)
                              ./gecko_sdk_4.0.0/platform/emlib/src/em_usart.o (__aeabi_uldivmod)
c:/siliconlabs/simplicitystudio/v5/developer/toolchains/gnu_arm/10.2_2020q4/bin/../lib/gcc/arm-none-eabi/10.2.1/thumb/v7e-m+fp/softfp\libgcc.a(_udivmoddi4.o)
                              c:/siliconlabs/simplicitystudio/v5/developer/toolchains/gnu_arm/10.2_2020q4/bin/../lib/gcc/arm-none-eabi/10.2.1/thumb/v7e-m+fp/softfp\libgcc.a(_aeabi_ldivmod.o) (__udivmoddi4)
c:/siliconlabs/simplicitystudio/v5/developer/toolchains/gnu_arm/10.2_2020q4/bin/../lib/gcc/arm-none-eabi/10.2.1/thumb/v7e-m+fp/softfp\libgcc.a(_dvmd_tls.o)
                              c:/siliconlabs/simplicitystudio/v5/developer/toolchains/gnu_arm/10.2_2020q4/bin/../lib/gcc/arm-none-eabi/10.2.1/thumb/v7e-m+fp/softfp\libgcc.a(_aeabi_ldivmod.o) (__aeabi_ldiv0)
c:/siliconlabs/simplicitystudio/v5/developer/toolchains/gnu_arm/10.2_2020q4/bin/../lib/gcc/arm-none-eabi/10.2.1/../../../../arm-none-eabi/lib/thumb/v7e-m+fp/softfp\libc_nano.a(lib_a-exit.o)
                              c:/siliconlabs/simplicitystudio/v5/developer/toolchains/gnu_arm/10.2_2020q4/bin/../lib/gcc/arm-none-eabi/10.2.1/../../../../arm-none-eabi/lib/thumb/v7e-m+fp/softfp/crt0.o (exit)
c:/siliconlabs/simplicitystudio/v5/developer/toolchains/gnu_arm/10.2_2020q4/bin/../lib/gcc/arm-none-eabi/10.2.1/../../../../arm-none-eabi/lib/thumb/v7e-m+fp/softfp\libc_nano.a(lib_a-impure.o)
                              c:/siliconlabs/simplicitystudio/v5/developer/toolchains/gnu_arm/10.2_2020q4/bin/../lib/gcc/arm-none-eabi/10.2.1/../../../../arm-none-eabi/lib/thumb/v7e-m+fp/softfp\libc_nano.a(lib_a-exit.o) (_global_impure_ptr)
c:/siliconlabs/simplicitystudio/v5/developer/toolchains/gnu_arm/10.2_2020q4/bin/../lib/gcc/arm-none-eabi/10.2.1/../../../../arm-none-eabi/lib/thumb/v7e-m+fp/softfp\libc_nano.a(lib_a-init.o)
                              c:/siliconlabs/simplicitystudio/v5/developer/toolchains/gnu_arm/10.2_2020q4/bin/../lib/gcc/arm-none-eabi/10.2.1/../../../../arm-none-eabi/lib/thumb/v7e-m+fp/softfp/crt0.o (__libc_init_array)
c:/siliconlabs/simplicitystudio/v5/developer/toolchains/gnu_arm/10.2_2020q4/bin/../lib/gcc/arm-none-eabi/10.2.1/../../../../arm-none-eabi/lib/thumb/v7e-m+fp/softfp\libc_nano.a(lib_a-memset.o)
                              c:/siliconlabs/simplicitystudio/v5/developer/toolchains/gnu_arm/10.2_2020q4/bin/../lib/gcc/arm-none-eabi/10.2.1/../../../../arm-none-eabi/lib/thumb/v7e-m+fp/softfp/crt0.o (memset)
c:/siliconlabs/simplicitystudio/v5/developer/toolchains/gnu_arm/10.2_2020q4/bin/../lib/gcc/arm-none-eabi/10.2.1/../../../../arm-none-eabi/lib/thumb/v7e-m+fp/softfp\libnosys.a(_exit.o)
                              c:/siliconlabs/simplicitystudio/v5/developer/toolchains/gnu_arm/10.2_2020q4/bin/../lib/gcc/arm-none-eabi/10.2.1/../../../../arm-none-eabi/lib/thumb/v7e-m+fp/softfp\libc_nano.a(lib_a-exit.o) (_exit)

Discarded input sections

 .text          0x00000000        0x0 c:/siliconlabs/simplicitystudio/v5/developer/toolchains/gnu_arm/10.2_2020q4/bin/../lib/gcc/arm-none-eabi/10.2.1/thumb/v7e-m+fp/softfp/crti.o
 .data          0x00000000        0x0 c:/siliconlabs/simplicitystudio/v5/developer/toolchains/gnu_arm/10.2_2020q4/bin/../lib/gcc/arm-none-eabi/10.2.1/thumb/v7e-m+fp/softfp/crti.o
 .bss           0x00000000        0x0 c:/siliconlabs/simplicitystudio/v5/developer/toolchains/gnu_arm/10.2_2020q4/bin/../lib/gcc/arm-none-eabi/10.2.1/thumb/v7e-m+fp/softfp/crti.o
 .data          0x00000000        0x4 c:/siliconlabs/simplicitystudio/v5/developer/toolchains/gnu_arm/10.2_2020q4/bin/../lib/gcc/arm-none-eabi/10.2.1/thumb/v7e-m+fp/softfp/crtbegin.o
 .rodata        0x00000000       0x24 c:/siliconlabs/simplicitystudio/v5/developer/toolchains/gnu_arm/10.2_2020q4/bin/../lib/gcc/arm-none-eabi/10.2.1/thumb/v7e-m+fp/softfp/crtbegin.o
 .data          0x00000000        0x0 c:/siliconlabs/simplicitystudio/v5/developer/toolchains/gnu_arm/10.2_2020q4/bin/../lib/gcc/arm-none-eabi/10.2.1/../../../../arm-none-eabi/lib/thumb/v7e-m+fp/softfp/crt0.o
 .bss           0x00000000        0x0 c:/siliconlabs/simplicitystudio/v5/developer/toolchains/gnu_arm/10.2_2020q4/bin/../lib/gcc/arm-none-eabi/10.2.1/../../../../arm-none-eabi/lib/thumb/v7e-m+fp/softfp/crt0.o
 .ARM.extab     0x00000000        0x0 c:/siliconlabs/simplicitystudio/v5/developer/toolchains/gnu_arm/10.2_2020q4/bin/../lib/gcc/arm-none-eabi/10.2.1/../../../../arm-none-eabi/lib/thumb/v7e-m+fp/softfp/crt0.o
 .group         0x00000000        0xc ./app.o
[...]
Memory Configuration

Name             Origin             Length             Attributes
FLASH            0x00000000         0x00040000         xr
RAM              0x20000000         0x00008000         xrw
*default*        0x00000000         0xffffffff

Linker script and memory map

LOAD c:/siliconlabs/simplicitystudio/v5/developer/toolchains/gnu_arm/10.2_2020q4/bin/../lib/gcc/arm-none-eabi/10.2.1/thumb/v7e-m+fp/softfp/crti.o
LOAD c:/siliconlabs/simplicitystudio/v5/developer/toolchains/gnu_arm/10.2_2020q4/bin/../lib/gcc/arm-none-eabi/10.2.1/thumb/v7e-m+fp/softfp/crtbegin.o
LOAD c:/siliconlabs/simplicitystudio/v5/developer/toolchains/gnu_arm/10.2_2020q4/bin/../lib/gcc/arm-none-eabi/10.2.1/../../../../arm-none-eabi/lib/thumb/v7e-m+fp/softfp/crt0.o
START GROUP
LOAD ./app.o
LOAD ./main.o
LOAD ./autogen/sl_board_default_init.o
LOAD ./autogen/sl_device_init_clocks.o
LOAD ./autogen/sl_event_handler.o
LOAD ./gecko_sdk_4.0.0/hardware/board/src/sl_board_control_gpio.o
LOAD ./gecko_sdk_4.0.0/hardware/board/src/sl_board_init.o
LOAD ./gecko_sdk_4.0.0/hardware/driver/mx25_flash_shutdown/src/sl_mx25_flash_shutdown_usart/sl_mx25_flash_shutdown.o
LOAD ./gecko_sdk_4.0.0/platform/Device/SiliconLabs/EFR32FG14P/Source/GCC/startup_efr32fg14p.o
LOAD ./gecko_sdk_4.0.0/platform/Device/SiliconLabs/EFR32FG14P/Source/system_efr32fg14p.o
LOAD ./gecko_sdk_4.0.0/platform/common/toolchain/src/sl_memory.o
LOAD ./gecko_sdk_4.0.0/platform/emlib/src/em_adc.o
LOAD ./gecko_sdk_4.0.0/platform/emlib/src/em_assert.o
LOAD ./gecko_sdk_4.0.0/platform/emlib/src/em_cmu.o
LOAD ./gecko_sdk_4.0.0/platform/emlib/src/em_core.o
LOAD ./gecko_sdk_4.0.0/platform/emlib/src/em_emu.o
LOAD ./gecko_sdk_4.0.0/platform/emlib/src/em_gpio.o
LOAD ./gecko_sdk_4.0.0/platform/emlib/src/em_ldma.o
LOAD ./gecko_sdk_4.0.0/platform/emlib/src/em_letimer.o
LOAD ./gecko_sdk_4.0.0/platform/emlib/src/em_opamp.o
LOAD ./gecko_sdk_4.0.0/platform/emlib/src/em_prs.o
LOAD ./gecko_sdk_4.0.0/platform/emlib/src/em_system.o
LOAD ./gecko_sdk_4.0.0/platform/emlib/src/em_usart.o
LOAD ./gecko_sdk_4.0.0/platform/emlib/src/em_vdac.o
LOAD ./gecko_sdk_4.0.0/platform/service/device_init/src/sl_device_init_dcdc_s1.o
LOAD ./gecko_sdk_4.0.0/platform/service/device_init/src/sl_device_init_emu_s1.o
LOAD ./gecko_sdk_4.0.0/platform/service/device_init/src/sl_device_init_hfxo_s1.o
LOAD ./gecko_sdk_4.0.0/platform/service/device_init/src/sl_device_init_lfxo_s1.o
LOAD ./gecko_sdk_4.0.0/platform/service/device_init/src/sl_device_init_nvic.o
LOAD ./gecko_sdk_4.0.0/platform/service/system/src/sl_system_init.o
LOAD ./gecko_sdk_4.0.0/platform/service/system/src/sl_system_process_action.o
LOAD ./gecko_sdk_4.0.0/platform/service/udelay/src/sl_udelay.o
LOAD ./gecko_sdk_4.0.0/platform/service/udelay/src/sl_udelay_armv6m_gcc.o
LOAD c:/siliconlabs/simplicitystudio/v5/developer/toolchains/gnu_arm/10.2_2020q4/bin/../lib/gcc/arm-none-eabi/10.2.1/thumb/v7e-m+fp/softfp\libgcc.a
LOAD c:/siliconlabs/simplicitystudio/v5/developer/toolchains/gnu_arm/10.2_2020q4/bin/../lib/gcc/arm-none-eabi/10.2.1/../../../../arm-none-eabi/lib/thumb/v7e-m+fp/softfp\libc_nano.a
LOAD c:/siliconlabs/simplicitystudio/v5/developer/toolchains/gnu_arm/10.2_2020q4/bin/../lib/gcc/arm-none-eabi/10.2.1/../../../../arm-none-eabi/lib/thumb/v7e-m+fp/softfp\libm.a
LOAD c:/siliconlabs/simplicitystudio/v5/developer/toolchains/gnu_arm/10.2_2020q4/bin/../lib/gcc/arm-none-eabi/10.2.1/../../../../arm-none-eabi/lib/thumb/v7e-m+fp/softfp\libnosys.a
END GROUP
START GROUP
LOAD c:/siliconlabs/simplicitystudio/v5/developer/toolchains/gnu_arm/10.2_2020q4/bin/../lib/gcc/arm-none-eabi/10.2.1/thumb/v7e-m+fp/softfp\libgcc.a
LOAD c:/siliconlabs/simplicitystudio/v5/developer/toolchains/gnu_arm/10.2_2020q4/bin/../lib/gcc/arm-none-eabi/10.2.1/../../../../arm-none-eabi/lib/thumb/v7e-m+fp/softfp\libc_nano.a
LOAD c:/siliconlabs/simplicitystudio/v5/developer/toolchains/gnu_arm/10.2_2020q4/bin/../lib/gcc/arm-none-eabi/10.2.1/../../../../arm-none-eabi/lib/thumb/v7e-m+fp/softfp\libnosys.a
END GROUP
START GROUP
LOAD c:/siliconlabs/simplicitystudio/v5/developer/toolchains/gnu_arm/10.2_2020q4/bin/../lib/gcc/arm-none-eabi/10.2.1/thumb/v7e-m+fp/softfp\libgcc.a
LOAD c:/siliconlabs/simplicitystudio/v5/developer/toolchains/gnu_arm/10.2_2020q4/bin/../lib/gcc/arm-none-eabi/10.2.1/../../../../arm-none-eabi/lib/thumb/v7e-m+fp/softfp\libg_nano.a
LOAD c:/siliconlabs/simplicitystudio/v5/developer/toolchains/gnu_arm/10.2_2020q4/bin/../lib/gcc/arm-none-eabi/10.2.1/../../../../arm-none-eabi/lib/thumb/v7e-m+fp/softfp\libc_nano.a
END GROUP
START GROUP
LOAD c:/siliconlabs/simplicitystudio/v5/developer/toolchains/gnu_arm/10.2_2020q4/bin/../lib/gcc/arm-none-eabi/10.2.1/thumb/v7e-m+fp/softfp\libgcc.a
LOAD c:/siliconlabs/simplicitystudio/v5/developer/toolchains/gnu_arm/10.2_2020q4/bin/../lib/gcc/arm-none-eabi/10.2.1/../../../../arm-none-eabi/lib/thumb/v7e-m+fp/softfp\libc_nano.a
END GROUP
LOAD c:/siliconlabs/simplicitystudio/v5/developer/toolchains/gnu_arm/10.2_2020q4/bin/../lib/gcc/arm-none-eabi/10.2.1/thumb/v7e-m+fp/softfp/crtend.o
LOAD c:/siliconlabs/simplicitystudio/v5/developer/toolchains/gnu_arm/10.2_2020q4/bin/../lib/gcc/arm-none-eabi/10.2.1/thumb/v7e-m+fp/softfp/crtn.o

.text           0x00000000     0x23d8
                0x00000000                linker_vectors_begin = .
 *(.vectors)
 .vectors       0x00000000       0xe8 ./gecko_sdk_4.0.0/platform/Device/SiliconLabs/EFR32FG14P/Source/GCC/startup_efr32fg14p.o
                0x00000000                __Vectors
                0x000000e8                linker_vectors_end = .
                0x000000e8                __Vectors_End = .
                0x000000e8                __Vectors_Size = (__Vectors_End - __Vectors)
                0x000000e8                linker_code_begin = .
 *(.text*)
 .text          0x000000e8       0x40 c:/siliconlabs/simplicitystudio/v5/developer/toolchains/gnu_arm/10.2_2020q4/bin/../lib/gcc/arm-none-eabi/10.2.1/thumb/v7e-m+fp/softfp/crtbegin.o
 .text          0x00000128       0x7c c:/siliconlabs/simplicitystudio/v5/developer/toolchains/gnu_arm/10.2_2020q4/bin/../lib/gcc/arm-none-eabi/10.2.1/../../../../arm-none-eabi/lib/thumb/v7e-m+fp/softfp/crt0.o
                0x00000128                _stack_init
                0x00000130                _start
                0x00000130                _mainCRTStartup
 .text.LDMA_IRQHandler
                0x000001a4       0x40 ./main.o
                0x000001a4                LDMA_IRQHandler
 .text.initLetimer
                0x000001e4       0x94 ./main.o
                0x000001e4                initLetimer
 .text.initLdma
                0x00000278       0xb0 ./main.o
                0x00000278                initLdma
 .text.initAdc  0x00000328       0xd4 ./main.o
                0x00000328                initAdc
 .text.initUSART
                0x000003fc       0x64 ./main.o
                0x000003fc                initUSART
 .text.initOpamp
                0x00000460       0x54 ./main.o
                0x00000460                initOpamp
 .text.startup.main
                0x000004b4       0x68 ./main.o
                0x000004b4                main
 .text.Default_Handler
                0x0000051c        0x2 ./gecko_sdk_4.0.0/platform/Device/SiliconLabs/EFR32FG14P/Source/GCC/startup_efr32fg14p.o
                0x0000051c                DebugMon_Handler
                0x0000051c                USART0_TX_IRQHandler
                0x0000051c                PRORTC_IRQHandler
                0x0000051c                I2C0_IRQHandler
                0x0000051c                HardFault_Handler
                0x0000051c                SysTick_Handler
                0x0000051c                USART1_RX_IRQHandler
                0x0000051c                PendSV_Handler
                0x0000051c                NMI_Handler
                0x0000051c                SYNTH_IRQHandler
                0x0000051c                WTIMER0_IRQHandler
                0x0000051c                CRYPTO0_IRQHandler
                0x0000051c                WDOG0_IRQHandler
                0x0000051c                USART1_TX_IRQHandler
                0x0000051c                SMU_IRQHandler
                0x0000051c                MSC_IRQHandler
                0x0000051c                ADC0_IRQHandler
                0x0000051c                UsageFault_Handler
                0x0000051c                WDOG1_IRQHandler
                0x0000051c                LEUART0_IRQHandler
                0x0000051c                FPUEH_IRQHandler
                0x0000051c                GPIO_EVEN_IRQHandler
                0x0000051c                VDAC0_IRQHandler
                0x0000051c                TIMER0_IRQHandler
                0x0000051c                LETIMER0_IRQHandler
                0x0000051c                TIMER1_IRQHandler
                0x0000051c                TRNG0_IRQHandler
                0x0000051c                RFSENSE_IRQHandler
                0x0000051c                BUFC_IRQHandler
                0x0000051c                MODEM_IRQHandler
                0x0000051c                Default_Handler
                0x0000051c                RAC_SEQ_IRQHandler
                0x0000051c                FRC_PRI_IRQHandler
                0x0000051c                EMU_IRQHandler
                0x0000051c                FRC_IRQHandler
                0x0000051c                CRYOTIMER_IRQHandler
                0x0000051c                PCNT0_IRQHandler
                0x0000051c                AGC_IRQHandler
                0x0000051c                sl_app_properties
                0x0000051c                ACMP0_IRQHandler
                0x0000051c                USART0_RX_IRQHandler
                0x0000051c                MemManage_Handler
                0x0000051c                SVC_Handler
                0x0000051c                RTCC_IRQHandler
                0x0000051c                CMU_IRQHandler
                0x0000051c                RAC_RSM_IRQHandler
                0x0000051c                GPIO_ODD_IRQHandler
                0x0000051c                LESENSE_IRQHandler
                0x0000051c                PROTIMER_IRQHandler
                0x0000051c                BusFault_Handler
                0x0000051c                IDAC0_IRQHandler
 *fill*         0x0000051e        0x2 
 .text.Reset_Handler
                0x00000520       0x2c ./gecko_sdk_4.0.0/platform/Device/SiliconLabs/EFR32FG14P/Source/GCC/startup_efr32fg14p.o
                0x00000520                Reset_Handler
 .text.SystemMaxCoreClockGet
                0x0000054c        0x8 ./gecko_sdk_4.0.0/platform/Device/SiliconLabs/EFR32FG14P/Source/system_efr32fg14p.o
                0x0000054c                SystemMaxCoreClockGet
 .text.SystemHFClockGet
                0x00000554       0x54 ./gecko_sdk_4.0.0/platform/Device/SiliconLabs/EFR32FG14P/Source/system_efr32fg14p.o
                0x00000554                SystemHFClockGet
 .text.SystemCoreClockGet
                0x000005a8       0x24 ./gecko_sdk_4.0.0/platform/Device/SiliconLabs/EFR32FG14P/Source/system_efr32fg14p.o
                0x000005a8                SystemCoreClockGet
 .text.SystemHFXOClockGet
                0x000005cc        0xc ./gecko_sdk_4.0.0/platform/Device/SiliconLabs/EFR32FG14P/Source/system_efr32fg14p.o
                0x000005cc                SystemHFXOClockGet
 .text.SystemInit
                0x000005d8       0x1c ./gecko_sdk_4.0.0/platform/Device/SiliconLabs/EFR32FG14P/Source/system_efr32fg14p.o
                0x000005d8                SystemInit
 .text.SystemLFRCOClockGet
                0x000005f4        0x6 ./gecko_sdk_4.0.0/platform/Device/SiliconLabs/EFR32FG14P/Source/system_efr32fg14p.o
                0x000005f4                SystemLFRCOClockGet
 .text.SystemULFRCOClockGet
                0x000005fa        0x6 ./gecko_sdk_4.0.0/platform/Device/SiliconLabs/EFR32FG14P/Source/system_efr32fg14p.o
                0x000005fa                SystemULFRCOClockGet
 .text.SystemLFXOClockGet
                0x00000600        0xc ./gecko_sdk_4.0.0/platform/Device/SiliconLabs/EFR32FG14P/Source/system_efr32fg14p.o
                0x00000600                SystemLFXOClockGet
 .text.ADC_LoadDevinfoCal
                0x0000060c       0xe4 ./gecko_sdk_4.0.0/platform/emlib/src/em_adc.o
 .text.ADC_InitSingle
                0x000006f0       0xe0 ./gecko_sdk_4.0.0/platform/emlib/src/em_adc.o
                0x000006f0                ADC_InitSingle
 .text.ADC_PrescaleCalc
                0x000007d0       0x40 ./gecko_sdk_4.0.0/platform/emlib/src/em_adc.o
                0x000007d0                ADC_PrescaleCalc
 .text.ADC_Init
                0x00000810       0xf0 ./gecko_sdk_4.0.0/platform/emlib/src/em_adc.o
                0x00000810                ADC_Init
 .text.ADC_TimebaseCalc
                0x00000900       0x2c ./gecko_sdk_4.0.0/platform/emlib/src/em_adc.o
                0x00000900                ADC_TimebaseCalc
 .text.assertEFM
                0x0000092c        0x2 ./gecko_sdk_4.0.0/platform/emlib/src/em_assert.o
                0x0000092c                assertEFM
 *fill*         0x0000092e        0x2 
 .text.setHfLeConfig
                0x00000930       0x44 ./gecko_sdk_4.0.0/platform/emlib/src/em_cmu.o
 .text.flashWaitStateControl
                0x00000974       0x54 ./gecko_sdk_4.0.0/platform/emlib/src/em_cmu.o
 .text.SL_Log2ToDiv
                0x000009c8       0x1c ./gecko_sdk_4.0.0/platform/emlib/src/em_cmu.o
 .text.flashWaitStateMax
                0x000009e4       0x24 ./gecko_sdk_4.0.0/platform/emlib/src/em_cmu.o
 .text.EMU_VScaleWait
                0x00000a08       0x1c ./gecko_sdk_4.0.0/platform/emlib/src/em_cmu.o
 .text.EMU_VScaleGet
                0x00000a24       0x14 ./gecko_sdk_4.0.0/platform/emlib/src/em_cmu.o
 .text.syncReg  0x00000a38       0x18 ./gecko_sdk_4.0.0/platform/emlib/src/em_cmu.o
 .text.CMU_UpdateWaitStates
                0x00000a50       0x1c ./gecko_sdk_4.0.0/platform/emlib/src/em_cmu.o
                0x00000a50                CMU_UpdateWaitStates
 .text.CMU_AUXHFRCOBandGet
                0x00000a6c        0xc ./gecko_sdk_4.0.0/platform/emlib/src/em_cmu.o
                0x00000a6c                CMU_AUXHFRCOBandGet
 .text.CMU_AUXHFRCOBandSet
                0x00000a78      0x118 ./gecko_sdk_4.0.0/platform/emlib/src/em_cmu.o
                0x00000a78                CMU_AUXHFRCOBandSet
 .text.CMU_ClockEnable
                0x00000b90       0x90 ./gecko_sdk_4.0.0/platform/emlib/src/em_cmu.o
                0x00000b90                CMU_ClockEnable
 .text.CMU_ClockPrescGet
                0x00000c20       0xd4 ./gecko_sdk_4.0.0/platform/emlib/src/em_cmu.o
                0x00000c20                CMU_ClockPrescGet
 .text.CMU_ClockDivGet
                0x00000cf4        0xa ./gecko_sdk_4.0.0/platform/emlib/src/em_cmu.o
                0x00000cf4                CMU_ClockDivGet
 *fill*         0x00000cfe        0x2 
 .text.CMU_ClockSelectGet
                0x00000d00       0xcc ./gecko_sdk_4.0.0/platform/emlib/src/em_cmu.o
                0x00000d00                CMU_ClockSelectGet
 .text.lfClkGet
                0x00000dcc       0xc8 ./gecko_sdk_4.0.0/platform/emlib/src/em_cmu.o
 .text.CMU_ClockFreqGet
                0x00000e94      0x1c0 ./gecko_sdk_4.0.0/platform/emlib/src/em_cmu.o
                0x00000e94                CMU_ClockFreqGet
 .text.CMU_OscillatorTuningSet
                0x00001054       0xf4 ./gecko_sdk_4.0.0/platform/emlib/src/em_cmu.o
                0x00001054                CMU_OscillatorTuningSet
 .text.CMU_OscillatorTuningWait
                0x00001148       0x68 ./gecko_sdk_4.0.0/platform/emlib/src/em_cmu.o
                0x00001148                CMU_OscillatorTuningWait
 .text.CMU_OscillatorTuningOptimize
                0x000011b0       0x38 ./gecko_sdk_4.0.0/platform/emlib/src/em_cmu.o
                0x000011b0                CMU_OscillatorTuningOptimize
 .text.CMU_OscillatorEnable
                0x000011e8      0x124 ./gecko_sdk_4.0.0/platform/emlib/src/em_cmu.o
                0x000011e8                CMU_OscillatorEnable
 .text.CMU_ClockSelectSet
                0x0000130c      0x214 ./gecko_sdk_4.0.0/platform/emlib/src/em_cmu.o
                0x0000130c                CMU_ClockSelectSet
 .text.CORE_EnterCritical
                0x00001520        0x8 ./gecko_sdk_4.0.0/platform/emlib/src/em_core.o
                0x00001520                CORE_EnterCritical
 .text.CORE_ExitCritical
                0x00001528        0x6 ./gecko_sdk_4.0.0/platform/emlib/src/em_core.o
                0x00001528                CORE_ExitCritical
 .text.CORE_EnterAtomic
                0x0000152e        0xc ./gecko_sdk_4.0.0/platform/emlib/src/em_core.o
                0x0000152e                CORE_EnterAtomic
 .text.CORE_ExitAtomic
                0x0000153a        0x6 ./gecko_sdk_4.0.0/platform/emlib/src/em_core.o
                0x0000153a                CORE_ExitAtomic
 .text.EMU_LDOStatusGet
                0x00001540       0x14 ./gecko_sdk_4.0.0/platform/emlib/src/em_emu.o
 .text.EMU_VScaleWait
                0x00001554       0x18 ./gecko_sdk_4.0.0/platform/emlib/src/em_emu.o
 .text.EMU_VScaleEM01
                0x0000156c       0x80 ./gecko_sdk_4.0.0/platform/emlib/src/em_emu.o
                0x0000156c                EMU_VScaleEM01
 .text.EMU_VScaleEM01ByClock
                0x000015ec       0x50 ./gecko_sdk_4.0.0/platform/emlib/src/em_emu.o
                0x000015ec                EMU_VScaleEM01ByClock
 .text.GPIO_PinOutSet
                0x0000163c       0x58 ./gecko_sdk_4.0.0/platform/emlib/src/em_gpio.o
 .text.GPIO_PinOutClear
                0x00001694       0x58 ./gecko_sdk_4.0.0/platform/emlib/src/em_gpio.o
 .text.BUS_RegMaskedWrite
                0x000016ec       0x22 ./gecko_sdk_4.0.0/platform/emlib/src/em_gpio.o
 *fill*         0x0000170e        0x2 
 .text.GPIO_PinModeSet
                0x00001710       0xac ./gecko_sdk_4.0.0/platform/emlib/src/em_gpio.o
                0x00001710                GPIO_PinModeSet
 .text.LDMA_Init
                0x000017bc       0x84 ./gecko_sdk_4.0.0/platform/emlib/src/em_ldma.o
                0x000017bc                LDMA_Init
 .text.LDMA_StartTransfer
                0x00001840      0x10c ./gecko_sdk_4.0.0/platform/emlib/src/em_ldma.o
                0x00001840                LDMA_StartTransfer
 .text.LETIMER_CompareSet
                0x0000194c       0x38 ./gecko_sdk_4.0.0/platform/emlib/src/em_letimer.o
                0x0000194c                LETIMER_CompareSet
 .text.LETIMER_Init
                0x00001984       0x90 ./gecko_sdk_4.0.0/platform/emlib/src/em_letimer.o
                0x00001984                LETIMER_Init
 .text.LETIMER_RepeatSet
                0x00001a14       0x3c ./gecko_sdk_4.0.0/platform/emlib/src/em_letimer.o
                0x00001a14                LETIMER_RepeatSet
 .text.OPAMP_Disable
                0x00001a50       0x50 ./gecko_sdk_4.0.0/platform/emlib/src/em_opamp.o
                0x00001a50                OPAMP_Disable
 .text.OPAMP_Enable
                0x00001aa0      0x278 ./gecko_sdk_4.0.0/platform/emlib/src/em_opamp.o
                0x00001aa0                OPAMP_Enable
 .text.PRS_ConnectSignal
                0x00001d18       0x40 ./gecko_sdk_4.0.0/platform/emlib/src/em_prs.o
                0x00001d18                PRS_ConnectSignal
 .text.PRS_SourceAsyncSignalSet
                0x00001d58        0xa ./gecko_sdk_4.0.0/platform/emlib/src/em_prs.o
                0x00001d58                PRS_SourceAsyncSignalSet
 *fill*         0x00001d62        0x2 
 .text.USART_BaudrateAsyncSet
                0x00001d64       0xe0 ./gecko_sdk_4.0.0/platform/emlib/src/em_usart.o
                0x00001d64                USART_BaudrateAsyncSet
 .text.USART_Reset
                0x00001e44       0x64 ./gecko_sdk_4.0.0/platform/emlib/src/em_usart.o
                0x00001e44                USART_Reset
 .text.USART_InitAsync
                0x00001ea8       0xa0 ./gecko_sdk_4.0.0/platform/emlib/src/em_usart.o
                0x00001ea8                USART_InitAsync
 .text.USART_TxDouble
                0x00001f48        0xa ./gecko_sdk_4.0.0/platform/emlib/src/em_usart.o
                0x00001f48                USART_TxDouble
 *fill*         0x00001f52        0x2 
 .text.exit     0x00001f54       0x28 c:/siliconlabs/simplicitystudio/v5/developer/toolchains/gnu_arm/10.2_2020q4/bin/../lib/gcc/arm-none-eabi/10.2.1/../../../../arm-none-eabi/lib/thumb/v7e-m+fp/softfp\libc_nano.a(lib_a-exit.o)
                0x00001f54                exit
 .text.__libc_init_array
                0x00001f7c       0x48 c:/siliconlabs/simplicitystudio/v5/developer/toolchains/gnu_arm/10.2_2020q4/bin/../lib/gcc/arm-none-eabi/10.2.1/../../../../arm-none-eabi/lib/thumb/v7e-m+fp/softfp\libc_nano.a(lib_a-init.o)
                0x00001f7c                __libc_init_array
 .text.memset   0x00001fc4       0x10 c:/siliconlabs/simplicitystudio/v5/developer/toolchains/gnu_arm/10.2_2020q4/bin/../lib/gcc/arm-none-eabi/10.2.1/../../../../arm-none-eabi/lib/thumb/v7e-m+fp/softfp\libc_nano.a(lib_a-memset.o)
                0x00001fc4                memset
 .text._exit    0x00001fd4        0x4 c:/siliconlabs/simplicitystudio/v5/developer/toolchains/gnu_arm/10.2_2020q4/bin/../lib/gcc/arm-none-eabi/10.2.1/../../../../arm-none-eabi/lib/thumb/v7e-m+fp/softfp\libnosys.a(_exit.o)
                0x00001fd4                _exit
                0x00001fd8                linker_code_end = .
 *(.init)
 .init          0x00001fd8        0x4 c:/siliconlabs/simplicitystudio/v5/developer/toolchains/gnu_arm/10.2_2020q4/bin/../lib/gcc/arm-none-eabi/10.2.1/thumb/v7e-m+fp/softfp/crti.o
                0x00001fd8                _init
 .init          0x00001fdc        0x8 c:/siliconlabs/simplicitystudio/v5/developer/toolchains/gnu_arm/10.2_2020q4/bin/../lib/gcc/arm-none-eabi/10.2.1/thumb/v7e-m+fp/softfp/crtn.o
 *(.fini)
 .fini          0x00001fe4        0x4 c:/siliconlabs/simplicitystudio/v5/developer/toolchains/gnu_arm/10.2_2020q4/bin/../lib/gcc/arm-none-eabi/10.2.1/thumb/v7e-m+fp/softfp/crti.o
                0x00001fe4                _fini
 .fini          0x00001fe8        0x8 c:/siliconlabs/simplicitystudio/v5/developer/toolchains/gnu_arm/10.2_2020q4/bin/../lib/gcc/arm-none-eabi/10.2.1/thumb/v7e-m+fp/softfp/crtn.o
 *crtbegin.o(.ctors)
 *crtbegin?.o(.ctors)
 *(EXCLUDE_FILE(*crtend.o *crtend?.o) .ctors)
 *(SORT_BY_NAME(.ctors.*))
 *(.ctors)
 *crtbegin.o(.dtors)
 *crtbegin?.o(.dtors)
 *(EXCLUDE_FILE(*crtend.o *crtend?.o) .dtors)
 *(SORT_BY_NAME(.dtors.*))
 *(.dtors)
 *(.rodata*)
 .rodata        0x00001ff0       0x60 ./main.o
 .rodata.ADC_ScanSingleEndedInputAdd.str1.1
                0x00002050       0x2f ./gecko_sdk_4.0.0/platform/emlib/src/em_adc.o
 .rodata.flashWaitStateControl.str1.1
                0x0000207f       0x2f ./gecko_sdk_4.0.0/platform/emlib/src/em_cmu.o
 .rodata.SL_Log2ToDiv.str1.1
                0x000020ae       0x7f ./gecko_sdk_4.0.0/platform/emlib/src/em_cmu.o
 .rodata.CSWTCH.46
                0x0000212d        0x6 ./gecko_sdk_4.0.0/platform/emlib/src/em_cmu.o
 .rodata.CSWTCH.47
                0x00002133        0x4 ./gecko_sdk_4.0.0/platform/emlib/src/em_cmu.o
 .rodata.CSWTCH.48
                0x00002137        0x4 ./gecko_sdk_4.0.0/platform/emlib/src/em_cmu.o
 .rodata.CSWTCH.67
                0x0000213b        0x5 ./gecko_sdk_4.0.0/platform/emlib/src/em_cmu.o
 .rodata.CSWTCH.68
                0x00002140        0x5 ./gecko_sdk_4.0.0/platform/emlib/src/em_cmu.o
 *fill*         0x00002145        0x1 
 .rodata.CSWTCH.69
                0x00002146        0xa ./gecko_sdk_4.0.0/platform/emlib/src/em_cmu.o
 .rodata.CSWTCH.70
                0x00002150        0xa ./gecko_sdk_4.0.0/platform/emlib/src/em_cmu.o
 *fill*         0x0000215a        0x2 
 .rodata.flashWsTable
                0x0000215c       0x28 ./gecko_sdk_4.0.0/platform/emlib/src/em_cmu.o
 .rodata.lpGetDevinfoVrefLowHigh.str1.1
                0x00002184       0x2f ./gecko_sdk_4.0.0/platform/emlib/src/em_emu.o
 .rodata.GPIO_PinOutSet.str1.1
                0x000021b3       0x7d ./gecko_sdk_4.0.0/platform/emlib/src/em_gpio.o
 .rodata.GPIO_DbgLocationSet.str1.1
                0x00002230       0x30 ./gecko_sdk_4.0.0/platform/emlib/src/em_gpio.o
 .rodata.LDMA_EnableChannelRequest.str1.1
                0x00002260       0xac ./gecko_sdk_4.0.0/platform/emlib/src/em_ldma.o
 .rodata.LETIMER_CompareGet.str1.1
                0x0000230c       0x33 ./gecko_sdk_4.0.0/platform/emlib/src/em_letimer.o
 .rodata.OPAMP_Disable.str1.1
                0x0000233f       0x31 ./gecko_sdk_4.0.0/platform/emlib/src/em_opamp.o
 .rodata.CSWTCH.17
                0x00002370        0x3 ./gecko_sdk_4.0.0/platform/emlib/src/em_opamp.o
 .rodata.PRS_SourceSignalSet.str1.1
                0x00002373       0x2f ./gecko_sdk_4.0.0/platform/emlib/src/em_prs.o
 .rodata.USART_BaudrateAsyncSet.str1.1
                0x000023a2       0x31 ./gecko_sdk_4.0.0/platform/emlib/src/em_usart.o
 *fill*         0x000023d3        0x1 
 .rodata._global_impure_ptr
                0x000023d4        0x4 c:/siliconlabs/simplicitystudio/v5/developer/toolchains/gnu_arm/10.2_2020q4/bin/../lib/gcc/arm-none-eabi/10.2.1/../../../../arm-none-eabi/lib/thumb/v7e-m+fp/softfp\libc_nano.a(lib_a-impure.o)
                0x000023d4                _global_impure_ptr
 *(.eh_frame*)
 .eh_frame      0x000023d8        0x0 c:/siliconlabs/simplicitystudio/v5/developer/toolchains/gnu_arm/10.2_2020q4/bin/../lib/gcc/arm-none-eabi/10.2.1/thumb/v7e-m+fp/softfp/crtbegin.o

.glue_7         0x000023d8        0x0
 .glue_7        0x000023d8        0x0 linker stubs

.glue_7t        0x000023d8        0x0
 .glue_7t       0x000023d8        0x0 linker stubs

.vfp11_veneer   0x000023d8        0x0
 .vfp11_veneer  0x000023d8        0x0 linker stubs

.v4_bx          0x000023d8        0x0
 .v4_bx         0x000023d8        0x0 linker stubs

.iplt           0x000023d8        0x0
 .iplt          0x000023d8        0x0 c:/siliconlabs/simplicitystudio/v5/developer/toolchains/gnu_arm/10.2_2020q4/bin/../lib/gcc/arm-none-eabi/10.2.1/thumb/v7e-m+fp/softfp/crtbegin.o

.ARM.extab
 *(.ARM.extab* .gnu.linkonce.armextab.*)
                0x000023d8                __exidx_start = .

.ARM.exidx      0x000023d8        0x8
 *(.ARM.exidx* .gnu.linkonce.armexidx.*)
 .ARM.exidx     0x000023d8        0x8 c:/siliconlabs/simplicitystudio/v5/developer/toolchains/gnu_arm/10.2_2020q4/bin/../lib/gcc/arm-none-eabi/10.2.1/../../../../arm-none-eabi/lib/thumb/v7e-m+fp/softfp/crt0.o
                                 0x10 (size before relaxing)
                0x000023e0                __exidx_end = .
                0x000023e0                __etext = .

.rel.dyn        0x000023e0        0x0
 .rel.iplt      0x000023e0        0x0 c:/siliconlabs/simplicitystudio/v5/developer/toolchains/gnu_arm/10.2_2020q4/bin/../lib/gcc/arm-none-eabi/10.2.1/thumb/v7e-m+fp/softfp/crtbegin.o
                0x20000000                . = ORIGIN (RAM)

.stack          0x20000000     0x1000
                0x20000000                __StackLimit = .
 *(.stack*)
 .stack         0x20000000        0x0 ./gecko_sdk_4.0.0/platform/Device/SiliconLabs/EFR32FG14P/Source/GCC/startup_efr32fg14p.o
 .stack         0x20000000     0x1000 ./gecko_sdk_4.0.0/platform/common/toolchain/src/sl_memory.o
                0x20001000                . = ALIGN (0x4)
                0x20001000                __StackTop = .
                0x20001000                PROVIDE (__stack = __StackTop)

.noinit
 *(.noinit*)

.data           0x20001000       0x7c load address 0x000023e0
                0x20001000                . = ALIGN (0x4)
                0x20001000                __data_start__ = .
 *(vtable)
 *(.data*)
 .data.SystemCoreClock
                0x20001000        0x4 ./gecko_sdk_4.0.0/platform/Device/SiliconLabs/EFR32FG14P/Source/system_efr32fg14p.o
                0x20001000                SystemCoreClock
 .data.SystemHFXOClock
                0x20001004        0x4 ./gecko_sdk_4.0.0/platform/Device/SiliconLabs/EFR32FG14P/Source/system_efr32fg14p.o
 .data.SystemHfrcoFreq
                0x20001008        0x4 ./gecko_sdk_4.0.0/platform/Device/SiliconLabs/EFR32FG14P/Source/system_efr32fg14p.o
                0x20001008                SystemHfrcoFreq
 .data.SystemLFXOClock
                0x2000100c        0x4 ./gecko_sdk_4.0.0/platform/Device/SiliconLabs/EFR32FG14P/Source/system_efr32fg14p.o
 .data.auxHfrcoFreq
                0x20001010        0x4 ./gecko_sdk_4.0.0/platform/emlib/src/em_cmu.o
 .data.impure_data
                0x20001014       0x60 c:/siliconlabs/simplicitystudio/v5/developer/toolchains/gnu_arm/10.2_2020q4/bin/../lib/gcc/arm-none-eabi/10.2.1/../../../../arm-none-eabi/lib/thumb/v7e-m+fp/softfp\libc_nano.a(lib_a-impure.o)
                0x20001074                . = ALIGN (0x4)
                [!provide]                PROVIDE (__ram_func_section_start = .)
 *(.ram)
                [!provide]                PROVIDE (__ram_func_section_end = .)
                0x20001074                . = ALIGN (0x4)
                0x20001074                PROVIDE (__preinit_array_start = .)
 *(.preinit_array)
                0x20001074                PROVIDE (__preinit_array_end = .)
                0x20001074                . = ALIGN (0x4)
                0x20001074                PROVIDE (__init_array_start = .)
 *(SORT_BY_NAME(.init_array.*))
 *(.init_array)
 .init_array    0x20001074        0x4 c:/siliconlabs/simplicitystudio/v5/developer/toolchains/gnu_arm/10.2_2020q4/bin/../lib/gcc/arm-none-eabi/10.2.1/thumb/v7e-m+fp/softfp/crtbegin.o
                0x20001078                PROVIDE (__init_array_end = .)
                0x20001078                . = ALIGN (0x4)
                [!provide]                PROVIDE (__fini_array_start = .)
 *(SORT_BY_NAME(.fini_array.*))
 *(.fini_array)
 .fini_array    0x20001078        0x4 c:/siliconlabs/simplicitystudio/v5/developer/toolchains/gnu_arm/10.2_2020q4/bin/../lib/gcc/arm-none-eabi/10.2.1/thumb/v7e-m+fp/softfp/crtbegin.o
                [!provide]                PROVIDE (__fini_array_end = .)
                0x2000107c                . = ALIGN (0x4)
                0x2000107c                __data_end__ = .

.igot.plt       0x2000107c        0x0 load address 0x0000245c
 .igot.plt      0x2000107c        0x0 c:/siliconlabs/simplicitystudio/v5/developer/toolchains/gnu_arm/10.2_2020q4/bin/../lib/gcc/arm-none-eabi/10.2.1/thumb/v7e-m+fp/softfp/crtbegin.o

.bss            0x2000107c      0x260 load address 0x0000245c
                0x2000107c                . = ALIGN (0x4)
                0x2000107c                __bss_start__ = .
 *(.bss*)
 .bss           0x2000107c       0x1c c:/siliconlabs/simplicitystudio/v5/developer/toolchains/gnu_arm/10.2_2020q4/bin/../lib/gcc/arm-none-eabi/10.2.1/thumb/v7e-m+fp/softfp/crtbegin.o
 .bss.active_buffer
                0x20001098        0x4 ./main.o
                0x20001098                active_buffer
 .bss.adcBuffer
                0x2000109c      0x200 ./main.o
                0x2000109c                adcBuffer
 .bss.buffer_address
                0x2000129c        0x4 ./main.o
                0x2000129c                buffer_address
 .bss.description
                0x200012a0       0x20 ./main.o
                0x200012a0                description
 .bss.temp      0x200012c0        0x4 ./main.o
                0x200012c0                temp
 .bss.trans     0x200012c4       0x10 ./main.o
                0x200012c4                trans
 .bss.txDestination
                0x200012d4        0x4 ./main.o
                0x200012d4                txDestination
 .bss.vScaleEM01Config
                0x200012d8        0x1 ./gecko_sdk_4.0.0/platform/emlib/src/em_emu.o
 *(COMMON)
                0x200012dc                . = ALIGN (0x4)
 *fill*         0x200012d9        0x3 
                0x200012dc                __bss_end__ = .

.heap           0x200012e0     0x6d20
                0x200012e0                __HeapBase = .
                0x200012e0                __end__ = .
                0x200012e0                end = __end__
                0x200012e0                _end = __end__
 *(.heap*)
 .heap          0x200012e0      0x800 ./gecko_sdk_4.0.0/platform/common/toolchain/src/sl_memory.o
                0x20008000                . = (ORIGIN (RAM) + LENGTH (RAM))
 *fill*         0x20001ae0     0x6520 
                0x20008000                __HeapLimit = .
                0x00006d20                __heap_size = (__HeapLimit - __HeapBase)
                0x00040000                __main_flash_end__ = 0x40000

.internal_storage
                0x000023e0        0x0
 *(.internal_storage*)

.nvm            0x000023e0        0x0
 *(.simee*)
                0x00040000                linker_nvm_end = __main_flash_end__
                0x00040000                linker_nvm_begin = (linker_nvm_end - SIZEOF (.nvm))
                0x00000000                linker_nvm_size = SIZEOF (.nvm)
                0x00040000                linker_storage_end = linker_nvm_begin
                0x00040000                linker_storage_begin = (linker_storage_end - SIZEOF (.internal_storage))
                0x00000000                linker_storage_size = SIZEOF (.internal_storage)
                0x00040000                __nvm3Base = linker_nvm_begin
OUTPUT(dfs_signal_acquisition_prototype.axf elf32-littlearm)
LOAD linker stubs

.ARM.attributes
                0x00000000       0x2e
 .ARM.attributes
                0x00000000       0x1e c:/siliconlabs/simplicitystudio/v5/developer/toolchains/gnu_arm/10.2_2020q4/bin/../lib/gcc/arm-none-eabi/10.2.1/thumb/v7e-m+fp/softfp/crti.o
 .ARM.attributes
                0x0000001e       0x32 c:/siliconlabs/simplicitystudio/v5/developer/toolchains/gnu_arm/10.2_2020q4/bin/../lib/gcc/arm-none-eabi/10.2.1/thumb/v7e-m+fp/softfp/crtbegin.o
 .ARM.attributes
                0x00000050       0x1c c:/siliconlabs/simplicitystudio/v5/developer/toolchains/gnu_arm/10.2_2020q4/bin/../lib/gcc/arm-none-eabi/10.2.1/../../../../arm-none-eabi/lib/thumb/v7e-m+fp/softfp/crt0.o
 .ARM.attributes
                0x0000006c       0x32 ./main.o
 .ARM.attributes
                0x0000009e       0x32 ./gecko_sdk_4.0.0/platform/Device/SiliconLabs/EFR32FG14P/Source/GCC/startup_efr32fg14p.o
 .ARM.attributes
                0x000000d0       0x32 ./gecko_sdk_4.0.0/platform/Device/SiliconLabs/EFR32FG14P/Source/system_efr32fg14p.o
 .ARM.attributes
                0x00000102       0x32 ./gecko_sdk_4.0.0/platform/common/toolchain/src/sl_memory.o
 .ARM.attributes
                0x00000134       0x32 ./gecko_sdk_4.0.0/platform/emlib/src/em_adc.o
 .ARM.attributes
                0x00000166       0x32 ./gecko_sdk_4.0.0/platform/emlib/src/em_assert.o
 .ARM.attributes
                0x00000198       0x32 ./gecko_sdk_4.0.0/platform/emlib/src/em_cmu.o
 .ARM.attributes
                0x000001ca       0x32 ./gecko_sdk_4.0.0/platform/emlib/src/em_core.o
 .ARM.attributes
                0x000001fc       0x32 ./gecko_sdk_4.0.0/platform/emlib/src/em_emu.o
 .ARM.attributes
                0x0000022e       0x32 ./gecko_sdk_4.0.0/platform/emlib/src/em_gpio.o
 .ARM.attributes
                0x00000260       0x32 ./gecko_sdk_4.0.0/platform/emlib/src/em_ldma.o
 .ARM.attributes
                0x00000292       0x32 ./gecko_sdk_4.0.0/platform/emlib/src/em_letimer.o
 .ARM.attributes
                0x000002c4       0x32 ./gecko_sdk_4.0.0/platform/emlib/src/em_opamp.o
 .ARM.attributes
                0x000002f6       0x32 ./gecko_sdk_4.0.0/platform/emlib/src/em_prs.o
 .ARM.attributes
                0x00000328       0x32 ./gecko_sdk_4.0.0/platform/emlib/src/em_usart.o
 .ARM.attributes
                0x0000035a       0x32 c:/siliconlabs/simplicitystudio/v5/developer/toolchains/gnu_arm/10.2_2020q4/bin/../lib/gcc/arm-none-eabi/10.2.1/../../../../arm-none-eabi/lib/thumb/v7e-m+fp/softfp\libc_nano.a(lib_a-exit.o)
 .ARM.attributes
                0x0000038c       0x30 c:/siliconlabs/simplicitystudio/v5/developer/toolchains/gnu_arm/10.2_2020q4/bin/../lib/gcc/arm-none-eabi/10.2.1/../../../../arm-none-eabi/lib/thumb/v7e-m+fp/softfp\libc_nano.a(lib_a-impure.o)
 .ARM.attributes
                0x000003bc       0x32 c:/siliconlabs/simplicitystudio/v5/developer/toolchains/gnu_arm/10.2_2020q4/bin/../lib/gcc/arm-none-eabi/10.2.1/../../../../arm-none-eabi/lib/thumb/v7e-m+fp/softfp\libc_nano.a(lib_a-init.o)
 .ARM.attributes
                0x000003ee       0x32 c:/siliconlabs/simplicitystudio/v5/developer/toolchains/gnu_arm/10.2_2020q4/bin/../lib/gcc/arm-none-eabi/10.2.1/../../../../arm-none-eabi/lib/thumb/v7e-m+fp/softfp\libc_nano.a(lib_a-memset.o)
 .ARM.attributes
                0x00000420       0x32 c:/siliconlabs/simplicitystudio/v5/developer/toolchains/gnu_arm/10.2_2020q4/bin/../lib/gcc/arm-none-eabi/10.2.1/../../../../arm-none-eabi/lib/thumb/v7e-m+fp/softfp\libnosys.a(_exit.o)
 .ARM.attributes
                0x00000452       0x1e c:/siliconlabs/simplicitystudio/v5/developer/toolchains/gnu_arm/10.2_2020q4/bin/../lib/gcc/arm-none-eabi/10.2.1/thumb/v7e-m+fp/softfp/crtn.o

.comment        0x00000000       0x4d
 .comment       0x00000000       0x4d ./main.o
                                 0x4e (size before relaxing)
 .comment       0x0000004d       0x4e ./gecko_sdk_4.0.0/platform/Device/SiliconLabs/EFR32FG14P/Source/GCC/startup_efr32fg14p.o
 .comment       0x0000004d       0x4e ./gecko_sdk_4.0.0/platform/Device/SiliconLabs/EFR32FG14P/Source/system_efr32fg14p.o
 .comment       0x0000004d       0x4e ./gecko_sdk_4.0.0/platform/common/toolchain/src/sl_memory.o
 .comment       0x0000004d       0x4e ./gecko_sdk_4.0.0/platform/emlib/src/em_adc.o
 .comment       0x0000004d       0x4e ./gecko_sdk_4.0.0/platform/emlib/src/em_assert.o
 .comment       0x0000004d       0x4e ./gecko_sdk_4.0.0/platform/emlib/src/em_cmu.o
 .comment       0x0000004d       0x4e ./gecko_sdk_4.0.0/platform/emlib/src/em_core.o
 .comment       0x0000004d       0x4e ./gecko_sdk_4.0.0/platform/emlib/src/em_emu.o
 .comment       0x0000004d       0x4e ./gecko_sdk_4.0.0/platform/emlib/src/em_gpio.o
 .comment       0x0000004d       0x4e ./gecko_sdk_4.0.0/platform/emlib/src/em_ldma.o
 .comment       0x0000004d       0x4e ./gecko_sdk_4.0.0/platform/emlib/src/em_letimer.o
 .comment       0x0000004d       0x4e ./gecko_sdk_4.0.0/platform/emlib/src/em_opamp.o
 .comment       0x0000004d       0x4e ./gecko_sdk_4.0.0/platform/emlib/src/em_prs.o
 .comment       0x0000004d       0x4e ./gecko_sdk_4.0.0/platform/emlib/src/em_usart.o

.debug_info     0x00000000    0x159a2
 .debug_info    0x00000000     0x407f ./main.o
 .debug_info    0x0000407f      0x247 ./gecko_sdk_4.0.0/platform/Device/SiliconLabs/EFR32FG14P/Source/GCC/startup_efr32fg14p.o
 .debug_info    0x000042c6      0xa34 ./gecko_sdk_4.0.0/platform/Device/SiliconLabs/EFR32FG14P/Source/system_efr32fg14p.o
 .debug_info    0x00004cfa      0x209 ./gecko_sdk_4.0.0/platform/common/toolchain/src/sl_memory.o
 .debug_info    0x00004f03     0x21c4 ./gecko_sdk_4.0.0/platform/emlib/src/em_adc.o
 .debug_info    0x000070c7       0x8a ./gecko_sdk_4.0.0/platform/emlib/src/em_assert.o
 .debug_info    0x00007151     0x3e7a ./gecko_sdk_4.0.0/platform/emlib/src/em_cmu.o
 .debug_info    0x0000afcb     0x1125 ./gecko_sdk_4.0.0/platform/emlib/src/em_core.o
 .debug_info    0x0000c0f0     0x377f ./gecko_sdk_4.0.0/platform/emlib/src/em_emu.o
 .debug_info    0x0000f86f      0xfce ./gecko_sdk_4.0.0/platform/emlib/src/em_gpio.o
 .debug_info    0x0001083d     0x173e ./gecko_sdk_4.0.0/platform/emlib/src/em_ldma.o
 .debug_info    0x00011f7b      0x85a ./gecko_sdk_4.0.0/platform/emlib/src/em_letimer.o
 .debug_info    0x000127d5     0x13d6 ./gecko_sdk_4.0.0/platform/emlib/src/em_opamp.o
 .debug_info    0x00013bab      0x906 ./gecko_sdk_4.0.0/platform/emlib/src/em_prs.o
 .debug_info    0x000144b1     0x14f1 ./gecko_sdk_4.0.0/platform/emlib/src/em_usart.o

.debug_abbrev   0x00000000     0x2bf2
 .debug_abbrev  0x00000000      0x389 ./main.o
 .debug_abbrev  0x00000389      0x157 ./gecko_sdk_4.0.0/platform/Device/SiliconLabs/EFR32FG14P/Source/GCC/startup_efr32fg14p.o
 .debug_abbrev  0x000004e0      0x239 ./gecko_sdk_4.0.0/platform/Device/SiliconLabs/EFR32FG14P/Source/system_efr32fg14p.o
 .debug_abbrev  0x00000719      0x121 ./gecko_sdk_4.0.0/platform/common/toolchain/src/sl_memory.o
 .debug_abbrev  0x0000083a      0x3c0 ./gecko_sdk_4.0.0/platform/emlib/src/em_adc.o
 .debug_abbrev  0x00000bfa       0x6f ./gecko_sdk_4.0.0/platform/emlib/src/em_assert.o
 .debug_abbrev  0x00000c69      0x558 ./gecko_sdk_4.0.0/platform/emlib/src/em_cmu.o
 .debug_abbrev  0x000011c1      0x316 ./gecko_sdk_4.0.0/platform/emlib/src/em_core.o
 .debug_abbrev  0x000014d7      0x57a ./gecko_sdk_4.0.0/platform/emlib/src/em_emu.o
 .debug_abbrev  0x00001a51      0x331 ./gecko_sdk_4.0.0/platform/emlib/src/em_gpio.o
 .debug_abbrev  0x00001d82      0x410 ./gecko_sdk_4.0.0/platform/emlib/src/em_ldma.o
 .debug_abbrev  0x00002192      0x2c8 ./gecko_sdk_4.0.0/platform/emlib/src/em_letimer.o
 .debug_abbrev  0x0000245a      0x218 ./gecko_sdk_4.0.0/platform/emlib/src/em_opamp.o
 .debug_abbrev  0x00002672      0x267 ./gecko_sdk_4.0.0/platform/emlib/src/em_prs.o
 .debug_abbrev  0x000028d9      0x319 ./gecko_sdk_4.0.0/platform/emlib/src/em_usart.o

.debug_loc      0x00000000     0x9dc5
 .debug_loc     0x00000000      0x1f2 ./main.o
 .debug_loc     0x000001f2       0xda ./gecko_sdk_4.0.0/platform/Device/SiliconLabs/EFR32FG14P/Source/GCC/startup_efr32fg14p.o
 .debug_loc     0x000002cc       0xd8 ./gecko_sdk_4.0.0/platform/Device/SiliconLabs/EFR32FG14P/Source/system_efr32fg14p.o
 .debug_loc     0x000003a4       0x9c ./gecko_sdk_4.0.0/platform/common/toolchain/src/sl_memory.o
 .debug_loc     0x00000440     0x1291 ./gecko_sdk_4.0.0/platform/emlib/src/em_adc.o
 .debug_loc     0x000016d1       0x2a ./gecko_sdk_4.0.0/platform/emlib/src/em_assert.o
 .debug_loc     0x000016fb     0x316e ./gecko_sdk_4.0.0/platform/emlib/src/em_cmu.o
 .debug_loc     0x00004869      0x8ae ./gecko_sdk_4.0.0/platform/emlib/src/em_core.o
 .debug_loc     0x00005117     0x2314 ./gecko_sdk_4.0.0/platform/emlib/src/em_emu.o
 .debug_loc     0x0000742b      0xcaf ./gecko_sdk_4.0.0/platform/emlib/src/em_gpio.o
 .debug_loc     0x000080da      0x63a ./gecko_sdk_4.0.0/platform/emlib/src/em_ldma.o
 .debug_loc     0x00008714      0x4de ./gecko_sdk_4.0.0/platform/emlib/src/em_letimer.o
 .debug_loc     0x00008bf2      0x305 ./gecko_sdk_4.0.0/platform/emlib/src/em_opamp.o
 .debug_loc     0x00008ef7      0x47a ./gecko_sdk_4.0.0/platform/emlib/src/em_prs.o
 .debug_loc     0x00009371      0xa54 ./gecko_sdk_4.0.0/platform/emlib/src/em_usart.o

.debug_aranges  0x00000000      0x7a8
 .debug_aranges
                0x00000000       0x50 ./main.o
 .debug_aranges
                0x00000050       0x28 ./gecko_sdk_4.0.0/platform/Device/SiliconLabs/EFR32FG14P/Source/GCC/startup_efr32fg14p.o
 .debug_aranges
                0x00000078       0x68 ./gecko_sdk_4.0.0/platform/Device/SiliconLabs/EFR32FG14P/Source/system_efr32fg14p.o
 .debug_aranges
                0x000000e0       0x30 ./gecko_sdk_4.0.0/platform/common/toolchain/src/sl_memory.o
 .debug_aranges
                0x00000110       0x70 ./gecko_sdk_4.0.0/platform/emlib/src/em_adc.o
 .debug_aranges
                0x00000180       0x20 ./gecko_sdk_4.0.0/platform/emlib/src/em_assert.o
 .debug_aranges
                0x000001a0      0x168 ./gecko_sdk_4.0.0/platform/emlib/src/em_cmu.o
 .debug_aranges
                0x00000308       0xe8 ./gecko_sdk_4.0.0/platform/emlib/src/em_core.o
 .debug_aranges
                0x000003f0      0x158 ./gecko_sdk_4.0.0/platform/emlib/src/em_emu.o
 .debug_aranges
                0x00000548       0x70 ./gecko_sdk_4.0.0/platform/emlib/src/em_gpio.o
 .debug_aranges
                0x000005b8       0x50 ./gecko_sdk_4.0.0/platform/emlib/src/em_ldma.o
 .debug_aranges
                0x00000608       0x78 ./gecko_sdk_4.0.0/platform/emlib/src/em_letimer.o
 .debug_aranges
                0x00000680       0x28 ./gecko_sdk_4.0.0/platform/emlib/src/em_opamp.o
 .debug_aranges
                0x000006a8       0x48 ./gecko_sdk_4.0.0/platform/emlib/src/em_prs.o
 .debug_aranges
                0x000006f0       0xb8 ./gecko_sdk_4.0.0/platform/emlib/src/em_usart.o

.debug_ranges   0x00000000      0xd48
 .debug_ranges  0x00000000       0x90 ./main.o
 .debug_ranges  0x00000090       0x18 ./gecko_sdk_4.0.0/platform/Device/SiliconLabs/EFR32FG14P/Source/GCC/startup_efr32fg14p.o
 .debug_ranges  0x000000a8       0x58 ./gecko_sdk_4.0.0/platform/Device/SiliconLabs/EFR32FG14P/Source/system_efr32fg14p.o
 .debug_ranges  0x00000100       0x20 ./gecko_sdk_4.0.0/platform/common/toolchain/src/sl_memory.o
 .debug_ranges  0x00000120       0xb0 ./gecko_sdk_4.0.0/platform/emlib/src/em_adc.o
 .debug_ranges  0x000001d0       0x10 ./gecko_sdk_4.0.0/platform/emlib/src/em_assert.o
 .debug_ranges  0x000001e0      0x380 ./gecko_sdk_4.0.0/platform/emlib/src/em_cmu.o
 .debug_ranges  0x00000560      0x188 ./gecko_sdk_4.0.0/platform/emlib/src/em_core.o
 .debug_ranges  0x000006e8      0x3b0 ./gecko_sdk_4.0.0/platform/emlib/src/em_emu.o
 .debug_ranges  0x00000a98       0xc0 ./gecko_sdk_4.0.0/platform/emlib/src/em_gpio.o
 .debug_ranges  0x00000b58       0x70 ./gecko_sdk_4.0.0/platform/emlib/src/em_ldma.o
 .debug_ranges  0x00000bc8       0x68 ./gecko_sdk_4.0.0/platform/emlib/src/em_letimer.o
 .debug_ranges  0x00000c30       0x18 ./gecko_sdk_4.0.0/platform/emlib/src/em_opamp.o
 .debug_ranges  0x00000c48       0x58 ./gecko_sdk_4.0.0/platform/emlib/src/em_prs.o
 .debug_ranges  0x00000ca0       0xa8 ./gecko_sdk_4.0.0/platform/emlib/src/em_usart.o

.debug_macro    0x00000000    0x2f199
 .debug_macro   0x00000000      0x36a ./main.o
 .debug_macro   0x0000036a      0x44f ./main.o
 .debug_macro   0x000007b9       0x22 ./main.o
 .debug_macro   0x000007db       0x56 ./main.o
 .debug_macro   0x00000831       0x51 ./main.o
 .debug_macro   0x00000882      0x103 ./main.o
 .debug_macro   0x00000985       0x6a ./main.o
 .debug_macro   0x000009ef      0x1df ./main.o
 .debug_macro   0x00000bce       0x1c ./main.o
 .debug_macro   0x00000bea       0x22 ./main.o
 .debug_macro   0x00000c0c       0xd9 ./main.o
 .debug_macro   0x00000ce5      0xff5 ./main.o
 .debug_macro   0x00001cda       0xe2 ./main.o
 .debug_macro   0x00001dbc      0xcd6 ./main.o
 .debug_macro   0x00002a92     0x201c ./main.o
 .debug_macro   0x00004aae      0x329 ./main.o
 .debug_macro   0x00004dd7     0x3269 ./main.o
 .debug_macro   0x00008040     0x1b2e ./main.o
 .debug_macro   0x00009b6e     0x2172 ./main.o
 .debug_macro   0x0000bce0     0x19bb ./main.o
 .debug_macro   0x0000d69b      0xca3 ./main.o
 .debug_macro   0x0000e33e      0x344 ./main.o
 .debug_macro   0x0000e682      0x29d ./main.o
 .debug_macro   0x0000e91f     0x2786 ./main.o
 .debug_macro   0x000110a5     0x31cc ./main.o
 .debug_macro   0x00014271     0x136b ./main.o
 .debug_macro   0x000155dc      0xde2 ./main.o
 .debug_macro   0x000163be      0x249 ./main.o
 .debug_macro   0x00016607     0x1042 ./main.o
 .debug_macro   0x00017649     0x1605 ./main.o
 .debug_macro   0x00018c4e     0x3cb7 ./main.o
 .debug_macro   0x0001c905     0x23fc ./main.o
 .debug_macro   0x0001ed01     0x2479 ./main.o
 .debug_macro   0x0002117a     0x2efb ./main.o
 .debug_macro   0x00024075      0xfaf ./main.o
 .debug_macro   0x00025024      0x6c3 ./main.o
 .debug_macro   0x000256e7      0x65d ./main.o
 .debug_macro   0x00025d44      0x731 ./main.o
 .debug_macro   0x00026475      0x4ff ./main.o
 .debug_macro   0x00026974     0x1a91 ./main.o
 .debug_macro   0x00028405       0x40 ./main.o
 .debug_macro   0x00028445      0x25e ./main.o
 .debug_macro   0x000286a3      0x2ee ./main.o
 .debug_macro   0x00028991      0x10c ./main.o
 .debug_macro   0x00028a9d     0x29fd ./main.o
 .debug_macro   0x0002b49a      0x22a ./main.o
 .debug_macro   0x0002b6c4      0x22a ./main.o
 .debug_macro   0x0002b8ee       0x22 ./main.o
 .debug_macro   0x0002b910       0x10 ./main.o
 .debug_macro   0x0002b920       0x78 ./main.o
 .debug_macro   0x0002b998       0x1c ./main.o
 .debug_macro   0x0002b9b4       0x10 ./main.o
 .debug_macro   0x0002b9c4       0xf6 ./main.o
 .debug_macro   0x0002baba       0xe4 ./main.o
 .debug_macro   0x0002bb9e      0x35a ./main.o
 .debug_macro   0x0002bef8       0x8d ./main.o
 .debug_macro   0x0002bf85       0x1e ./main.o
 .debug_macro   0x0002bfa3       0x8f ./main.o
 .debug_macro   0x0002c032       0x57 ./main.o
 .debug_macro   0x0002c089       0xf1 ./main.o
 .debug_macro   0x0002c17a      0x16d ./main.o
 .debug_macro   0x0002c2e7       0x22 ./main.o
 .debug_macro   0x0002c309       0xce ./main.o
 .debug_macro   0x0002c3d7       0x10 ./main.o
 .debug_macro   0x0002c3e7      0x26d ./gecko_sdk_4.0.0/platform/Device/SiliconLabs/EFR32FG14P/Source/GCC/startup_efr32fg14p.o
 .debug_macro   0x0002c654      0x281 ./gecko_sdk_4.0.0/platform/Device/SiliconLabs/EFR32FG14P/Source/system_efr32fg14p.o
 .debug_macro   0x0002c8d5       0x92 ./gecko_sdk_4.0.0/platform/common/toolchain/src/sl_memory.o
 .debug_macro   0x0002c967       0x16 ./gecko_sdk_4.0.0/platform/common/toolchain/src/sl_memory.o
 .debug_macro   0x0002c97d      0x368 ./gecko_sdk_4.0.0/platform/emlib/src/em_adc.o
 .debug_macro   0x0002cce5       0x51 ./gecko_sdk_4.0.0/platform/emlib/src/em_adc.o
 .debug_macro   0x0002cd36       0x2c ./gecko_sdk_4.0.0/platform/emlib/src/em_assert.o
 .debug_macro   0x0002cd62      0x3ce ./gecko_sdk_4.0.0/platform/emlib/src/em_cmu.o
 .debug_macro   0x0002d130       0x64 ./gecko_sdk_4.0.0/platform/emlib/src/em_cmu.o
 .debug_macro   0x0002d194      0x356 ./gecko_sdk_4.0.0/platform/emlib/src/em_cmu.o
 .debug_macro   0x0002d4ea       0x7c ./gecko_sdk_4.0.0/platform/emlib/src/em_cmu.o
 .debug_macro   0x0002d566       0x17 ./gecko_sdk_4.0.0/platform/emlib/src/em_cmu.o
 .debug_macro   0x0002d57d       0xee ./gecko_sdk_4.0.0/platform/emlib/src/em_cmu.o
 .debug_macro   0x0002d66b      0x2b1 ./gecko_sdk_4.0.0/platform/emlib/src/em_core.o
 .debug_macro   0x0002d91c      0x3ff ./gecko_sdk_4.0.0/platform/emlib/src/em_emu.o
 .debug_macro   0x0002dd1b       0x5e ./gecko_sdk_4.0.0/platform/emlib/src/em_emu.o
 .debug_macro   0x0002dd79       0x5c ./gecko_sdk_4.0.0/platform/emlib/src/em_emu.o
 .debug_macro   0x0002ddd5       0x87 ./gecko_sdk_4.0.0/platform/emlib/src/em_emu.o
 .debug_macro   0x0002de5c       0x34 ./gecko_sdk_4.0.0/platform/emlib/src/em_emu.o
 .debug_macro   0x0002de90      0x2be ./gecko_sdk_4.0.0/platform/emlib/src/em_gpio.o
 .debug_macro   0x0002e14e      0x2e9 ./gecko_sdk_4.0.0/platform/emlib/src/em_ldma.o
 .debug_macro   0x0002e437       0xc8 ./gecko_sdk_4.0.0/platform/emlib/src/em_ldma.o
 .debug_macro   0x0002e4ff      0x2eb ./gecko_sdk_4.0.0/platform/emlib/src/em_letimer.o
 .debug_macro   0x0002e7ea      0x29b ./gecko_sdk_4.0.0/platform/emlib/src/em_opamp.o
 .debug_macro   0x0002ea85       0x18 ./gecko_sdk_4.0.0/platform/emlib/src/em_opamp.o
 .debug_macro   0x0002ea9d      0x30a ./gecko_sdk_4.0.0/platform/emlib/src/em_prs.o
 .debug_macro   0x0002eda7      0x307 ./gecko_sdk_4.0.0/platform/emlib/src/em_usart.o
 .debug_macro   0x0002f0ae       0xeb ./gecko_sdk_4.0.0/platform/emlib/src/em_usart.o

.debug_line     0x00000000     0xf4e7
 .debug_line    0x00000000      0xed2 ./main.o
 .debug_line    0x00000ed2      0x97d ./gecko_sdk_4.0.0/platform/Device/SiliconLabs/EFR32FG14P/Source/GCC/startup_efr32fg14p.o
 .debug_line    0x0000184f      0xa7e ./gecko_sdk_4.0.0/platform/Device/SiliconLabs/EFR32FG14P/Source/system_efr32fg14p.o
 .debug_line    0x000022cd      0x41a ./gecko_sdk_4.0.0/platform/common/toolchain/src/sl_memory.o
 .debug_line    0x000026e7     0x13f1 ./gecko_sdk_4.0.0/platform/emlib/src/em_adc.o
 .debug_line    0x00003ad8      0x216 ./gecko_sdk_4.0.0/platform/emlib/src/em_assert.o
 .debug_line    0x00003cee     0x2982 ./gecko_sdk_4.0.0/platform/emlib/src/em_cmu.o
 .debug_line    0x00006670     0x116a ./gecko_sdk_4.0.0/platform/emlib/src/em_core.o
 .debug_line    0x000077da     0x238e ./gecko_sdk_4.0.0/platform/emlib/src/em_emu.o
 .debug_line    0x00009b68      0xf86 ./gecko_sdk_4.0.0/platform/emlib/src/em_gpio.o
 .debug_line    0x0000aaee      0xece ./gecko_sdk_4.0.0/platform/emlib/src/em_ldma.o
 .debug_line    0x0000b9bc      0xeca ./gecko_sdk_4.0.0/platform/emlib/src/em_letimer.o
 .debug_line    0x0000c886      0xc91 ./gecko_sdk_4.0.0/platform/emlib/src/em_opamp.o
 .debug_line    0x0000d517      0xc85 ./gecko_sdk_4.0.0/platform/emlib/src/em_prs.o
 .debug_line    0x0000e19c     0x134b ./gecko_sdk_4.0.0/platform/emlib/src/em_usart.o

.debug_str      0x00000000   0x142e97
 .debug_str     0x00000000   0x13c5b9 ./main.o
                             0x13d624 (size before relaxing)
 .debug_str     0x0013c5b9      0x108 ./gecko_sdk_4.0.0/platform/Device/SiliconLabs/EFR32FG14P/Source/GCC/startup_efr32fg14p.o
                             0x130ac1 (size before relaxing)
 .debug_str     0x0013c6c1      0x261 ./gecko_sdk_4.0.0/platform/Device/SiliconLabs/EFR32FG14P/Source/system_efr32fg14p.o
                             0x130f06 (size before relaxing)
 .debug_str     0x0013c922      0x12a ./gecko_sdk_4.0.0/platform/common/toolchain/src/sl_memory.o
                               0x4047 (size before relaxing)
 .debug_str     0x0013ca4c      0xaa7 ./gecko_sdk_4.0.0/platform/emlib/src/em_adc.o
                             0x136087 (size before relaxing)
 .debug_str     0x0013d4f3       0x37 ./gecko_sdk_4.0.0/platform/emlib/src/em_assert.o
                               0x2e56 (size before relaxing)
 .debug_str     0x0013d52a     0x2963 ./gecko_sdk_4.0.0/platform/emlib/src/em_cmu.o
                             0x1367dd (size before relaxing)
 .debug_str     0x0013fe8d      0x337 ./gecko_sdk_4.0.0/platform/emlib/src/em_core.o
                             0x131c01 (size before relaxing)
 .debug_str     0x001401c4     0x13fb ./gecko_sdk_4.0.0/platform/emlib/src/em_emu.o
                             0x136cab (size before relaxing)
 .debug_str     0x001415bf      0x33b ./gecko_sdk_4.0.0/platform/emlib/src/em_gpio.o
                             0x132497 (size before relaxing)
 .debug_str     0x001418fa       0xe8 ./gecko_sdk_4.0.0/platform/emlib/src/em_ldma.o
                             0x13672e (size before relaxing)
 .debug_str     0x001419e2      0x16b ./gecko_sdk_4.0.0/platform/emlib/src/em_letimer.o
                             0x132e6f (size before relaxing)
 .debug_str     0x00141b4d       0x60 ./gecko_sdk_4.0.0/platform/emlib/src/em_opamp.o
                             0x133832 (size before relaxing)
 .debug_str     0x00141bad      0xd53 ./gecko_sdk_4.0.0/platform/emlib/src/em_prs.o
                             0x132e6e (size before relaxing)
 .debug_str     0x00142900      0x597 ./gecko_sdk_4.0.0/platform/emlib/src/em_usart.o
                             0x133c20 (size before relaxing)

.debug_frame    0x00000000     0x15cc
 .debug_frame   0x00000000       0xe4 ./main.o
 .debug_frame   0x000000e4       0x38 ./gecko_sdk_4.0.0/platform/Device/SiliconLabs/EFR32FG14P/Source/GCC/startup_efr32fg14p.o
 .debug_frame   0x0000011c       0xb8 ./gecko_sdk_4.0.0/platform/Device/SiliconLabs/EFR32FG14P/Source/system_efr32fg14p.o
 .debug_frame   0x000001d4       0x40 ./gecko_sdk_4.0.0/platform/common/toolchain/src/sl_memory.o
 .debug_frame   0x00000214      0x150 ./gecko_sdk_4.0.0/platform/emlib/src/em_adc.o
 .debug_frame   0x00000364       0x20 ./gecko_sdk_4.0.0/platform/emlib/src/em_assert.o
 .debug_frame   0x00000384      0x49c ./gecko_sdk_4.0.0/platform/emlib/src/em_cmu.o
 .debug_frame   0x00000820      0x244 ./gecko_sdk_4.0.0/platform/emlib/src/em_core.o
 .debug_frame   0x00000a64      0x464 ./gecko_sdk_4.0.0/platform/emlib/src/em_emu.o
 .debug_frame   0x00000ec8      0x194 ./gecko_sdk_4.0.0/platform/emlib/src/em_gpio.o
 .debug_frame   0x0000105c       0xd4 ./gecko_sdk_4.0.0/platform/emlib/src/em_ldma.o
 .debug_frame   0x00001130      0x124 ./gecko_sdk_4.0.0/platform/emlib/src/em_letimer.o
 .debug_frame   0x00001254       0x5c ./gecko_sdk_4.0.0/platform/emlib/src/em_opamp.o
 .debug_frame   0x000012b0       0x98 ./gecko_sdk_4.0.0/platform/emlib/src/em_prs.o
 .debug_frame   0x00001348      0x1f0 ./gecko_sdk_4.0.0/platform/emlib/src/em_usart.o
 .debug_frame   0x00001538       0x28 c:/siliconlabs/simplicitystudio/v5/developer/toolchains/gnu_arm/10.2_2020q4/bin/../lib/gcc/arm-none-eabi/10.2.1/../../../../arm-none-eabi/lib/thumb/v7e-m+fp/softfp\libc_nano.a(lib_a-exit.o)
 .debug_frame   0x00001560       0x2c c:/siliconlabs/simplicitystudio/v5/developer/toolchains/gnu_arm/10.2_2020q4/bin/../lib/gcc/arm-none-eabi/10.2.1/../../../../arm-none-eabi/lib/thumb/v7e-m+fp/softfp\libc_nano.a(lib_a-init.o)
 .debug_frame   0x0000158c       0x20 c:/siliconlabs/simplicitystudio/v5/developer/toolchains/gnu_arm/10.2_2020q4/bin/../lib/gcc/arm-none-eabi/10.2.1/../../../../arm-none-eabi/lib/thumb/v7e-m+fp/softfp\libc_nano.a(lib_a-memset.o)
 .debug_frame   0x000015ac       0x20 c:/siliconlabs/simplicitystudio/v5/developer/toolchains/gnu_arm/10.2_2020q4/bin/../lib/gcc/arm-none-eabi/10.2.1/../../../../arm-none-eabi/lib/thumb/v7e-m+fp/softfp\libnosys.a(_exit.o)
