Archive member included to satisfy reference by file (symbol)

c:/siliconlabs/simplicitystudio/v5/developer/toolchains/gnu_arm/10.2_2020q4/bin/../lib/gcc/arm-none-eabi/10.2.1/../../../../arm-none-eabi/lib/thumb/v7e-m+fp/softfp\libc_nano.a(lib_a-exit.o)
                              c:/siliconlabs/simplicitystudio/v5/developer/toolchains/gnu_arm/10.2_2020q4/bin/../lib/gcc/arm-none-eabi/10.2.1/../../../../arm-none-eabi/lib/thumb/v7e-m+fp/softfp/crt0.o (exit)
c:/siliconlabs/simplicitystudio/v5/developer/toolchains/gnu_arm/10.2_2020q4/bin/../lib/gcc/arm-none-eabi/10.2.1/../../../../arm-none-eabi/lib/thumb/v7e-m+fp/softfp\libc_nano.a(lib_a-impure.o)
                              c:/siliconlabs/simplicitystudio/v5/developer/toolchains/gnu_arm/10.2_2020q4/bin/../lib/gcc/arm-none-eabi/10.2.1/../../../../arm-none-eabi/lib/thumb/v7e-m+fp/softfp\libc_nano.a(lib_a-exit.o) (_global_impure_ptr)
c:/siliconlabs/simplicitystudio/v5/developer/toolchains/gnu_arm/10.2_2020q4/bin/../lib/gcc/arm-none-eabi/10.2.1/../../../../arm-none-eabi/lib/thumb/v7e-m+fp/softfp\libc_nano.a(lib_a-init.o)
                              c:/siliconlabs/simplicitystudio/v5/developer/toolchains/gnu_arm/10.2_2020q4/bin/../lib/gcc/arm-none-eabi/10.2.1/../../../../arm-none-eabi/lib/thumb/v7e-m+fp/softfp/crt0.o (__libc_init_array)
c:/siliconlabs/simplicitystudio/v5/developer/toolchains/gnu_arm/10.2_2020q4/bin/../lib/gcc/arm-none-eabi/10.2.1/../../../../arm-none-eabi/lib/thumb/v7e-m+fp/softfp\libc_nano.a(lib_a-memset.o)
                              c:/siliconlabs/simplicitystudio/v5/developer/toolchains/gnu_arm/10.2_2020q4/bin/../lib/gcc/arm-none-eabi/10.2.1/../../../../arm-none-eabi/lib/thumb/v7e-m+fp/softfp/crt0.o (memset)
c:/siliconlabs/simplicitystudio/v5/developer/toolchains/gnu_arm/10.2_2020q4/bin/../lib/gcc/arm-none-eabi/10.2.1/../../../../arm-none-eabi/lib/thumb/v7e-m+fp/softfp\libnosys.a(_exit.o)
                              c:/siliconlabs/simplicitystudio/v5/developer/toolchains/gnu_arm/10.2_2020q4/bin/../lib/gcc/arm-none-eabi/10.2.1/../../../../arm-none-eabi/lib/thumb/v7e-m+fp/softfp\libc_nano.a(lib_a-exit.o) (_exit)

Discarded input sections

 .text          0x00000000        0x0 c:/siliconlabs/simplicitystudio/v5/developer/toolchains/gnu_arm/10.2_2020q4/bin/../lib/gcc/arm-none-eabi/10.2.1/thumb/v7e-m+fp/softfp/crti.o
 .data          0x00000000        0x0 c:/siliconlabs/simplicitystudio/v5/developer/toolchains/gnu_arm/10.2_2020q4/bin/../lib/gcc/arm-none-eabi/10.2.1/thumb/v7e-m+fp/softfp/crti.o
 .bss           0x00000000        0x0 c:/siliconlabs/simplicitystudio/v5/developer/toolchains/gnu_arm/10.2_2020q4/bin/../lib/gcc/arm-none-eabi/10.2.1/thumb/v7e-m+fp/softfp/crti.o
 .data          0x00000000        0x4 c:/siliconlabs/simplicitystudio/v5/developer/toolchains/gnu_arm/10.2_2020q4/bin/../lib/gcc/arm-none-eabi/10.2.1/thumb/v7e-m+fp/softfp/crtbegin.o
 .rodata        0x00000000       0x24 c:/siliconlabs/simplicitystudio/v5/developer/toolchains/gnu_arm/10.2_2020q4/bin/../lib/gcc/arm-none-eabi/10.2.1/thumb/v7e-m+fp/softfp/crtbegin.o
 .data          0x00000000        0x0 c:/siliconlabs/simplicitystudio/v5/developer/toolchains/gnu_arm/10.2_2020q4/bin/../lib/gcc/arm-none-eabi/10.2.1/../../../../arm-none-eabi/lib/thumb/v7e-m+fp/softfp/crt0.o
 .bss           0x00000000        0x0 c:/siliconlabs/simplicitystudio/v5/developer/toolchains/gnu_arm/10.2_2020q4/bin/../lib/gcc/arm-none-eabi/10.2.1/../../../../arm-none-eabi/lib/thumb/v7e-m+fp/softfp/crt0.o
 .ARM.extab     0x00000000        0x0 c:/siliconlabs/simplicitystudio/v5/developer/toolchains/gnu_arm/10.2_2020q4/bin/../lib/gcc/arm-none-eabi/10.2.1/../../../../arm-none-eabi/lib/thumb/v7e-m+fp/softfp/crt0.o
 .data          0x00000000        0x0 ./CMSIS/EFR32FG14P/startup_efr32fg14p.o
 .bss           0x00000000        0x0 ./CMSIS/EFR32FG14P/startup_efr32fg14p.o
 .group         0x00000000        0xc ./CMSIS/EFR32FG14P/system_efr32fg14p.o
 .group         0x00000000        0xc ./CMSIS/EFR32FG14P/system_efr32fg14p.o
 .group         0x00000000        0xc ./CMSIS/EFR32FG14P/system_efr32fg14p.o
 .group         0x00000000        0xc ./CMSIS/EFR32FG14P/system_efr32fg14p.o
 .group         0x00000000        0xc ./CMSIS/EFR32FG14P/system_efr32fg14p.o
 .group         0x00000000        0xc ./CMSIS/EFR32FG14P/system_efr32fg14p.o
 .group         0x00000000        0xc ./CMSIS/EFR32FG14P/system_efr32fg14p.o
 .group         0x00000000        0xc ./CMSIS/EFR32FG14P/system_efr32fg14p.o
 .group         0x00000000        0xc ./CMSIS/EFR32FG14P/system_efr32fg14p.o
 .group         0x00000000        0xc ./CMSIS/EFR32FG14P/system_efr32fg14p.o
 .group         0x00000000        0xc ./CMSIS/EFR32FG14P/system_efr32fg14p.o
 .group         0x00000000        0xc ./CMSIS/EFR32FG14P/system_efr32fg14p.o
 .group         0x00000000        0xc ./CMSIS/EFR32FG14P/system_efr32fg14p.o
 .group         0x00000000        0xc ./CMSIS/EFR32FG14P/system_efr32fg14p.o
 .group         0x00000000        0xc ./CMSIS/EFR32FG14P/system_efr32fg14p.o
[...]
Memory Configuration

Name             Origin             Length             Attributes
FLASH            0x00000000         0x00040000         xr
RAM              0x20000000         0x00008000         xrw
*default*        0x00000000         0xffffffff

Linker script and memory map

LOAD c:/siliconlabs/simplicitystudio/v5/developer/toolchains/gnu_arm/10.2_2020q4/bin/../lib/gcc/arm-none-eabi/10.2.1/thumb/v7e-m+fp/softfp/crti.o
LOAD c:/siliconlabs/simplicitystudio/v5/developer/toolchains/gnu_arm/10.2_2020q4/bin/../lib/gcc/arm-none-eabi/10.2.1/thumb/v7e-m+fp/softfp/crtbegin.o
LOAD c:/siliconlabs/simplicitystudio/v5/developer/toolchains/gnu_arm/10.2_2020q4/bin/../lib/gcc/arm-none-eabi/10.2.1/../../../../arm-none-eabi/lib/thumb/v7e-m+fp/softfp/crt0.o
LOAD ./CMSIS/EFR32FG14P/startup_efr32fg14p.o
LOAD ./CMSIS/EFR32FG14P/system_efr32fg14p.o
LOAD ./emlib/em_adc.o
LOAD ./emlib/em_cmu.o
LOAD ./emlib/em_core.o
LOAD ./emlib/em_emu.o
LOAD ./emlib/em_gpio.o
LOAD ./emlib/em_ldma.o
LOAD ./emlib/em_letimer.o
LOAD ./emlib/em_prs.o
LOAD ./emlib/em_system.o
LOAD ./src/main_gg11_xg14.o
START GROUP
LOAD c:/siliconlabs/simplicitystudio/v5/developer/toolchains/gnu_arm/10.2_2020q4/bin/../lib/gcc/arm-none-eabi/10.2.1/thumb/v7e-m+fp/softfp\libgcc.a
LOAD c:/siliconlabs/simplicitystudio/v5/developer/toolchains/gnu_arm/10.2_2020q4/bin/../lib/gcc/arm-none-eabi/10.2.1/../../../../arm-none-eabi/lib/thumb/v7e-m+fp/softfp\libc_nano.a
LOAD c:/siliconlabs/simplicitystudio/v5/developer/toolchains/gnu_arm/10.2_2020q4/bin/../lib/gcc/arm-none-eabi/10.2.1/../../../../arm-none-eabi/lib/thumb/v7e-m+fp/softfp\libnosys.a
END GROUP
START GROUP
LOAD c:/siliconlabs/simplicitystudio/v5/developer/toolchains/gnu_arm/10.2_2020q4/bin/../lib/gcc/arm-none-eabi/10.2.1/thumb/v7e-m+fp/softfp\libgcc.a
LOAD c:/siliconlabs/simplicitystudio/v5/developer/toolchains/gnu_arm/10.2_2020q4/bin/../lib/gcc/arm-none-eabi/10.2.1/../../../../arm-none-eabi/lib/thumb/v7e-m+fp/softfp\libg_nano.a
LOAD c:/siliconlabs/simplicitystudio/v5/developer/toolchains/gnu_arm/10.2_2020q4/bin/../lib/gcc/arm-none-eabi/10.2.1/../../../../arm-none-eabi/lib/thumb/v7e-m+fp/softfp\libc_nano.a
END GROUP
START GROUP
LOAD c:/siliconlabs/simplicitystudio/v5/developer/toolchains/gnu_arm/10.2_2020q4/bin/../lib/gcc/arm-none-eabi/10.2.1/thumb/v7e-m+fp/softfp\libgcc.a
LOAD c:/siliconlabs/simplicitystudio/v5/developer/toolchains/gnu_arm/10.2_2020q4/bin/../lib/gcc/arm-none-eabi/10.2.1/../../../../arm-none-eabi/lib/thumb/v7e-m+fp/softfp\libc_nano.a
END GROUP
LOAD c:/siliconlabs/simplicitystudio/v5/developer/toolchains/gnu_arm/10.2_2020q4/bin/../lib/gcc/arm-none-eabi/10.2.1/thumb/v7e-m+fp/softfp/crtend.o
LOAD c:/siliconlabs/simplicitystudio/v5/developer/toolchains/gnu_arm/10.2_2020q4/bin/../lib/gcc/arm-none-eabi/10.2.1/thumb/v7e-m+fp/softfp/crtn.o

.text           0x00000000     0x18a4
 *(.vectors)
 .vectors       0x00000000       0xe8 ./CMSIS/EFR32FG14P/startup_efr32fg14p.o
                0x00000000                __Vectors
                0x000000e8                __Vectors_End = .
                0x000000e8                __Vectors_Size = (__Vectors_End - __Vectors)
                0x200000f0                __end__ = .
 *(.text*)
 .text          0x000000e8       0x40 c:/siliconlabs/simplicitystudio/v5/developer/toolchains/gnu_arm/10.2_2020q4/bin/../lib/gcc/arm-none-eabi/10.2.1/thumb/v7e-m+fp/softfp/crtbegin.o
 .text          0x00000128       0x7c c:/siliconlabs/simplicitystudio/v5/developer/toolchains/gnu_arm/10.2_2020q4/bin/../lib/gcc/arm-none-eabi/10.2.1/../../../../arm-none-eabi/lib/thumb/v7e-m+fp/softfp/crt0.o
                0x00000128                _stack_init
                0x00000130                _start
                0x00000130                _mainCRTStartup
 .text          0x000001a4       0x30 ./CMSIS/EFR32FG14P/startup_efr32fg14p.o
                0x000001a4                Reset_Handler
                0x000001d0                USART0_TX_IRQHandler
                0x000001d0                PRORTC_IRQHandler
                0x000001d0                I2C0_IRQHandler
                0x000001d0                HardFault_Handler
                0x000001d0                SysTick_Handler
                0x000001d0                USART1_RX_IRQHandler
                0x000001d0                PendSV_Handler
                0x000001d0                NMI_Handler
                0x000001d0                SYNTH_IRQHandler
                0x000001d0                WTIMER0_IRQHandler
                0x000001d0                CRYPTO0_IRQHandler
                0x000001d0                WDOG0_IRQHandler
                0x000001d0                USART1_TX_IRQHandler
                0x000001d0                SMU_IRQHandler
                0x000001d0                MSC_IRQHandler
                0x000001d0                ADC0_IRQHandler
                0x000001d0                UsageFault_Handler
                0x000001d0                WDOG1_IRQHandler
                0x000001d0                LEUART0_IRQHandler
                0x000001d0                FPUEH_IRQHandler
                0x000001d0                GPIO_EVEN_IRQHandler
                0x000001d0                VDAC0_IRQHandler
                0x000001d0                TIMER0_IRQHandler
                0x000001d0                DebugMon_Handler
                0x000001d0                LETIMER0_IRQHandler
                0x000001d0                TIMER1_IRQHandler
                0x000001d0                TRNG0_IRQHandler
                0x000001d0                RFSENSE_IRQHandler
                0x000001d0                BUFC_IRQHandler
                0x000001d0                MODEM_IRQHandler
                0x000001d0                Default_Handler
                0x000001d0                RAC_SEQ_IRQHandler
                0x000001d0                FRC_PRI_IRQHandler
                0x000001d0                EMU_IRQHandler
                0x000001d0                FRC_IRQHandler
                0x000001d0                CRYOTIMER_IRQHandler
                0x000001d0                PCNT0_IRQHandler
                0x000001d0                AGC_IRQHandler
                0x000001d0                sl_app_properties
                0x000001d0                ACMP0_IRQHandler
                0x000001d0                USART0_RX_IRQHandler
                0x000001d0                MemManage_Handler
                0x000001d0                SVC_Handler
                0x000001d0                RTCC_IRQHandler
                0x000001d0                CMU_IRQHandler
                0x000001d0                RAC_RSM_IRQHandler
                0x000001d0                LESENSE_IRQHandler
                0x000001d0                GPIO_ODD_IRQHandler
                0x000001d0                PROTIMER_IRQHandler
                0x000001d0                BusFault_Handler
                0x000001d0                IDAC0_IRQHandler
 .text.SystemMaxCoreClockGet
                0x000001d4        0x8 ./CMSIS/EFR32FG14P/system_efr32fg14p.o
                0x000001d4                SystemMaxCoreClockGet
 .text.SystemHFClockGet
                0x000001dc       0x58 ./CMSIS/EFR32FG14P/system_efr32fg14p.o
                0x000001dc                SystemHFClockGet
 .text.SystemCoreClockGet
                0x00000234       0x24 ./CMSIS/EFR32FG14P/system_efr32fg14p.o
                0x00000234                SystemCoreClockGet
 .text.SystemHFXOClockGet
                0x00000258        0xc ./CMSIS/EFR32FG14P/system_efr32fg14p.o
                0x00000258                SystemHFXOClockGet
 .text.SystemInit
                0x00000264       0x1c ./CMSIS/EFR32FG14P/system_efr32fg14p.o
                0x00000264                SystemInit
 .text.SystemLFRCOClockGet
                0x00000280        0x8 ./CMSIS/EFR32FG14P/system_efr32fg14p.o
                0x00000280                SystemLFRCOClockGet
 .text.SystemULFRCOClockGet
                0x00000288        0x8 ./CMSIS/EFR32FG14P/system_efr32fg14p.o
                0x00000288                SystemULFRCOClockGet
 .text.SystemLFXOClockGet
                0x00000290        0xc ./CMSIS/EFR32FG14P/system_efr32fg14p.o
                0x00000290                SystemLFXOClockGet
 .text.ADC_LoadDevinfoCal
                0x0000029c       0xec ./emlib/em_adc.o
 .text.ADC_Init
                0x00000388       0xbc ./emlib/em_adc.o
                0x00000388                ADC_Init
 .text.ADC_InitSingle
                0x00000444       0xb0 ./emlib/em_adc.o
                0x00000444                ADC_InitSingle
 .text.ADC_PrescaleCalc
                0x000004f4       0x44 ./emlib/em_adc.o
                0x000004f4                ADC_PrescaleCalc
 .text.ADC_TimebaseCalc
                0x00000538       0x30 ./emlib/em_adc.o
                0x00000538                ADC_TimebaseCalc
 .text.flashWaitStateControl
                0x00000568       0x5c ./emlib/em_cmu.o
 .text.CMU_UpdateWaitStates
                0x000005c4       0x1c ./emlib/em_cmu.o
                0x000005c4                CMU_UpdateWaitStates
 .text.CMU_AUXHFRCOBandGet
                0x000005e0        0xc ./emlib/em_cmu.o
                0x000005e0                CMU_AUXHFRCOBandGet
 .text.CMU_AUXHFRCOBandSet
                0x000005ec      0x110 ./emlib/em_cmu.o
                0x000005ec                CMU_AUXHFRCOBandSet
 .text.CMU_ClockEnable
                0x000006fc       0x9c ./emlib/em_cmu.o
                0x000006fc                CMU_ClockEnable
 .text.CMU_ClockPrescGet
                0x00000798       0xd0 ./emlib/em_cmu.o
                0x00000798                CMU_ClockPrescGet
 .text.CMU_ClockSelectGet
                0x00000868       0xc4 ./emlib/em_cmu.o
                0x00000868                CMU_ClockSelectGet
 .text.lfClkGet
                0x0000092c       0x8c ./emlib/em_cmu.o
 .text.CMU_ClockFreqGet
                0x000009b8      0x194 ./emlib/em_cmu.o
                0x000009b8                CMU_ClockFreqGet
 .text.CMU_OscillatorEnable
                0x00000b4c      0x154 ./emlib/em_cmu.o
                0x00000b4c                CMU_OscillatorEnable
 .text.CMU_ClockSelectSet
                0x00000ca0      0x30c ./emlib/em_cmu.o
                0x00000ca0                CMU_ClockSelectSet
 .text.CORE_EnterCritical
                0x00000fac        0x8 ./emlib/em_core.o
                0x00000fac                CORE_EnterCritical
 .text.CORE_ExitCritical
                0x00000fb4        0x8 ./emlib/em_core.o
                0x00000fb4                CORE_ExitCritical
 .text.CORE_EnterAtomic
                0x00000fbc        0x8 ./emlib/em_core.o
                0x00000fbc                CORE_EnterAtomic
 .text.CORE_ExitAtomic
                0x00000fc4        0x8 ./emlib/em_core.o
                0x00000fc4                CORE_ExitAtomic
 .text.vScaleDownEM23Setup
                0x00000fcc       0x44 ./emlib/em_emu.o
 .text.emState.part.0
                0x00001010       0xdc ./emlib/em_emu.o
 .text.emState.constprop.0
                0x000010ec       0x5c ./emlib/em_emu.o
 .text.EMU_EM23PresleepHook
                0x00001148        0x4 ./emlib/em_emu.o
                0x00001148                EMU_EM23PresleepHook
 .text.EMU_EFPEM23PresleepHook
                0x0000114c        0x4 ./emlib/em_emu.o
                0x0000114c                EMU_EFPEM23PresleepHook
 .text.EMU_EM23PostsleepHook
                0x00001150        0x4 ./emlib/em_emu.o
                0x00001150                EMU_EM23PostsleepHook
 .text.EMU_EFPEM23PostsleepHook
                0x00001154        0x4 ./emlib/em_emu.o
                0x00001154                EMU_EFPEM23PostsleepHook
 .text.EMU_EnterEM2
                0x00001158       0xa0 ./emlib/em_emu.o
                0x00001158                EMU_EnterEM2
 .text.EMU_VScaleEM01
                0x000011f8       0x90 ./emlib/em_emu.o
                0x000011f8                EMU_VScaleEM01
 .text.EMU_VScaleEM01ByClock
                0x00001288       0x6c ./emlib/em_emu.o
                0x00001288                EMU_VScaleEM01ByClock
 .text.GPIO_ExtIntConfig
                0x000012f4       0xdc ./emlib/em_gpio.o
                0x000012f4                GPIO_ExtIntConfig
 .text.GPIO_PinModeSet
                0x000013d0       0xb4 ./emlib/em_gpio.o
                0x000013d0                GPIO_PinModeSet
 .text.LDMA_Init
                0x00001484       0x54 ./emlib/em_ldma.o
                0x00001484                LDMA_Init
 .text.LDMA_StartTransfer
                0x000014d8       0xa0 ./emlib/em_ldma.o
                0x000014d8                LDMA_StartTransfer
 .text.PRS_SourceAsyncSignalSet
                0x00001578       0x1c ./emlib/em_prs.o
                0x00001578                PRS_SourceAsyncSignalSet
 .text.LDMA_IRQHandler
                0x00001594        0xc ./src/main_gg11_xg14.o
                0x00001594                LDMA_IRQHandler
 .text.initGpio
                0x000015a0       0x4c ./src/main_gg11_xg14.o
                0x000015a0                initGpio
 .text.initLdma
                0x000015ec       0x7c ./src/main_gg11_xg14.o
                0x000015ec                initLdma
 .text.initAdc  0x00001668       0xc4 ./src/main_gg11_xg14.o
                0x00001668                initAdc
 .text.startup.main
                0x0000172c       0x3c ./src/main_gg11_xg14.o
                0x0000172c                main
 .text.exit     0x00001768       0x28 c:/siliconlabs/simplicitystudio/v5/developer/toolchains/gnu_arm/10.2_2020q4/bin/../lib/gcc/arm-none-eabi/10.2.1/../../../../arm-none-eabi/lib/thumb/v7e-m+fp/softfp\libc_nano.a(lib_a-exit.o)
                0x00001768                exit
 .text.__libc_init_array
                0x00001790       0x48 c:/siliconlabs/simplicitystudio/v5/developer/toolchains/gnu_arm/10.2_2020q4/bin/../lib/gcc/arm-none-eabi/10.2.1/../../../../arm-none-eabi/lib/thumb/v7e-m+fp/softfp\libc_nano.a(lib_a-init.o)
                0x00001790                __libc_init_array
 .text.memset   0x000017d8       0x10 c:/siliconlabs/simplicitystudio/v5/developer/toolchains/gnu_arm/10.2_2020q4/bin/../lib/gcc/arm-none-eabi/10.2.1/../../../../arm-none-eabi/lib/thumb/v7e-m+fp/softfp\libc_nano.a(lib_a-memset.o)
                0x000017d8                memset
 .text._exit    0x000017e8        0x4 c:/siliconlabs/simplicitystudio/v5/developer/toolchains/gnu_arm/10.2_2020q4/bin/../lib/gcc/arm-none-eabi/10.2.1/../../../../arm-none-eabi/lib/thumb/v7e-m+fp/softfp\libnosys.a(_exit.o)
                0x000017e8                _exit
 *(.init)
 .init          0x000017ec        0x4 c:/siliconlabs/simplicitystudio/v5/developer/toolchains/gnu_arm/10.2_2020q4/bin/../lib/gcc/arm-none-eabi/10.2.1/thumb/v7e-m+fp/softfp/crti.o
                0x000017ec                _init
 .init          0x000017f0        0x8 c:/siliconlabs/simplicitystudio/v5/developer/toolchains/gnu_arm/10.2_2020q4/bin/../lib/gcc/arm-none-eabi/10.2.1/thumb/v7e-m+fp/softfp/crtn.o
 *(.fini)
 .fini          0x000017f8        0x4 c:/siliconlabs/simplicitystudio/v5/developer/toolchains/gnu_arm/10.2_2020q4/bin/../lib/gcc/arm-none-eabi/10.2.1/thumb/v7e-m+fp/softfp/crti.o
                0x000017f8                _fini
 .fini          0x000017fc        0x8 c:/siliconlabs/simplicitystudio/v5/developer/toolchains/gnu_arm/10.2_2020q4/bin/../lib/gcc/arm-none-eabi/10.2.1/thumb/v7e-m+fp/softfp/crtn.o
 *fill*         0x00001804        0x4 
 .fini.__stub   0x00001808        0x8 linker stubs
 *crtbegin.o(.ctors)
 *crtbegin?.o(.ctors)
 *(EXCLUDE_FILE(*crtend.o *crtend?.o) .ctors)
 *(SORT_BY_NAME(.ctors.*))
 *(.ctors)
 *crtbegin.o(.dtors)
 *crtbegin?.o(.dtors)
 *(EXCLUDE_FILE(*crtend.o *crtend?.o) .dtors)
 *(SORT_BY_NAME(.dtors.*))
 *(.dtors)
 *(.rodata*)
 .rodata.CSWTCH.47
                0x00001810        0x6 ./emlib/em_cmu.o
 *fill*         0x00001816        0x2 
 .rodata.CSWTCH.48
                0x00001818        0x4 ./emlib/em_cmu.o
 .rodata.CSWTCH.49
                0x0000181c        0x4 ./emlib/em_cmu.o
 .rodata.CSWTCH.68
                0x00001820       0x14 ./emlib/em_cmu.o
 .rodata.CSWTCH.69
                0x00001834       0x14 ./emlib/em_cmu.o
 .rodata.CSWTCH.70
                0x00001848       0x14 ./emlib/em_cmu.o
 .rodata.CSWTCH.71
                0x0000185c       0x14 ./emlib/em_cmu.o
 .rodata.flashWsTable
                0x00001870       0x28 ./emlib/em_cmu.o
 .rodata        0x00001898        0x4 ./src/main_gg11_xg14.o
 .rodata._global_impure_ptr
                0x0000189c        0x4 c:/siliconlabs/simplicitystudio/v5/developer/toolchains/gnu_arm/10.2_2020q4/bin/../lib/gcc/arm-none-eabi/10.2.1/../../../../arm-none-eabi/lib/thumb/v7e-m+fp/softfp\libc_nano.a(lib_a-impure.o)
                0x0000189c                _global_impure_ptr
 *(.eh_frame*)
 .eh_frame      0x000018a0        0x0 c:/siliconlabs/simplicitystudio/v5/developer/toolchains/gnu_arm/10.2_2020q4/bin/../lib/gcc/arm-none-eabi/10.2.1/thumb/v7e-m+fp/softfp/crtbegin.o
 .eh_frame      0x000018a0        0x4 c:/siliconlabs/simplicitystudio/v5/developer/toolchains/gnu_arm/10.2_2020q4/bin/../lib/gcc/arm-none-eabi/10.2.1/thumb/v7e-m+fp/softfp/crtend.o

.glue_7         0x000018a4        0x0
 .glue_7        0x000018a4        0x0 linker stubs

.glue_7t        0x000018a4        0x0
 .glue_7t       0x000018a4        0x0 linker stubs

.vfp11_veneer   0x000018a4        0x0
 .vfp11_veneer  0x000018a4        0x0 linker stubs

.v4_bx          0x000018a4        0x0
 .v4_bx         0x000018a4        0x0 linker stubs

.iplt           0x000018a4        0x0
 .iplt          0x000018a4        0x0 c:/siliconlabs/simplicitystudio/v5/developer/toolchains/gnu_arm/10.2_2020q4/bin/../lib/gcc/arm-none-eabi/10.2.1/thumb/v7e-m+fp/softfp/crtbegin.o

.ARM.extab
 *(.ARM.extab* .gnu.linkonce.armextab.*)
                0x000018a4                __exidx_start = .

.ARM.exidx      0x000018a4        0x8
 *(.ARM.exidx* .gnu.linkonce.armexidx.*)
 .ARM.exidx     0x000018a4        0x8 c:/siliconlabs/simplicitystudio/v5/developer/toolchains/gnu_arm/10.2_2020q4/bin/../lib/gcc/arm-none-eabi/10.2.1/../../../../arm-none-eabi/lib/thumb/v7e-m+fp/softfp/crt0.o
                                 0x10 (size before relaxing)
                0x000018ac                __exidx_end = .
                0x000018ac                __etext = .

.rel.dyn        0x000018ac        0x0
 .rel.iplt      0x000018ac        0x0 c:/siliconlabs/simplicitystudio/v5/developer/toolchains/gnu_arm/10.2_2020q4/bin/../lib/gcc/arm-none-eabi/10.2.1/thumb/v7e-m+fp/softfp/crtbegin.o

.data           0x20000000       0x94 load address 0x000018ac
                0x20000000                __data_start__ = .
 *(vtable)
 *(.data*)
 .data.SystemCoreClock
                0x20000000        0x4 ./CMSIS/EFR32FG14P/system_efr32fg14p.o
                0x20000000                SystemCoreClock
 .data.SystemHFXOClock
                0x20000004        0x4 ./CMSIS/EFR32FG14P/system_efr32fg14p.o
 .data.SystemHfrcoFreq
                0x20000008        0x4 ./CMSIS/EFR32FG14P/system_efr32fg14p.o
                0x20000008                SystemHfrcoFreq
 .data.SystemLFXOClock
                0x2000000c        0x4 ./CMSIS/EFR32FG14P/system_efr32fg14p.o
 .data.auxHfrcoFreq
                0x20000010        0x4 ./emlib/em_cmu.o
 .data.impure_data
                0x20000014       0x60 c:/siliconlabs/simplicitystudio/v5/developer/toolchains/gnu_arm/10.2_2020q4/bin/../lib/gcc/arm-none-eabi/10.2.1/../../../../arm-none-eabi/lib/thumb/v7e-m+fp/softfp\libc_nano.a(lib_a-impure.o)
                0x20000074                . = ALIGN (0x4)
 *(.ram)
 .ram           0x20000074       0x18 ./emlib/em_emu.o
                0x2000008c                . = ALIGN (0x4)
                0x2000008c                PROVIDE (__preinit_array_start = .)
 *(.preinit_array)
                0x2000008c                PROVIDE (__preinit_array_end = .)
                0x2000008c                . = ALIGN (0x4)
                0x2000008c                PROVIDE (__init_array_start = .)
 *(SORT_BY_NAME(.init_array.*))
 *(.init_array)
 .init_array    0x2000008c        0x4 c:/siliconlabs/simplicitystudio/v5/developer/toolchains/gnu_arm/10.2_2020q4/bin/../lib/gcc/arm-none-eabi/10.2.1/thumb/v7e-m+fp/softfp/crtbegin.o
                0x20000090                PROVIDE (__init_array_end = .)
                0x20000090                . = ALIGN (0x4)
                [!provide]                PROVIDE (__fini_array_start = .)
 *(SORT_BY_NAME(.fini_array.*))
 *(.fini_array)
 .fini_array    0x20000090        0x4 c:/siliconlabs/simplicitystudio/v5/developer/toolchains/gnu_arm/10.2_2020q4/bin/../lib/gcc/arm-none-eabi/10.2.1/thumb/v7e-m+fp/softfp/crtbegin.o
                [!provide]                PROVIDE (__fini_array_end = .)
 *(.jcr*)
                0x20000094                . = ALIGN (0x4)
                0x20000094                __data_end__ = .

.igot.plt       0x20000094        0x0 load address 0x00001940
 .igot.plt      0x20000094        0x0 c:/siliconlabs/simplicitystudio/v5/developer/toolchains/gnu_arm/10.2_2020q4/bin/../lib/gcc/arm-none-eabi/10.2.1/thumb/v7e-m+fp/softfp/crtbegin.o

.bss            0x20000094       0x5c load address 0x00001940
                0x20000094                . = ALIGN (0x4)
                0x20000094                __bss_start__ = .
 *(.bss*)
 .bss           0x20000094       0x1c c:/siliconlabs/simplicitystudio/v5/developer/toolchains/gnu_arm/10.2_2020q4/bin/../lib/gcc/arm-none-eabi/10.2.1/thumb/v7e-m+fp/softfp/crtbegin.o
 .bss.cmuStatus.3
                0x200000b0        0x4 ./emlib/em_emu.o
 .bss.hfClock.2
                0x200000b4        0x1 ./emlib/em_emu.o
 *fill*         0x200000b5        0x3 
 .bss.hfrcoCtrl.0
                0x200000b8        0x4 ./emlib/em_emu.o
 .bss.vScaleEM01Config
                0x200000bc        0x1 ./emlib/em_emu.o
 .bss.vScaleStatus.1
                0x200000bd        0x1 ./emlib/em_emu.o
 *fill*         0x200000be        0x2 
 .bss.adcBuffer
                0x200000c0       0x10 ./src/main_gg11_xg14.o
                0x200000c0                adcBuffer
 .bss.descr     0x200000d0       0x10 ./src/main_gg11_xg14.o
                0x200000d0                descr
 .bss.trans     0x200000e0       0x10 ./src/main_gg11_xg14.o
                0x200000e0                trans
 *(COMMON)
                0x200000f0                . = ALIGN (0x4)
                0x200000f0                __bss_end__ = .

.heap           0x200000f0      0xc00
                0x200000f0                __HeapBase = .
                0x200000f0                __end__ = .
                0x200000f0                end = __end__
                0x200000f0                _end = __end__
 *(.heap*)
 .heap          0x200000f0      0xc00 ./CMSIS/EFR32FG14P/startup_efr32fg14p.o
                0x20000cf0                __HeapLimit = .

.stack_dummy    0x200000f0      0x400
 *(.stack*)
 .stack         0x200000f0      0x400 ./CMSIS/EFR32FG14P/startup_efr32fg14p.o
                0x20008000                __StackTop = (ORIGIN (RAM) + LENGTH (RAM))
                0x20007c00                __StackLimit = (__StackTop - SIZEOF (.stack_dummy))
                0x20008000                PROVIDE (__stack = __StackTop)
                0x00000001                ASSERT ((__StackLimit >= __HeapLimit), region RAM overflowed with stack)
                0x00000001                ASSERT ((LENGTH (FLASH) >= (__etext + SIZEOF (.data))), FLASH memory overflowed !)
OUTPUT(formalRouting.axf elf32-littlearm)
LOAD linker stubs

.ARM.attributes
                0x00000000       0x2e
 .ARM.attributes
                0x00000000       0x1e c:/siliconlabs/simplicitystudio/v5/developer/toolchains/gnu_arm/10.2_2020q4/bin/../lib/gcc/arm-none-eabi/10.2.1/thumb/v7e-m+fp/softfp/crti.o
 .ARM.attributes
                0x0000001e       0x32 c:/siliconlabs/simplicitystudio/v5/developer/toolchains/gnu_arm/10.2_2020q4/bin/../lib/gcc/arm-none-eabi/10.2.1/thumb/v7e-m+fp/softfp/crtbegin.o
 .ARM.attributes
                0x00000050       0x1c c:/siliconlabs/simplicitystudio/v5/developer/toolchains/gnu_arm/10.2_2020q4/bin/../lib/gcc/arm-none-eabi/10.2.1/../../../../arm-none-eabi/lib/thumb/v7e-m+fp/softfp/crt0.o
 .ARM.attributes
                0x0000006c       0x1f ./CMSIS/EFR32FG14P/startup_efr32fg14p.o
 .ARM.attributes
                0x0000008b       0x32 ./CMSIS/EFR32FG14P/system_efr32fg14p.o
 .ARM.attributes
                0x000000bd       0x32 ./emlib/em_adc.o
 .ARM.attributes
                0x000000ef       0x32 ./emlib/em_cmu.o
 .ARM.attributes
                0x00000121       0x32 ./emlib/em_core.o
 .ARM.attributes
                0x00000153       0x32 ./emlib/em_emu.o
 .ARM.attributes
                0x00000185       0x32 ./emlib/em_gpio.o
 .ARM.attributes
                0x000001b7       0x32 ./emlib/em_ldma.o
 .ARM.attributes
                0x000001e9       0x32 ./emlib/em_prs.o
 .ARM.attributes
                0x0000021b       0x32 ./src/main_gg11_xg14.o
 .ARM.attributes
                0x0000024d       0x32 c:/siliconlabs/simplicitystudio/v5/developer/toolchains/gnu_arm/10.2_2020q4/bin/../lib/gcc/arm-none-eabi/10.2.1/../../../../arm-none-eabi/lib/thumb/v7e-m+fp/softfp\libc_nano.a(lib_a-exit.o)
 .ARM.attributes
                0x0000027f       0x30 c:/siliconlabs/simplicitystudio/v5/developer/toolchains/gnu_arm/10.2_2020q4/bin/../lib/gcc/arm-none-eabi/10.2.1/../../../../arm-none-eabi/lib/thumb/v7e-m+fp/softfp\libc_nano.a(lib_a-impure.o)
 .ARM.attributes
                0x000002af       0x32 c:/siliconlabs/simplicitystudio/v5/developer/toolchains/gnu_arm/10.2_2020q4/bin/../lib/gcc/arm-none-eabi/10.2.1/../../../../arm-none-eabi/lib/thumb/v7e-m+fp/softfp\libc_nano.a(lib_a-init.o)
 .ARM.attributes
                0x000002e1       0x32 c:/siliconlabs/simplicitystudio/v5/developer/toolchains/gnu_arm/10.2_2020q4/bin/../lib/gcc/arm-none-eabi/10.2.1/../../../../arm-none-eabi/lib/thumb/v7e-m+fp/softfp\libc_nano.a(lib_a-memset.o)
 .ARM.attributes
                0x00000313       0x32 c:/siliconlabs/simplicitystudio/v5/developer/toolchains/gnu_arm/10.2_2020q4/bin/../lib/gcc/arm-none-eabi/10.2.1/../../../../arm-none-eabi/lib/thumb/v7e-m+fp/softfp\libnosys.a(_exit.o)
 .ARM.attributes
                0x00000345       0x30 c:/siliconlabs/simplicitystudio/v5/developer/toolchains/gnu_arm/10.2_2020q4/bin/../lib/gcc/arm-none-eabi/10.2.1/thumb/v7e-m+fp/softfp/crtend.o
 .ARM.attributes
                0x00000375       0x1e c:/siliconlabs/simplicitystudio/v5/developer/toolchains/gnu_arm/10.2_2020q4/bin/../lib/gcc/arm-none-eabi/10.2.1/thumb/v7e-m+fp/softfp/crtn.o

.comment        0x00000000       0x4d
 .comment       0x00000000       0x4d ./CMSIS/EFR32FG14P/system_efr32fg14p.o
                                 0x4e (size before relaxing)
 .comment       0x0000004d       0x4e ./emlib/em_adc.o
 .comment       0x0000004d       0x4e ./emlib/em_cmu.o
 .comment       0x0000004d       0x4e ./emlib/em_core.o
 .comment       0x0000004d       0x4e ./emlib/em_emu.o
 .comment       0x0000004d       0x4e ./emlib/em_gpio.o
 .comment       0x0000004d       0x4e ./emlib/em_ldma.o
 .comment       0x0000004d       0x4e ./emlib/em_prs.o
 .comment       0x0000004d       0x4e ./src/main_gg11_xg14.o

.debug_line     0x00000000     0xbf0a
 .debug_line    0x00000000       0xcc ./CMSIS/EFR32FG14P/startup_efr32fg14p.o
 .debug_line    0x000000cc      0xa4e ./CMSIS/EFR32FG14P/system_efr32fg14p.o
 .debug_line    0x00000b1a     0x1306 ./emlib/em_adc.o
 .debug_line    0x00001e20     0x36bd ./emlib/em_cmu.o
 .debug_line    0x000054dd      0xdf1 ./emlib/em_core.o
 .debug_line    0x000062ce     0x2967 ./emlib/em_emu.o
 .debug_line    0x00008c35      0xe55 ./emlib/em_gpio.o
 .debug_line    0x00009a8a      0xcec ./emlib/em_ldma.o
 .debug_line    0x0000a776      0xaa8 ./emlib/em_prs.o
 .debug_line    0x0000b21e      0xcec ./src/main_gg11_xg14.o

.debug_info     0x00000000    0x11da0
 .debug_info    0x00000000       0x26 ./CMSIS/EFR32FG14P/startup_efr32fg14p.o
 .debug_info    0x00000026      0xaab ./CMSIS/EFR32FG14P/system_efr32fg14p.o
 .debug_info    0x00000ad1     0x20f6 ./emlib/em_adc.o
 .debug_info    0x00002bc7     0x4cf4 ./emlib/em_cmu.o
 .debug_info    0x000078bb      0xea7 ./emlib/em_core.o
 .debug_info    0x00008762     0x3ae3 ./emlib/em_emu.o
 .debug_info    0x0000c245     0x1183 ./emlib/em_gpio.o
 .debug_info    0x0000d3c8     0x1592 ./emlib/em_ldma.o
 .debug_info    0x0000e95a      0x8c5 ./emlib/em_prs.o
 .debug_info    0x0000f21f     0x2b81 ./src/main_gg11_xg14.o

.debug_abbrev   0x00000000     0x215d
 .debug_abbrev  0x00000000       0x14 ./CMSIS/EFR32FG14P/startup_efr32fg14p.o
 .debug_abbrev  0x00000014      0x262 ./CMSIS/EFR32FG14P/system_efr32fg14p.o
 .debug_abbrev  0x00000276      0x3a7 ./emlib/em_adc.o
 .debug_abbrev  0x0000061d      0x579 ./emlib/em_cmu.o
 .debug_abbrev  0x00000b96      0x363 ./emlib/em_core.o
 .debug_abbrev  0x00000ef9      0x543 ./emlib/em_emu.o
 .debug_abbrev  0x0000143c      0x38c ./emlib/em_gpio.o
 .debug_abbrev  0x000017c8      0x3fe ./emlib/em_ldma.o
 .debug_abbrev  0x00001bc6      0x28d ./emlib/em_prs.o
 .debug_abbrev  0x00001e53      0x30a ./src/main_gg11_xg14.o

.debug_aranges  0x00000000      0x540
 .debug_aranges
                0x00000000       0x20 ./CMSIS/EFR32FG14P/startup_efr32fg14p.o
 .debug_aranges
                0x00000020       0x68 ./CMSIS/EFR32FG14P/system_efr32fg14p.o
 .debug_aranges
                0x00000088       0x70 ./emlib/em_adc.o
 .debug_aranges
                0x000000f8      0x130 ./emlib/em_cmu.o
 .debug_aranges
                0x00000228       0xb8 ./emlib/em_core.o
 .debug_aranges
                0x000002e0      0x138 ./emlib/em_emu.o
 .debug_aranges
                0x00000418       0x50 ./emlib/em_gpio.o
 .debug_aranges
                0x00000468       0x50 ./emlib/em_ldma.o
 .debug_aranges
                0x000004b8       0x48 ./emlib/em_prs.o
 .debug_aranges
                0x00000500       0x40 ./src/main_gg11_xg14.o

.debug_str      0x00000000   0x14185d
 .debug_str     0x00000000       0xed ./CMSIS/EFR32FG14P/startup_efr32fg14p.o
 .debug_str     0x000000ed   0x12ff47 ./CMSIS/EFR32FG14P/system_efr32fg14p.o
                             0x130e8a (size before relaxing)
 .debug_str     0x00130034     0x5477 ./emlib/em_adc.o
                             0x135f2c (size before relaxing)
 .debug_str     0x001354ab     0x30bd ./emlib/em_cmu.o
                             0x136682 (size before relaxing)
 .debug_str     0x00138568      0x5e8 ./emlib/em_core.o
                             0x131a90 (size before relaxing)
 .debug_str     0x00138b50     0x1433 ./emlib/em_emu.o
                             0x136b50 (size before relaxing)
 .debug_str     0x00139f83      0x4fe ./emlib/em_gpio.o
                             0x13233c (size before relaxing)
 .debug_str     0x0013a481     0x3341 ./emlib/em_ldma.o
                             0x1365d3 (size before relaxing)
 .debug_str     0x0013d7c2      0xe44 ./emlib/em_prs.o
                             0x132d13 (size before relaxing)
 .debug_str     0x0013e606     0x3257 ./src/main_gg11_xg14.o
                             0x13dc8e (size before relaxing)

.debug_loc      0x00000000     0xa2dd
 .debug_loc     0x00000000      0x1c9 ./CMSIS/EFR32FG14P/system_efr32fg14p.o
 .debug_loc     0x000001c9     0x10e5 ./emlib/em_adc.o
 .debug_loc     0x000012ae     0x475b ./emlib/em_cmu.o
 .debug_loc     0x00005a09      0x769 ./emlib/em_core.o
 .debug_loc     0x00006172     0x28fa ./emlib/em_emu.o
 .debug_loc     0x00008a6c      0xca2 ./emlib/em_gpio.o
 .debug_loc     0x0000970e      0x5e2 ./emlib/em_ldma.o
 .debug_loc     0x00009cf0      0x47b ./emlib/em_prs.o
 .debug_loc     0x0000a16b      0x172 ./src/main_gg11_xg14.o

.debug_ranges   0x00000000     0x1dd8
 .debug_ranges  0x00000000       0x58 ./CMSIS/EFR32FG14P/system_efr32fg14p.o
 .debug_ranges  0x00000058      0x118 ./emlib/em_adc.o
 .debug_ranges  0x00000170      0xd90 ./emlib/em_cmu.o
 .debug_ranges  0x00000f00      0x198 ./emlib/em_core.o
 .debug_ranges  0x00001098      0x990 ./emlib/em_emu.o
 .debug_ranges  0x00001a28      0x1e8 ./emlib/em_gpio.o
 .debug_ranges  0x00001c10       0xf0 ./emlib/em_ldma.o
 .debug_ranges  0x00001d00       0x78 ./emlib/em_prs.o
 .debug_ranges  0x00001d78       0x60 ./src/main_gg11_xg14.o

.debug_macro    0x00000000    0x2f97b
 .debug_macro   0x00000000      0x278 ./CMSIS/EFR32FG14P/system_efr32fg14p.o
 .debug_macro   0x00000278      0xa66 ./CMSIS/EFR32FG14P/system_efr32fg14p.o
 .debug_macro   0x00000cde       0x22 ./CMSIS/EFR32FG14P/system_efr32fg14p.o
 .debug_macro   0x00000d00       0x56 ./CMSIS/EFR32FG14P/system_efr32fg14p.o
 .debug_macro   0x00000d56       0x51 ./CMSIS/EFR32FG14P/system_efr32fg14p.o
 .debug_macro   0x00000da7      0x103 ./CMSIS/EFR32FG14P/system_efr32fg14p.o
 .debug_macro   0x00000eaa       0x6a ./CMSIS/EFR32FG14P/system_efr32fg14p.o
 .debug_macro   0x00000f14      0x1df ./CMSIS/EFR32FG14P/system_efr32fg14p.o
 .debug_macro   0x000010f3      0x44f ./CMSIS/EFR32FG14P/system_efr32fg14p.o
 .debug_macro   0x00001542       0x1c ./CMSIS/EFR32FG14P/system_efr32fg14p.o
 .debug_macro   0x0000155e       0x22 ./CMSIS/EFR32FG14P/system_efr32fg14p.o
 .debug_macro   0x00001580       0xd9 ./CMSIS/EFR32FG14P/system_efr32fg14p.o
 .debug_macro   0x00001659      0xff5 ./CMSIS/EFR32FG14P/system_efr32fg14p.o
 .debug_macro   0x0000264e       0xe2 ./CMSIS/EFR32FG14P/system_efr32fg14p.o
 .debug_macro   0x00002730      0xcd6 ./CMSIS/EFR32FG14P/system_efr32fg14p.o
 .debug_macro   0x00003406     0x201c ./CMSIS/EFR32FG14P/system_efr32fg14p.o
 .debug_macro   0x00005422      0x329 ./CMSIS/EFR32FG14P/system_efr32fg14p.o
 .debug_macro   0x0000574b     0x3269 ./CMSIS/EFR32FG14P/system_efr32fg14p.o
 .debug_macro   0x000089b4     0x1b2e ./CMSIS/EFR32FG14P/system_efr32fg14p.o
 .debug_macro   0x0000a4e2     0x2172 ./CMSIS/EFR32FG14P/system_efr32fg14p.o
 .debug_macro   0x0000c654     0x19bb ./CMSIS/EFR32FG14P/system_efr32fg14p.o
 .debug_macro   0x0000e00f      0xca3 ./CMSIS/EFR32FG14P/system_efr32fg14p.o
 .debug_macro   0x0000ecb2      0x344 ./CMSIS/EFR32FG14P/system_efr32fg14p.o
 .debug_macro   0x0000eff6      0x29d ./CMSIS/EFR32FG14P/system_efr32fg14p.o
 .debug_macro   0x0000f293     0x2786 ./CMSIS/EFR32FG14P/system_efr32fg14p.o
 .debug_macro   0x00011a19     0x31cc ./CMSIS/EFR32FG14P/system_efr32fg14p.o
 .debug_macro   0x00014be5     0x136b ./CMSIS/EFR32FG14P/system_efr32fg14p.o
 .debug_macro   0x00015f50      0xde2 ./CMSIS/EFR32FG14P/system_efr32fg14p.o
 .debug_macro   0x00016d32      0x249 ./CMSIS/EFR32FG14P/system_efr32fg14p.o
 .debug_macro   0x00016f7b     0x1042 ./CMSIS/EFR32FG14P/system_efr32fg14p.o
 .debug_macro   0x00017fbd     0x1605 ./CMSIS/EFR32FG14P/system_efr32fg14p.o
 .debug_macro   0x000195c2     0x3cb7 ./CMSIS/EFR32FG14P/system_efr32fg14p.o
 .debug_macro   0x0001d279     0x23fc ./CMSIS/EFR32FG14P/system_efr32fg14p.o
 .debug_macro   0x0001f675     0x2479 ./CMSIS/EFR32FG14P/system_efr32fg14p.o
 .debug_macro   0x00021aee     0x2efb ./CMSIS/EFR32FG14P/system_efr32fg14p.o
 .debug_macro   0x000249e9      0xfaf ./CMSIS/EFR32FG14P/system_efr32fg14p.o
 .debug_macro   0x00025998      0x6c3 ./CMSIS/EFR32FG14P/system_efr32fg14p.o
 .debug_macro   0x0002605b      0x65d ./CMSIS/EFR32FG14P/system_efr32fg14p.o
 .debug_macro   0x000266b8      0x731 ./CMSIS/EFR32FG14P/system_efr32fg14p.o
 .debug_macro   0x00026de9      0x4ff ./CMSIS/EFR32FG14P/system_efr32fg14p.o
 .debug_macro   0x000272e8     0x1a91 ./CMSIS/EFR32FG14P/system_efr32fg14p.o
 .debug_macro   0x00028d79       0x40 ./CMSIS/EFR32FG14P/system_efr32fg14p.o
 .debug_macro   0x00028db9      0x25e ./CMSIS/EFR32FG14P/system_efr32fg14p.o
 .debug_macro   0x00029017      0x2ee ./CMSIS/EFR32FG14P/system_efr32fg14p.o
 .debug_macro   0x00029305      0x10c ./CMSIS/EFR32FG14P/system_efr32fg14p.o
 .debug_macro   0x00029411     0x29fd ./CMSIS/EFR32FG14P/system_efr32fg14p.o
 .debug_macro   0x0002be0e      0x22a ./CMSIS/EFR32FG14P/system_efr32fg14p.o
 .debug_macro   0x0002c038      0x22a ./CMSIS/EFR32FG14P/system_efr32fg14p.o
 .debug_macro   0x0002c262      0x34d ./emlib/em_adc.o
 .debug_macro   0x0002c5af       0x22 ./emlib/em_adc.o
 .debug_macro   0x0002c5d1       0x51 ./emlib/em_adc.o
 .debug_macro   0x0002c622       0x10 ./emlib/em_adc.o
 .debug_macro   0x0002c632       0x7e ./emlib/em_adc.o
 .debug_macro   0x0002c6b0       0xfc ./emlib/em_adc.o
 .debug_macro   0x0002c7ac       0xea ./emlib/em_adc.o
 .debug_macro   0x0002c896      0x35a ./emlib/em_adc.o
 .debug_macro   0x0002cbf0      0x16d ./emlib/em_adc.o
 .debug_macro   0x0002cd5d      0x3b3 ./emlib/em_cmu.o
 .debug_macro   0x0002d110       0x64 ./emlib/em_cmu.o
 .debug_macro   0x0002d174      0x356 ./emlib/em_cmu.o
 .debug_macro   0x0002d4ca       0x7c ./emlib/em_cmu.o
 .debug_macro   0x0002d546       0x17 ./emlib/em_cmu.o
 .debug_macro   0x0002d55d       0xee ./emlib/em_cmu.o
 .debug_macro   0x0002d64b       0x8d ./emlib/em_cmu.o
 .debug_macro   0x0002d6d8      0x296 ./emlib/em_core.o
 .debug_macro   0x0002d96e       0x78 ./emlib/em_core.o
 .debug_macro   0x0002d9e6      0x3e4 ./emlib/em_emu.o
 .debug_macro   0x0002ddca       0x5e ./emlib/em_emu.o
 .debug_macro   0x0002de28       0x5c ./emlib/em_emu.o
 .debug_macro   0x0002de84       0x87 ./emlib/em_emu.o
 .debug_macro   0x0002df0b       0x34 ./emlib/em_emu.o
 .debug_macro   0x0002df3f      0x2a3 ./emlib/em_gpio.o
 .debug_macro   0x0002e1e2       0xe4 ./emlib/em_gpio.o
 .debug_macro   0x0002e2c6      0x2ce ./emlib/em_ldma.o
 .debug_macro   0x0002e594       0xc8 ./emlib/em_ldma.o
 .debug_macro   0x0002e65c      0x2ef ./emlib/em_prs.o
 .debug_macro   0x0002e94b       0x22 ./emlib/em_prs.o
 .debug_macro   0x0002e96d      0x42b ./src/main_gg11_xg14.o
 .debug_macro   0x0002ed98       0x18 ./src/main_gg11_xg14.o
 .debug_macro   0x0002edb0       0x35 ./src/main_gg11_xg14.o
 .debug_macro   0x0002ede5       0x34 ./src/main_gg11_xg14.o
 .debug_macro   0x0002ee19       0x16 ./src/main_gg11_xg14.o
 .debug_macro   0x0002ee2f       0x57 ./src/main_gg11_xg14.o
 .debug_macro   0x0002ee86       0x97 ./src/main_gg11_xg14.o
 .debug_macro   0x0002ef1d       0xf6 ./src/main_gg11_xg14.o
 .debug_macro   0x0002f013       0x10 ./src/main_gg11_xg14.o
 .debug_macro   0x0002f023       0x16 ./src/main_gg11_xg14.o
 .debug_macro   0x0002f039       0x43 ./src/main_gg11_xg14.o
 .debug_macro   0x0002f07c       0x34 ./src/main_gg11_xg14.o
 .debug_macro   0x0002f0b0       0x10 ./src/main_gg11_xg14.o
 .debug_macro   0x0002f0c0       0x58 ./src/main_gg11_xg14.o
 .debug_macro   0x0002f118      0x182 ./src/main_gg11_xg14.o
 .debug_macro   0x0002f29a       0x10 ./src/main_gg11_xg14.o
 .debug_macro   0x0002f2aa       0xb2 ./src/main_gg11_xg14.o
 .debug_macro   0x0002f35c       0x16 ./src/main_gg11_xg14.o
 .debug_macro   0x0002f372      0x129 ./src/main_gg11_xg14.o
 .debug_macro   0x0002f49b      0x102 ./src/main_gg11_xg14.o
 .debug_macro   0x0002f59d       0x57 ./src/main_gg11_xg14.o
 .debug_macro   0x0002f5f4       0xce ./src/main_gg11_xg14.o
 .debug_macro   0x0002f6c2      0x118 ./src/main_gg11_xg14.o
 .debug_macro   0x0002f7da       0x76 ./src/main_gg11_xg14.o
 .debug_macro   0x0002f850       0xf1 ./src/main_gg11_xg14.o
 .debug_macro   0x0002f941       0x3a ./src/main_gg11_xg14.o

.debug_frame    0x00000000      0xefc
 .debug_frame   0x00000000       0xc8 ./CMSIS/EFR32FG14P/system_efr32fg14p.o
 .debug_frame   0x000000c8      0x140 ./emlib/em_adc.o
 .debug_frame   0x00000208      0x370 ./emlib/em_cmu.o
 .debug_frame   0x00000578      0x204 ./emlib/em_core.o
 .debug_frame   0x0000077c      0x42c ./emlib/em_emu.o
 .debug_frame   0x00000ba8       0xcc ./emlib/em_gpio.o
 .debug_frame   0x00000c74       0xcc ./emlib/em_ldma.o
 .debug_frame   0x00000d40       0x88 ./emlib/em_prs.o
 .debug_frame   0x00000dc8       0xa0 ./src/main_gg11_xg14.o
 .debug_frame   0x00000e68       0x28 c:/siliconlabs/simplicitystudio/v5/developer/toolchains/gnu_arm/10.2_2020q4/bin/../lib/gcc/arm-none-eabi/10.2.1/../../../../arm-none-eabi/lib/thumb/v7e-m+fp/softfp\libc_nano.a(lib_a-exit.o)
 .debug_frame   0x00000e90       0x2c c:/siliconlabs/simplicitystudio/v5/developer/toolchains/gnu_arm/10.2_2020q4/bin/../lib/gcc/arm-none-eabi/10.2.1/../../../../arm-none-eabi/lib/thumb/v7e-m+fp/softfp\libc_nano.a(lib_a-init.o)
 .debug_frame   0x00000ebc       0x20 c:/siliconlabs/simplicitystudio/v5/developer/toolchains/gnu_arm/10.2_2020q4/bin/../lib/gcc/arm-none-eabi/10.2.1/../../../../arm-none-eabi/lib/thumb/v7e-m+fp/softfp\libc_nano.a(lib_a-memset.o)
 .debug_frame   0x00000edc       0x20 c:/siliconlabs/simplicitystudio/v5/developer/toolchains/gnu_arm/10.2_2020q4/bin/../lib/gcc/arm-none-eabi/10.2.1/../../../../arm-none-eabi/lib/thumb/v7e-m+fp/softfp\libnosys.a(_exit.o)
